Archive member included to satisfy reference by file (symbol)

c:/Users/spayr/Documents/eclipseworkspace/MAX32660/I2C_Memory/build/PeriphDriver/PeriphDriver.a(uart.o)
                              c:/Users/spayr/Documents/eclipseworkspace/MAX32660/I2C_Memory/build/board.o (UART_Init)
c:/Users/spayr/Documents/eclipseworkspace/MAX32660/I2C_Memory/build/PeriphDriver/PeriphDriver.a(gpio.o)
                              c:/Users/spayr/Documents/eclipseworkspace/MAX32660/I2C_Memory/build/led.o (GPIO_Config)
c:/Users/spayr/Documents/eclipseworkspace/MAX32660/I2C_Memory/build/PeriphDriver/PeriphDriver.a(i2c.o)
                              c:/Users/spayr/Documents/eclipseworkspace/MAX32660/I2C_Memory/build/main.o (I2C_Init)
c:/Users/spayr/Documents/eclipseworkspace/MAX32660/I2C_Memory/build/PeriphDriver/PeriphDriver.a(mxc_delay.o)
                              c:/Users/spayr/Documents/eclipseworkspace/MAX32660/I2C_Memory/build/rom_stub.o (SysTick_Handler)
c:/Users/spayr/Documents/eclipseworkspace/MAX32660/I2C_Memory/build/PeriphDriver/PeriphDriver.a(mxc_lock.o)
                              c:/Users/spayr/Documents/eclipseworkspace/MAX32660/I2C_Memory/build/PeriphDriver/PeriphDriver.a(uart.o) (mxc_get_lock)
c:/Users/spayr/Documents/eclipseworkspace/MAX32660/I2C_Memory/build/PeriphDriver/PeriphDriver.a(mxc_sys.o)
                              c:/Users/spayr/Documents/eclipseworkspace/MAX32660/I2C_Memory/build/system_max32660.o (SYS_Clock_Select)
c:/Users/spayr/Documents/eclipseworkspace/MAX32660/I2C_Memory/build/PeriphDriver/PeriphDriver.a(mxc_pins.o)
                              c:/Users/spayr/Documents/eclipseworkspace/MAX32660/I2C_Memory/build/PeriphDriver/PeriphDriver.a(mxc_sys.o) (gpio_cfg_rtc)
c:/Users/spayr/Documents/eclipseworkspace/MAX32660/I2C_Memory/build/PeriphDriver/PeriphDriver.a(rtc.o)
                              c:/Users/spayr/Documents/eclipseworkspace/MAX32660/I2C_Memory/build/PeriphDriver/PeriphDriver.a(mxc_sys.o) (RTC_EnableRTCE)
c:/maxim/toolchain/bin/../lib/gcc/arm-none-eabi/6.3.1/../../../../arm-none-eabi/lib/thumb/v7e-m/fpv4-sp/hard\libc.a(lib_a-errno.o)
                              c:/Users/spayr/Documents/eclipseworkspace/MAX32660/I2C_Memory/build/stdio.o (__errno)
c:/maxim/toolchain/bin/../lib/gcc/arm-none-eabi/6.3.1/../../../../arm-none-eabi/lib/thumb/v7e-m/fpv4-sp/hard\libc.a(lib_a-exit.o)
                              c:/maxim/toolchain/bin/../lib/gcc/arm-none-eabi/6.3.1/../../../../arm-none-eabi/lib/thumb/v7e-m/fpv4-sp/hard/crt0.o (exit)
c:/maxim/toolchain/bin/../lib/gcc/arm-none-eabi/6.3.1/../../../../arm-none-eabi/lib/thumb/v7e-m/fpv4-sp/hard\libc.a(lib_a-impure.o)
                              c:/maxim/toolchain/bin/../lib/gcc/arm-none-eabi/6.3.1/../../../../arm-none-eabi/lib/thumb/v7e-m/fpv4-sp/hard\libc.a(lib_a-exit.o) (_global_impure_ptr)
c:/maxim/toolchain/bin/../lib/gcc/arm-none-eabi/6.3.1/../../../../arm-none-eabi/lib/thumb/v7e-m/fpv4-sp/hard\libc.a(lib_a-init.o)
                              c:/maxim/toolchain/bin/../lib/gcc/arm-none-eabi/6.3.1/../../../../arm-none-eabi/lib/thumb/v7e-m/fpv4-sp/hard/crt0.o (__libc_init_array)
c:/maxim/toolchain/bin/../lib/gcc/arm-none-eabi/6.3.1/../../../../arm-none-eabi/lib/thumb/v7e-m/fpv4-sp/hard\libc.a(lib_a-memset.o)
                              c:/maxim/toolchain/bin/../lib/gcc/arm-none-eabi/6.3.1/../../../../arm-none-eabi/lib/thumb/v7e-m/fpv4-sp/hard/crt0.o (memset)
c:/maxim/toolchain/bin/../lib/gcc/arm-none-eabi/6.3.1/../../../../arm-none-eabi/lib/thumb/v7e-m/fpv4-sp/hard\libc.a(lib_a-printf.o)
                              c:/Users/spayr/Documents/eclipseworkspace/MAX32660/I2C_Memory/build/main.o (printf)
c:/maxim/toolchain/bin/../lib/gcc/arm-none-eabi/6.3.1/../../../../arm-none-eabi/lib/thumb/v7e-m/fpv4-sp/hard\libc.a(lib_a-putchar.o)
                              c:/Users/spayr/Documents/eclipseworkspace/MAX32660/I2C_Memory/build/main.o (putchar)
c:/maxim/toolchain/bin/../lib/gcc/arm-none-eabi/6.3.1/../../../../arm-none-eabi/lib/thumb/v7e-m/fpv4-sp/hard\libc.a(lib_a-puts.o)
                              c:/Users/spayr/Documents/eclipseworkspace/MAX32660/I2C_Memory/build/main.o (puts)
c:/maxim/toolchain/bin/../lib/gcc/arm-none-eabi/6.3.1/../../../../arm-none-eabi/lib/thumb/v7e-m/fpv4-sp/hard\libc.a(lib_a-strlen.o)
                              c:/maxim/toolchain/bin/../lib/gcc/arm-none-eabi/6.3.1/../../../../arm-none-eabi/lib/thumb/v7e-m/fpv4-sp/hard\libc.a(lib_a-puts.o) (strlen)
c:/maxim/toolchain/bin/../lib/gcc/arm-none-eabi/6.3.1/../../../../arm-none-eabi/lib/thumb/v7e-m/fpv4-sp/hard\libc.a(lib_a-vfprintf.o)
                              c:/maxim/toolchain/bin/../lib/gcc/arm-none-eabi/6.3.1/../../../../arm-none-eabi/lib/thumb/v7e-m/fpv4-sp/hard\libc.a(lib_a-printf.o) (_vfprintf_r)
c:/maxim/toolchain/bin/../lib/gcc/arm-none-eabi/6.3.1/../../../../arm-none-eabi/lib/thumb/v7e-m/fpv4-sp/hard\libc.a(lib_a-wsetup.o)
[...]
Memory Configuration

Name             Origin             Length             Attributes
FLASH            0x00000000         0x00040000         xr
SRAM             0x20000000         0x00018000         xrw
*default*        0x00000000         0xffffffff

Linker script and memory map

LOAD c:/maxim/toolchain/bin/../lib/gcc/arm-none-eabi/6.3.1/thumb/v7e-m/fpv4-sp/hard/crti.o
LOAD c:/maxim/toolchain/bin/../lib/gcc/arm-none-eabi/6.3.1/thumb/v7e-m/fpv4-sp/hard/crtbegin.o
LOAD c:/maxim/toolchain/bin/../lib/gcc/arm-none-eabi/6.3.1/../../../../arm-none-eabi/lib/thumb/v7e-m/fpv4-sp/hard/crt0.o
LOAD c:/Users/spayr/Documents/eclipseworkspace/MAX32660/I2C_Memory/build/main.o
LOAD c:/Users/spayr/Documents/eclipseworkspace/MAX32660/I2C_Memory/build/board.o
LOAD c:/Users/spayr/Documents/eclipseworkspace/MAX32660/I2C_Memory/build/stdio.o
LOAD c:/Users/spayr/Documents/eclipseworkspace/MAX32660/I2C_Memory/build/led.o
LOAD c:/Users/spayr/Documents/eclipseworkspace/MAX32660/I2C_Memory/build/pb.o
LOAD c:/Users/spayr/Documents/eclipseworkspace/MAX32660/I2C_Memory/build/rom_stub.o
LOAD c:/Users/spayr/Documents/eclipseworkspace/MAX32660/I2C_Memory/build/startup_max32660.o
LOAD c:/Users/spayr/Documents/eclipseworkspace/MAX32660/I2C_Memory/build/heap.o
LOAD c:/Users/spayr/Documents/eclipseworkspace/MAX32660/I2C_Memory/build/system_max32660.o
START GROUP
LOAD c:/Users/spayr/Documents/eclipseworkspace/MAX32660/I2C_Memory/build/PeriphDriver/PeriphDriver.a
LOAD c:/maxim/toolchain/bin/../lib/gcc/arm-none-eabi/6.3.1/../../../../arm-none-eabi/lib/thumb/v7e-m/fpv4-sp/hard\libc.a
LOAD c:/maxim/toolchain/bin/../lib/gcc/arm-none-eabi/6.3.1/../../../../arm-none-eabi/lib/thumb/v7e-m/fpv4-sp/hard\libm.a
LOAD c:/maxim/toolchain/bin/../lib/gcc/arm-none-eabi/6.3.1/../../../../arm-none-eabi/lib/thumb/v7e-m/fpv4-sp/hard\libnosys.a
END GROUP
START GROUP
LOAD c:/maxim/toolchain/bin/../lib/gcc/arm-none-eabi/6.3.1/thumb/v7e-m/fpv4-sp/hard\libgcc.a
LOAD c:/maxim/toolchain/bin/../lib/gcc/arm-none-eabi/6.3.1/../../../../arm-none-eabi/lib/thumb/v7e-m/fpv4-sp/hard\libc.a
END GROUP
LOAD c:/maxim/toolchain/bin/../lib/gcc/arm-none-eabi/6.3.1/thumb/v7e-m/fpv4-sp/hard/crtend.o
LOAD c:/maxim/toolchain/bin/../lib/gcc/arm-none-eabi/6.3.1/thumb/v7e-m/fpv4-sp/hard/crtn.o

.text           0x00000000     0x78e4
                0x00000000                _text = .
 *(.isr_vector)
 .isr_vector    0x00000000      0x11c c:/Users/spayr/Documents/eclipseworkspace/MAX32660/I2C_Memory/build/startup_max32660.o
                0x00000000                __isr_vector
 *(.text*)
 .text          0x0000011c       0x6c c:/maxim/toolchain/bin/../lib/gcc/arm-none-eabi/6.3.1/thumb/v7e-m/fpv4-sp/hard/crtbegin.o
 .text.i2c_callback
                0x00000188        0xc c:/Users/spayr/Documents/eclipseworkspace/MAX32660/I2C_Memory/build/main.o
                0x00000188                i2c_callback
 .text.I2C0_IRQHandler
                0x00000194       0x10 c:/Users/spayr/Documents/eclipseworkspace/MAX32660/I2C_Memory/build/main.o
                0x00000194                I2C0_IRQHandler
 .text.I2C_ByteWrite
                0x000001a4       0x7c c:/Users/spayr/Documents/eclipseworkspace/MAX32660/I2C_Memory/build/main.o
                0x000001a4                I2C_ByteWrite
 .text.I2C_ByteRead
                0x00000220       0x94 c:/Users/spayr/Documents/eclipseworkspace/MAX32660/I2C_Memory/build/main.o
                0x00000220                I2C_ByteRead
 .text.I2C_BufferWrite
                0x000002b4       0x98 c:/Users/spayr/Documents/eclipseworkspace/MAX32660/I2C_Memory/build/main.o
                0x000002b4                I2C_BufferWrite
 .text.print_buffer
                0x0000034c       0x24 c:/Users/spayr/Documents/eclipseworkspace/MAX32660/I2C_Memory/build/main.o
                0x0000034c                print_buffer
 .text.I2C_BufferRead
                0x00000370       0x8c c:/Users/spayr/Documents/eclipseworkspace/MAX32660/I2C_Memory/build/main.o
                0x00000370                I2C_BufferRead
 .text.main     0x000003fc      0x128 c:/Users/spayr/Documents/eclipseworkspace/MAX32660/I2C_Memory/build/main.o
                0x000003fc                main
 .text.mxc_assert
                0x00000524       0x10 c:/Users/spayr/Documents/eclipseworkspace/MAX32660/I2C_Memory/build/board.o
                0x00000524                mxc_assert
 .text.Console_Init
                0x00000534       0x1c c:/Users/spayr/Documents/eclipseworkspace/MAX32660/I2C_Memory/build/board.o
                0x00000534                Console_Init
 .text.Board_Init
                0x00000550       0x6c c:/Users/spayr/Documents/eclipseworkspace/MAX32660/I2C_Memory/build/board.o
                0x00000550                Board_Init
 .text.NMI_Handler
                0x000005bc        0x4 c:/Users/spayr/Documents/eclipseworkspace/MAX32660/I2C_Memory/build/board.o
                0x000005bc                NMI_Handler
 .text._close   0x000005c0        0x6 c:/Users/spayr/Documents/eclipseworkspace/MAX32660/I2C_Memory/build/stdio.o
                0x000005c0                _close
 .text._isatty  0x000005c6        0x6 c:/Users/spayr/Documents/eclipseworkspace/MAX32660/I2C_Memory/build/stdio.o
                0x000005c6                _isatty
 .text._lseek   0x000005cc        0x6 c:/Users/spayr/Documents/eclipseworkspace/MAX32660/I2C_Memory/build/stdio.o
                0x000005cc                _lseek
 .text._fstat   0x000005d2        0x6 c:/Users/spayr/Documents/eclipseworkspace/MAX32660/I2C_Memory/build/stdio.o
                0x000005d2                _fstat
 .text._read    0x000005d8       0x5c c:/Users/spayr/Documents/eclipseworkspace/MAX32660/I2C_Memory/build/stdio.o
                0x000005d8                _read
 .text._write   0x00000634       0x50 c:/Users/spayr/Documents/eclipseworkspace/MAX32660/I2C_Memory/build/stdio.o
                0x00000634                _write
 .text.LED_Off  0x00000684       0x38 c:/Users/spayr/Documents/eclipseworkspace/MAX32660/I2C_Memory/build/led.o
                0x00000684                LED_Off
 .text.LED_Init
                0x000006bc       0x3c c:/Users/spayr/Documents/eclipseworkspace/MAX32660/I2C_Memory/build/led.o
                0x000006bc                LED_Init
 .text.PB_Init  0x000006f8       0x34 c:/Users/spayr/Documents/eclipseworkspace/MAX32660/I2C_Memory/build/pb.o
                0x000006f8                PB_Init
 .text.GPIO0_IRQHandler
                0x0000072c        0xa c:/Users/spayr/Documents/eclipseworkspace/MAX32660/I2C_Memory/build/pb.o
                0x0000072c                GPIO0_IRQHandler
 *fill*         0x00000736        0x2 
 .text          0x00000738       0xe4 c:/Users/spayr/Documents/eclipseworkspace/MAX32660/I2C_Memory/build/startup_max32660.o
                0x00000738                Reset_Handler
                0x00000776                HardFault_Handler
                0x00000778                MemManage_Handler
                0x0000077a                BusFault_Handler
                0x0000077c                UsageFault_Handler
                0x0000077e                SVC_Handler
                0x00000780                DebugMon_Handler
                0x00000782                PendSV_Handler
                0x00000784                Default_Handler
                0x00000786                PF_IRQHandler
                0x00000788                WDT0_IRQHandler
                0x0000078a                RSV00_IRQHandler
                0x0000078c                RTC_IRQHandler
                0x0000078e                RSV1_IRQHandler
                0x00000790                TMR0_IRQHandler
                0x00000792                TMR1_IRQHandler
                0x00000794                TMR2_IRQHandler
                0x00000796                RSV02_IRQHandler
                0x00000798                RSV03_IRQHandler
                0x0000079a                RSV04_IRQHandler
                0x0000079c                RSV05_IRQHandler
                0x0000079e                RSV06_IRQHandler
                0x000007a2                UART0_IRQHandler
                0x000007a4                UART1_IRQHandler
                0x000007a6                SPI0_IRQHandler
                0x000007a8                SPI1_IRQHandler
                0x000007aa                RSV07_IRQHandler
                0x000007ac                RSV08_IRQHandler
                0x000007ae                RSV09_IRQHandler
                0x000007b0                RSV10_IRQHandler
                0x000007b2                RSV11_IRQHandler
                0x000007b4                FLC_IRQHandler
                0x000007b8                RSV12_IRQHandler
                0x000007ba                RSV13_IRQHandler
                0x000007bc                RSV14_IRQHandler
                0x000007be                DMA0_IRQHandler
                0x000007c0                DMA1_IRQHandler
                0x000007c2                DMA2_IRQHandler
                0x000007c4                DMA3_IRQHandler
                0x000007c6                RSV15_IRQHandler
                0x000007c8                RSV16_IRQHandler
                0x000007ca                RSV17_IRQHandler
                0x000007cc                RSV18_IRQHandler
                0x000007ce                I2C1_IRQHandler
                0x000007d0                RSV19_IRQHandler
                0x000007d2                RSV20_IRQHandler
                0x000007d4                RSV21_IRQHandler
                0x000007d6                RSV22_IRQHandler
                0x000007d8                RSV23_IRQHandler
                0x000007da                RSV24_IRQHandler
                0x000007dc                RSV25_IRQHandler
                0x000007de                RSV26_IRQHandler
                0x000007e0                RSV27_IRQHandler
                0x000007e2                RSV28_IRQHandler
                0x000007e4                RSV29_IRQHandler
                0x000007e6                RSV30_IRQHandler
                0x000007e8                RSV31_IRQHandler
                0x000007ea                RSV32_IRQHandler
                0x000007ec                RSV33_IRQHandler
                0x000007ee                RSV34_IRQHandler
                0x000007f0                RSV35_IRQHandler
                0x000007f2                GPIOWAKE_IRQHandler
 .text._sbrk    0x0000081c       0x40 c:/Users/spayr/Documents/eclipseworkspace/MAX32660/I2C_Memory/build/heap.o
                0x0000081c                _sbrk
 .text.SystemCoreClockUpdate
                0x0000085c       0x60 c:/Users/spayr/Documents/eclipseworkspace/MAX32660/I2C_Memory/build/system_max32660.o
                0x0000085c                SystemCoreClockUpdate
 .text.PreInit  0x000008bc        0x4 c:/Users/spayr/Documents/eclipseworkspace/MAX32660/I2C_Memory/build/system_max32660.o
                0x000008bc                PreInit
 .text.SystemInit
                0x000008c0       0x8c c:/Users/spayr/Documents/eclipseworkspace/MAX32660/I2C_Memory/build/system_max32660.o
                0x000008c0                SystemInit
 .text.UART_Init
                0x0000094c       0xac c:/Users/spayr/Documents/eclipseworkspace/MAX32660/I2C_Memory/build/PeriphDriver/PeriphDriver.a(uart.o)
                0x0000094c                UART_Init
 .text.UART_ReadByte
                0x000009f8        0xe c:/Users/spayr/Documents/eclipseworkspace/MAX32660/I2C_Memory/build/PeriphDriver/PeriphDriver.a(uart.o)
                0x000009f8                UART_ReadByte
 .text.UART_WriteByte
                0x00000a06        0xc c:/Users/spayr/Documents/eclipseworkspace/MAX32660/I2C_Memory/build/PeriphDriver/PeriphDriver.a(uart.o)
                0x00000a06                UART_WriteByte
 *fill*         0x00000a12        0x2 
 .text.GPIO_Config
                0x00000a14       0xfc c:/Users/spayr/Documents/eclipseworkspace/MAX32660/I2C_Memory/build/PeriphDriver/PeriphDriver.a(gpio.o)
                0x00000a14                GPIO_Config
 .text.GPIO_OutClr
                0x00000b10       0x14 c:/Users/spayr/Documents/eclipseworkspace/MAX32660/I2C_Memory/build/PeriphDriver/PeriphDriver.a(gpio.o)
                0x00000b10                GPIO_OutClr
 .text.GPIO_Handler
                0x00000b24       0x58 c:/Users/spayr/Documents/eclipseworkspace/MAX32660/I2C_Memory/build/PeriphDriver/PeriphDriver.a(gpio.o)
                0x00000b24                GPIO_Handler
 .text.I2C_Recover
                0x00000b7c       0x16 c:/Users/spayr/Documents/eclipseworkspace/MAX32660/I2C_Memory/build/PeriphDriver/PeriphDriver.a(i2c.o)
 *fill*         0x00000b92        0x2 
 .text.I2C_FreeCallback
                0x00000b94       0x24 c:/Users/spayr/Documents/eclipseworkspace/MAX32660/I2C_Memory/build/PeriphDriver/PeriphDriver.a(i2c.o)
 .text.I2C_MasterHandler
                0x00000bb8      0x238 c:/Users/spayr/Documents/eclipseworkspace/MAX32660/I2C_Memory/build/PeriphDriver/PeriphDriver.a(i2c.o)
 .text.I2C_Init
                0x00000df0      0x24c c:/Users/spayr/Documents/eclipseworkspace/MAX32660/I2C_Memory/build/PeriphDriver/PeriphDriver.a(i2c.o)
                0x00000df0                I2C_Init
 .text.I2C_Shutdown
                0x0000103c       0x7c c:/Users/spayr/Documents/eclipseworkspace/MAX32660/I2C_Memory/build/PeriphDriver/PeriphDriver.a(i2c.o)
                0x0000103c                I2C_Shutdown
 .text.I2C_MasterWrite
                0x000010b8       0xe8 c:/Users/spayr/Documents/eclipseworkspace/MAX32660/I2C_Memory/build/PeriphDriver/PeriphDriver.a(i2c.o)
                0x000010b8                I2C_MasterWrite
 .text.I2C_MasterRead
                0x000011a0       0xec c:/Users/spayr/Documents/eclipseworkspace/MAX32660/I2C_Memory/build/PeriphDriver/PeriphDriver.a(i2c.o)
                0x000011a0                I2C_MasterRead
 .text.I2C_Handler
                0x0000128c      0x228 c:/Users/spayr/Documents/eclipseworkspace/MAX32660/I2C_Memory/build/PeriphDriver/PeriphDriver.a(i2c.o)
                0x0000128c                I2C_Handler
 .text.mxc_delay_init
                0x000014b4       0x98 c:/Users/spayr/Documents/eclipseworkspace/MAX32660/I2C_Memory/build/PeriphDriver/PeriphDriver.a(mxc_delay.o)
 .text.mxc_delay_start
                0x0000154c       0x40 c:/Users/spayr/Documents/eclipseworkspace/MAX32660/I2C_Memory/build/PeriphDriver/PeriphDriver.a(mxc_delay.o)
                0x0000154c                mxc_delay_start
 .text.mxc_delay_stop
                0x0000158c       0x20 c:/Users/spayr/Documents/eclipseworkspace/MAX32660/I2C_Memory/build/PeriphDriver/PeriphDriver.a(mxc_delay.o)
                0x0000158c                mxc_delay_stop
 .text.mxc_delay_handler
                0x000015ac       0x54 c:/Users/spayr/Documents/eclipseworkspace/MAX32660/I2C_Memory/build/PeriphDriver/PeriphDriver.a(mxc_delay.o)
                0x000015ac                mxc_delay_handler
 .text.SysTick_Handler
                0x00001600        0x8 c:/Users/spayr/Documents/eclipseworkspace/MAX32660/I2C_Memory/build/PeriphDriver/PeriphDriver.a(mxc_delay.o)
                0x00001600                SysTick_Handler
 .text.mxc_delay_check
                0x00001608       0x54 c:/Users/spayr/Documents/eclipseworkspace/MAX32660/I2C_Memory/build/PeriphDriver/PeriphDriver.a(mxc_delay.o)
                0x00001608                mxc_delay_check
 .text.mxc_delay
                0x0000165c       0x7c c:/Users/spayr/Documents/eclipseworkspace/MAX32660/I2C_Memory/build/PeriphDriver/PeriphDriver.a(mxc_delay.o)
                0x0000165c                mxc_delay
 .text.mxc_free_lock
                0x000016d8        0xa c:/Users/spayr/Documents/eclipseworkspace/MAX32660/I2C_Memory/build/PeriphDriver/PeriphDriver.a(mxc_lock.o)
                0x000016d8                mxc_free_lock
 .text.SYS_Clock_Timeout
                0x000016e2       0x24 c:/Users/spayr/Documents/eclipseworkspace/MAX32660/I2C_Memory/build/PeriphDriver/PeriphDriver.a(mxc_sys.o)
 *fill*         0x00001706        0x2 
 .text.SYS_Clock_Select
                0x00001708      0x208 c:/Users/spayr/Documents/eclipseworkspace/MAX32660/I2C_Memory/build/PeriphDriver/PeriphDriver.a(mxc_sys.o)
                0x00001708                SYS_Clock_Select
 .text.SYS_UART_Init
                0x00001910       0xa4 c:/Users/spayr/Documents/eclipseworkspace/MAX32660/I2C_Memory/build/PeriphDriver/PeriphDriver.a(mxc_sys.o)
                0x00001910                SYS_UART_Init
 .text.SYS_I2C_Init
                0x000019b4       0x48 c:/Users/spayr/Documents/eclipseworkspace/MAX32660/I2C_Memory/build/PeriphDriver/PeriphDriver.a(mxc_sys.o)
                0x000019b4                SYS_I2C_Init
 .text.SYS_I2C_Shutdown
                0x000019fc       0x78 c:/Users/spayr/Documents/eclipseworkspace/MAX32660/I2C_Memory/build/PeriphDriver/PeriphDriver.a(mxc_sys.o)
                0x000019fc                SYS_I2C_Shutdown
 .text.SYS_I2C_GetFreq
                0x00001a74        0xc c:/Users/spayr/Documents/eclipseworkspace/MAX32660/I2C_Memory/build/PeriphDriver/PeriphDriver.a(mxc_sys.o)
                0x00001a74                SYS_I2C_GetFreq
 .text.SYS_ClockDisable
                0x00001a80       0x22 c:/Users/spayr/Documents/eclipseworkspace/MAX32660/I2C_Memory/build/PeriphDriver/PeriphDriver.a(mxc_sys.o)
                0x00001a80                SYS_ClockDisable
 .text.SYS_ClockEnable
                0x00001aa2       0x26 c:/Users/spayr/Documents/eclipseworkspace/MAX32660/I2C_Memory/build/PeriphDriver/PeriphDriver.a(mxc_sys.o)
                0x00001aa2                SYS_ClockEnable
 .text.__errno  0x00001ac8        0xc c:/maxim/toolchain/bin/../lib/gcc/arm-none-eabi/6.3.1/../../../../arm-none-eabi/lib/thumb/v7e-m/fpv4-sp/hard\libc.a(lib_a-errno.o)
                0x00001ac8                __errno
 .text.__libc_init_array
                0x00001ad4       0x50 c:/maxim/toolchain/bin/../lib/gcc/arm-none-eabi/6.3.1/../../../../arm-none-eabi/lib/thumb/v7e-m/fpv4-sp/hard\libc.a(lib_a-init.o)
                0x00001ad4                __libc_init_array
 .text.memset   0x00001b24       0x9c c:/maxim/toolchain/bin/../lib/gcc/arm-none-eabi/6.3.1/../../../../arm-none-eabi/lib/thumb/v7e-m/fpv4-sp/hard\libc.a(lib_a-memset.o)
                0x00001b24                memset
 .text.printf   0x00001bc0       0x28 c:/maxim/toolchain/bin/../lib/gcc/arm-none-eabi/6.3.1/../../../../arm-none-eabi/lib/thumb/v7e-m/fpv4-sp/hard\libc.a(lib_a-printf.o)
                0x00001bc0                printf
 .text.putchar  0x00001be8       0x14 c:/maxim/toolchain/bin/../lib/gcc/arm-none-eabi/6.3.1/../../../../arm-none-eabi/lib/thumb/v7e-m/fpv4-sp/hard\libc.a(lib_a-putchar.o)
                0x00001be8                putchar
 .text._puts_r  0x00001bfc       0x9c c:/maxim/toolchain/bin/../lib/gcc/arm-none-eabi/6.3.1/../../../../arm-none-eabi/lib/thumb/v7e-m/fpv4-sp/hard\libc.a(lib_a-puts.o)
                0x00001bfc                _puts_r
 .text.puts     0x00001c98       0x10 c:/maxim/toolchain/bin/../lib/gcc/arm-none-eabi/6.3.1/../../../../arm-none-eabi/lib/thumb/v7e-m/fpv4-sp/hard\libc.a(lib_a-puts.o)
                0x00001c98                puts
 *fill*         0x00001ca8       0x18 
 .text          0x00001cc0       0xdc c:/maxim/toolchain/bin/../lib/gcc/arm-none-eabi/6.3.1/../../../../arm-none-eabi/lib/thumb/v7e-m/fpv4-sp/hard\libc.a(lib_a-strlen.o)
                0x00001cc0                strlen
 *fill*         0x00001d9c        0x4 
 .text._vfprintf_r
                0x00001da0     0x157c c:/maxim/toolchain/bin/../lib/gcc/arm-none-eabi/6.3.1/../../../../arm-none-eabi/lib/thumb/v7e-m/fpv4-sp/hard\libc.a(lib_a-vfprintf.o)
                0x00001da0                _vfprintf_r
 .text.__sbprintf
                0x0000331c       0x84 c:/maxim/toolchain/bin/../lib/gcc/arm-none-eabi/6.3.1/../../../../arm-none-eabi/lib/thumb/v7e-m/fpv4-sp/hard\libc.a(lib_a-vfprintf.o)
 .text.__swsetup_r
                0x000033a0       0xc8 c:/maxim/toolchain/bin/../lib/gcc/arm-none-eabi/6.3.1/../../../../arm-none-eabi/lib/thumb/v7e-m/fpv4-sp/hard\libc.a(lib_a-wsetup.o)
                0x000033a0                __swsetup_r
 .text.startup.register_fini
                0x00003468       0x14 c:/maxim/toolchain/bin/../lib/gcc/arm-none-eabi/6.3.1/../../../../arm-none-eabi/lib/thumb/v7e-m/fpv4-sp/hard\libc.a(lib_a-__call_atexit.o)
 .text.atexit   0x0000347c        0xc c:/maxim/toolchain/bin/../lib/gcc/arm-none-eabi/6.3.1/../../../../arm-none-eabi/lib/thumb/v7e-m/fpv4-sp/hard\libc.a(lib_a-atexit.o)
                0x0000347c                atexit
 .text.quorem   0x00003488      0x128 c:/maxim/toolchain/bin/../lib/gcc/arm-none-eabi/6.3.1/../../../../arm-none-eabi/lib/thumb/v7e-m/fpv4-sp/hard\libc.a(lib_a-dtoa.o)
 .text._dtoa_r  0x000035b0      0xe4c c:/maxim/toolchain/bin/../lib/gcc/arm-none-eabi/6.3.1/../../../../arm-none-eabi/lib/thumb/v7e-m/fpv4-sp/hard\libc.a(lib_a-dtoa.o)
                0x000035b0                _dtoa_r
 .text.__sflush_r
                0x000043fc      0x140 c:/maxim/toolchain/bin/../lib/gcc/arm-none-eabi/6.3.1/../../../../arm-none-eabi/lib/thumb/v7e-m/fpv4-sp/hard\libc.a(lib_a-fflush.o)
                0x000043fc                __sflush_r
 .text._fflush_r
                0x0000453c       0x54 c:/maxim/toolchain/bin/../lib/gcc/arm-none-eabi/6.3.1/../../../../arm-none-eabi/lib/thumb/v7e-m/fpv4-sp/hard\libc.a(lib_a-fflush.o)
                0x0000453c                _fflush_r
 .text._cleanup_r
                0x00004590        0xc c:/maxim/toolchain/bin/../lib/gcc/arm-none-eabi/6.3.1/../../../../arm-none-eabi/lib/thumb/v7e-m/fpv4-sp/hard\libc.a(lib_a-findfp.o)
                0x00004590                _cleanup_r
 .text.std.isra.0
                0x0000459c       0x50 c:/maxim/toolchain/bin/../lib/gcc/arm-none-eabi/6.3.1/../../../../arm-none-eabi/lib/thumb/v7e-m/fpv4-sp/hard\libc.a(lib_a-findfp.o)
 .text.__sinit  0x000045ec       0x58 c:/maxim/toolchain/bin/../lib/gcc/arm-none-eabi/6.3.1/../../../../arm-none-eabi/lib/thumb/v7e-m/fpv4-sp/hard\libc.a(lib_a-findfp.o)
                0x000045ec                __sinit
 .text.__sfp_lock_acquire
                0x00004644        0xc c:/maxim/toolchain/bin/../lib/gcc/arm-none-eabi/6.3.1/../../../../arm-none-eabi/lib/thumb/v7e-m/fpv4-sp/hard\libc.a(lib_a-findfp.o)
                0x00004644                __sfp_lock_acquire
 .text.__sfp_lock_release
                0x00004650        0xc c:/maxim/toolchain/bin/../lib/gcc/arm-none-eabi/6.3.1/../../../../arm-none-eabi/lib/thumb/v7e-m/fpv4-sp/hard\libc.a(lib_a-findfp.o)
                0x00004650                __sfp_lock_release
 .text.__libc_fini_array
                0x0000465c       0x34 c:/maxim/toolchain/bin/../lib/gcc/arm-none-eabi/6.3.1/../../../../arm-none-eabi/lib/thumb/v7e-m/fpv4-sp/hard\libc.a(lib_a-fini.o)
                0x0000465c                __libc_fini_array
 .text._malloc_trim_r
                0x00004690       0xa0 c:/maxim/toolchain/bin/../lib/gcc/arm-none-eabi/6.3.1/../../../../arm-none-eabi/lib/thumb/v7e-m/fpv4-sp/hard\libc.a(lib_a-freer.o)
                0x00004690                _malloc_trim_r
 .text._free_r  0x00004730      0x1cc c:/maxim/toolchain/bin/../lib/gcc/arm-none-eabi/6.3.1/../../../../arm-none-eabi/lib/thumb/v7e-m/fpv4-sp/hard\libc.a(lib_a-freer.o)
                0x00004730                _free_r
 .text.__sfvwrite_r
                0x000048fc      0x2f0 c:/maxim/toolchain/bin/../lib/gcc/arm-none-eabi/6.3.1/../../../../arm-none-eabi/lib/thumb/v7e-m/fpv4-sp/hard\libc.a(lib_a-fvwrite.o)
                0x000048fc                __sfvwrite_r
 .text._fwalk_reent
                0x00004bec       0x54 c:/maxim/toolchain/bin/../lib/gcc/arm-none-eabi/6.3.1/../../../../arm-none-eabi/lib/thumb/v7e-m/fpv4-sp/hard\libc.a(lib_a-fwalk.o)
                0x00004bec                _fwalk_reent
 .text._localeconv_r
                0x00004c40       0x1c c:/maxim/toolchain/bin/../lib/gcc/arm-none-eabi/6.3.1/../../../../arm-none-eabi/lib/thumb/v7e-m/fpv4-sp/hard\libc.a(lib_a-localeconv.o)
                0x00004c40                _localeconv_r
 .text.__retarget_lock_init_recursive
                0x00004c5c        0x4 c:/maxim/toolchain/bin/../lib/gcc/arm-none-eabi/6.3.1/../../../../arm-none-eabi/lib/thumb/v7e-m/fpv4-sp/hard\libc.a(lib_a-lock.o)
                0x00004c5c                __retarget_lock_init_recursive
 .text.__retarget_lock_close_recursive
                0x00004c60        0x4 c:/maxim/toolchain/bin/../lib/gcc/arm-none-eabi/6.3.1/../../../../arm-none-eabi/lib/thumb/v7e-m/fpv4-sp/hard\libc.a(lib_a-lock.o)
                0x00004c60                __retarget_lock_close_recursive
 .text.__retarget_lock_acquire_recursive
                0x00004c64        0x4 c:/maxim/toolchain/bin/../lib/gcc/arm-none-eabi/6.3.1/../../../../arm-none-eabi/lib/thumb/v7e-m/fpv4-sp/hard\libc.a(lib_a-lock.o)
                0x00004c64                __retarget_lock_acquire_recursive
 .text.__retarget_lock_release_recursive
                0x00004c68        0x4 c:/maxim/toolchain/bin/../lib/gcc/arm-none-eabi/6.3.1/../../../../arm-none-eabi/lib/thumb/v7e-m/fpv4-sp/hard\libc.a(lib_a-lock.o)
                0x00004c68                __retarget_lock_release_recursive
 .text.__swhatbuf_r
                0x00004c6c       0x5c c:/maxim/toolchain/bin/../lib/gcc/arm-none-eabi/6.3.1/../../../../arm-none-eabi/lib/thumb/v7e-m/fpv4-sp/hard\libc.a(lib_a-makebuf.o)
                0x00004c6c                __swhatbuf_r
 .text.__smakebuf_r
                0x00004cc8       0x94 c:/maxim/toolchain/bin/../lib/gcc/arm-none-eabi/6.3.1/../../../../arm-none-eabi/lib/thumb/v7e-m/fpv4-sp/hard\libc.a(lib_a-makebuf.o)
                0x00004cc8                __smakebuf_r
 .text._malloc_r
                0x00004d5c      0x560 c:/maxim/toolchain/bin/../lib/gcc/arm-none-eabi/6.3.1/../../../../arm-none-eabi/lib/thumb/v7e-m/fpv4-sp/hard\libc.a(lib_a-mallocr.o)
                0x00004d5c                _malloc_r
 *fill*         0x000052bc        0x4 
 .text          0x000052c0       0xa0 c:/maxim/toolchain/bin/../lib/gcc/arm-none-eabi/6.3.1/../../../../arm-none-eabi/lib/thumb/v7e-m/fpv4-sp/hard\libc.a(lib_a-memchr.o)
                0x000052c0                memchr
 .text          0x00005360      0x134 c:/maxim/toolchain/bin/../lib/gcc/arm-none-eabi/6.3.1/../../../../arm-none-eabi/lib/thumb/v7e-m/fpv4-sp/hard\libc.a(lib_a-memcpy.o)
                0x00005360                memcpy
 .text.memmove  0x00005494       0xc8 c:/maxim/toolchain/bin/../lib/gcc/arm-none-eabi/6.3.1/../../../../arm-none-eabi/lib/thumb/v7e-m/fpv4-sp/hard\libc.a(lib_a-memmove.o)
                0x00005494                memmove
 .text.__malloc_lock
                0x0000555c        0xc c:/maxim/toolchain/bin/../lib/gcc/arm-none-eabi/6.3.1/../../../../arm-none-eabi/lib/thumb/v7e-m/fpv4-sp/hard\libc.a(lib_a-mlock.o)
                0x0000555c                __malloc_lock
 .text.__malloc_unlock
                0x00005568        0xc c:/maxim/toolchain/bin/../lib/gcc/arm-none-eabi/6.3.1/../../../../arm-none-eabi/lib/thumb/v7e-m/fpv4-sp/hard\libc.a(lib_a-mlock.o)
                0x00005568                __malloc_unlock
 .text._Balloc  0x00005574       0x4c c:/maxim/toolchain/bin/../lib/gcc/arm-none-eabi/6.3.1/../../../../arm-none-eabi/lib/thumb/v7e-m/fpv4-sp/hard\libc.a(lib_a-mprec.o)
                0x00005574                _Balloc
 .text._Bfree   0x000055c0       0x14 c:/maxim/toolchain/bin/../lib/gcc/arm-none-eabi/6.3.1/../../../../arm-none-eabi/lib/thumb/v7e-m/fpv4-sp/hard\libc.a(lib_a-mprec.o)
                0x000055c0                _Bfree
 .text.__multadd
                0x000055d4       0x80 c:/maxim/toolchain/bin/../lib/gcc/arm-none-eabi/6.3.1/../../../../arm-none-eabi/lib/thumb/v7e-m/fpv4-sp/hard\libc.a(lib_a-mprec.o)
                0x000055d4                __multadd
 .text.__hi0bits
                0x00005654       0x40 c:/maxim/toolchain/bin/../lib/gcc/arm-none-eabi/6.3.1/../../../../arm-none-eabi/lib/thumb/v7e-m/fpv4-sp/hard\libc.a(lib_a-mprec.o)
                0x00005654                __hi0bits
 .text.__lo0bits
                0x00005694       0x60 c:/maxim/toolchain/bin/../lib/gcc/arm-none-eabi/6.3.1/../../../../arm-none-eabi/lib/thumb/v7e-m/fpv4-sp/hard\libc.a(lib_a-mprec.o)
                0x00005694                __lo0bits
 .text.__i2b    0x000056f4       0x14 c:/maxim/toolchain/bin/../lib/gcc/arm-none-eabi/6.3.1/../../../../arm-none-eabi/lib/thumb/v7e-m/fpv4-sp/hard\libc.a(lib_a-mprec.o)
                0x000056f4                __i2b
 .text.__multiply
                0x00005708      0x124 c:/maxim/toolchain/bin/../lib/gcc/arm-none-eabi/6.3.1/../../../../arm-none-eabi/lib/thumb/v7e-m/fpv4-sp/hard\libc.a(lib_a-mprec.o)
                0x00005708                __multiply
 .text.__pow5mult
                0x0000582c       0xa0 c:/maxim/toolchain/bin/../lib/gcc/arm-none-eabi/6.3.1/../../../../arm-none-eabi/lib/thumb/v7e-m/fpv4-sp/hard\libc.a(lib_a-mprec.o)
                0x0000582c                __pow5mult
 .text.__lshift
                0x000058cc       0xa4 c:/maxim/toolchain/bin/../lib/gcc/arm-none-eabi/6.3.1/../../../../arm-none-eabi/lib/thumb/v7e-m/fpv4-sp/hard\libc.a(lib_a-mprec.o)
                0x000058cc                __lshift
 .text.__mcmp   0x00005970       0x38 c:/maxim/toolchain/bin/../lib/gcc/arm-none-eabi/6.3.1/../../../../arm-none-eabi/lib/thumb/v7e-m/fpv4-sp/hard\libc.a(lib_a-mprec.o)
                0x00005970                __mcmp
 .text.__mdiff  0x000059a8      0x108 c:/maxim/toolchain/bin/../lib/gcc/arm-none-eabi/6.3.1/../../../../arm-none-eabi/lib/thumb/v7e-m/fpv4-sp/hard\libc.a(lib_a-mprec.o)
                0x000059a8                __mdiff
 .text.__d2b    0x00005ab0       0xbc c:/maxim/toolchain/bin/../lib/gcc/arm-none-eabi/6.3.1/../../../../arm-none-eabi/lib/thumb/v7e-m/fpv4-sp/hard\libc.a(lib_a-mprec.o)
                0x00005ab0                __d2b
 .text._putc_r  0x00005b6c       0x70 c:/maxim/toolchain/bin/../lib/gcc/arm-none-eabi/6.3.1/../../../../arm-none-eabi/lib/thumb/v7e-m/fpv4-sp/hard\libc.a(lib_a-putc.o)
                0x00005b6c                _putc_r
 .text._realloc_r
                0x00005bdc      0x34c c:/maxim/toolchain/bin/../lib/gcc/arm-none-eabi/6.3.1/../../../../arm-none-eabi/lib/thumb/v7e-m/fpv4-sp/hard\libc.a(lib_a-reallocr.o)
                0x00005bdc                _realloc_r
 .text._sbrk_r  0x00005f28       0x24 c:/maxim/toolchain/bin/../lib/gcc/arm-none-eabi/6.3.1/../../../../arm-none-eabi/lib/thumb/v7e-m/fpv4-sp/hard\libc.a(lib_a-sbrkr.o)
                0x00005f28                _sbrk_r
 .text.__sread  0x00005f4c       0x24 c:/maxim/toolchain/bin/../lib/gcc/arm-none-eabi/6.3.1/../../../../arm-none-eabi/lib/thumb/v7e-m/fpv4-sp/hard\libc.a(lib_a-stdio.o)
                0x00005f4c                __sread
 .text.__swrite
                0x00005f70       0x3c c:/maxim/toolchain/bin/../lib/gcc/arm-none-eabi/6.3.1/../../../../arm-none-eabi/lib/thumb/v7e-m/fpv4-sp/hard\libc.a(lib_a-stdio.o)
                0x00005f70                __swrite
 .text.__sseek  0x00005fac       0x20 c:/maxim/toolchain/bin/../lib/gcc/arm-none-eabi/6.3.1/../../../../arm-none-eabi/lib/thumb/v7e-m/fpv4-sp/hard\libc.a(lib_a-stdio.o)
                0x00005fac                __sseek
 .text.__sclose
                0x00005fcc        0x8 c:/maxim/toolchain/bin/../lib/gcc/arm-none-eabi/6.3.1/../../../../arm-none-eabi/lib/thumb/v7e-m/fpv4-sp/hard\libc.a(lib_a-stdio.o)
                0x00005fcc                __sclose
 .text.__sprint_r.part.0
                0x00005fd4       0x80 c:/maxim/toolchain/bin/../lib/gcc/arm-none-eabi/6.3.1/../../../../arm-none-eabi/lib/thumb/v7e-m/fpv4-sp/hard\libc.a(lib_a-vfiprintf.o)
 .text.__sprint_r
                0x00006054       0x14 c:/maxim/toolchain/bin/../lib/gcc/arm-none-eabi/6.3.1/../../../../arm-none-eabi/lib/thumb/v7e-m/fpv4-sp/hard\libc.a(lib_a-vfiprintf.o)
                0x00006054                __sprint_r
 .text.__swbuf_r
                0x00006068       0xb0 c:/maxim/toolchain/bin/../lib/gcc/arm-none-eabi/6.3.1/../../../../arm-none-eabi/lib/thumb/v7e-m/fpv4-sp/hard\libc.a(lib_a-wbuf.o)
                0x00006068                __swbuf_r
 .text._write_r
                0x00006118       0x2c c:/maxim/toolchain/bin/../lib/gcc/arm-none-eabi/6.3.1/../../../../arm-none-eabi/lib/thumb/v7e-m/fpv4-sp/hard\libc.a(lib_a-writer.o)
                0x00006118                _write_r
 .text.__register_exitproc
                0x00006144       0xc4 c:/maxim/toolchain/bin/../lib/gcc/arm-none-eabi/6.3.1/../../../../arm-none-eabi/lib/thumb/v7e-m/fpv4-sp/hard\libc.a(lib_a-__atexit.o)
                0x00006144                __register_exitproc
 .text._calloc_r
                0x00006208       0x60 c:/maxim/toolchain/bin/../lib/gcc/arm-none-eabi/6.3.1/../../../../arm-none-eabi/lib/thumb/v7e-m/fpv4-sp/hard\libc.a(lib_a-callocr.o)
                0x00006208                _calloc_r
 .text._close_r
                0x00006268       0x24 c:/maxim/toolchain/bin/../lib/gcc/arm-none-eabi/6.3.1/../../../../arm-none-eabi/lib/thumb/v7e-m/fpv4-sp/hard\libc.a(lib_a-closer.o)
                0x00006268                _close_r
 .text._fclose_r
                0x0000628c       0xc4 c:/maxim/toolchain/bin/../lib/gcc/arm-none-eabi/6.3.1/../../../../arm-none-eabi/lib/thumb/v7e-m/fpv4-sp/hard\libc.a(lib_a-fclose.o)
                0x0000628c                _fclose_r
 .text.__fputwc
                0x00006350       0xa0 c:/maxim/toolchain/bin/../lib/gcc/arm-none-eabi/6.3.1/../../../../arm-none-eabi/lib/thumb/v7e-m/fpv4-sp/hard\libc.a(lib_a-fputwc.o)
                0x00006350                __fputwc
 .text._fputwc_r
                0x000063f0       0x68 c:/maxim/toolchain/bin/../lib/gcc/arm-none-eabi/6.3.1/../../../../arm-none-eabi/lib/thumb/v7e-m/fpv4-sp/hard\libc.a(lib_a-fputwc.o)
                0x000063f0                _fputwc_r
 .text._fstat_r
                0x00006458       0x28 c:/maxim/toolchain/bin/../lib/gcc/arm-none-eabi/6.3.1/../../../../arm-none-eabi/lib/thumb/v7e-m/fpv4-sp/hard\libc.a(lib_a-fstatr.o)
                0x00006458                _fstat_r
 .text._isatty_r
                0x00006480       0x24 c:/maxim/toolchain/bin/../lib/gcc/arm-none-eabi/6.3.1/../../../../arm-none-eabi/lib/thumb/v7e-m/fpv4-sp/hard\libc.a(lib_a-isattyr.o)
                0x00006480                _isatty_r
 .text.__locale_mb_cur_max
                0x000064a4       0x1c c:/maxim/toolchain/bin/../lib/gcc/arm-none-eabi/6.3.1/../../../../arm-none-eabi/lib/thumb/v7e-m/fpv4-sp/hard\libc.a(lib_a-locale.o)
                0x000064a4                __locale_mb_cur_max
 .text._lseek_r
                0x000064c0       0x2c c:/maxim/toolchain/bin/../lib/gcc/arm-none-eabi/6.3.1/../../../../arm-none-eabi/lib/thumb/v7e-m/fpv4-sp/hard\libc.a(lib_a-lseekr.o)
                0x000064c0                _lseek_r
 .text.__ascii_mbtowc
                0x000064ec       0x2c c:/maxim/toolchain/bin/../lib/gcc/arm-none-eabi/6.3.1/../../../../arm-none-eabi/lib/thumb/v7e-m/fpv4-sp/hard\libc.a(lib_a-mbtowc_r.o)
                0x000064ec                __ascii_mbtowc
 .text._read_r  0x00006518       0x2c c:/maxim/toolchain/bin/../lib/gcc/arm-none-eabi/6.3.1/../../../../arm-none-eabi/lib/thumb/v7e-m/fpv4-sp/hard\libc.a(lib_a-readr.o)
                0x00006518                _read_r
 .text._wcrtomb_r
                0x00006544       0x54 c:/maxim/toolchain/bin/../lib/gcc/arm-none-eabi/6.3.1/../../../../arm-none-eabi/lib/thumb/v7e-m/fpv4-sp/hard\libc.a(lib_a-wcrtomb.o)
                0x00006544                _wcrtomb_r
 .text.__ascii_wctomb
                0x00006598       0x1c c:/maxim/toolchain/bin/../lib/gcc/arm-none-eabi/6.3.1/../../../../arm-none-eabi/lib/thumb/v7e-m/fpv4-sp/hard\libc.a(lib_a-wctomb_r.o)
                0x00006598                __ascii_wctomb
 .text          0x000065b4      0x370 c:/maxim/toolchain/bin/../lib/gcc/arm-none-eabi/6.3.1/thumb/v7e-m/fpv4-sp/hard\libgcc.a(_arm_addsubdf3.o)
                0x000065b4                __aeabi_drsub
                0x000065bc                __aeabi_dsub
                0x000065bc                __subdf3
                0x000065c0                __aeabi_dadd
                0x000065c0                __adddf3
                0x00006838                __floatunsidf
                0x00006838                __aeabi_ui2d
                0x00006858                __floatsidf
                0x00006858                __aeabi_i2d
                0x0000687c                __aeabi_f2d
                0x0000687c                __extendsfdf2
                0x000068b8                __floatundidf
                0x000068b8                __aeabi_ul2d
                0x000068c8                __floatdidf
                0x000068c8                __aeabi_l2d
 .text          0x00006924      0x424 c:/maxim/toolchain/bin/../lib/gcc/arm-none-eabi/6.3.1/thumb/v7e-m/fpv4-sp/hard\libgcc.a(_arm_muldivdf3.o)
                0x00006924                __aeabi_dmul
                0x00006924                __muldf3
                0x00006b78                __divdf3
                0x00006b78                __aeabi_ddiv
 .text          0x00006d48      0x110 c:/maxim/toolchain/bin/../lib/gcc/arm-none-eabi/6.3.1/thumb/v7e-m/fpv4-sp/hard\libgcc.a(_arm_cmpdf2.o)
                0x00006d48                __gtdf2
                0x00006d48                __gedf2
                0x00006d50                __ltdf2
                0x00006d50                __ledf2
                0x00006d58                __nedf2
                0x00006d58                __eqdf2
                0x00006d58                __cmpdf2
                0x00006dd4                __aeabi_cdrcmple
                0x00006de4                __aeabi_cdcmpeq
                0x00006de4                __aeabi_cdcmple
                0x00006df4                __aeabi_dcmpeq
                0x00006e08                __aeabi_dcmplt
                0x00006e1c                __aeabi_dcmple
                0x00006e30                __aeabi_dcmpge
                0x00006e44                __aeabi_dcmpgt
 .text          0x00006e58       0x2c c:/maxim/toolchain/bin/../lib/gcc/arm-none-eabi/6.3.1/thumb/v7e-m/fpv4-sp/hard\libgcc.a(_arm_unorddf2.o)
                0x00006e58                __unorddf2
                0x00006e58                __aeabi_dcmpun
 .text          0x00006e84       0x50 c:/maxim/toolchain/bin/../lib/gcc/arm-none-eabi/6.3.1/thumb/v7e-m/fpv4-sp/hard\libgcc.a(_arm_fixdfsi.o)
                0x00006e84                __aeabi_d2iz
                0x00006e84                __fixdfsi
 .text          0x00006ed4       0x30 c:/maxim/toolchain/bin/../lib/gcc/arm-none-eabi/6.3.1/thumb/v7e-m/fpv4-sp/hard\libgcc.a(_aeabi_uldivmod.o)
                0x00006ed4                __aeabi_uldivmod
 .text          0x00006f04      0x2dc c:/maxim/toolchain/bin/../lib/gcc/arm-none-eabi/6.3.1/thumb/v7e-m/fpv4-sp/hard\libgcc.a(_udivmoddi4.o)
                0x00006f04                __udivmoddi4
 .text          0x000071e0        0x4 c:/maxim/toolchain/bin/../lib/gcc/arm-none-eabi/6.3.1/thumb/v7e-m/fpv4-sp/hard\libgcc.a(_dvmd_tls.o)
                0x000071e0                __aeabi_idiv0
                0x000071e0                __aeabi_ldiv0
 *(.rodata*)
 .rodata        0x000071e4        0x2 c:/Users/spayr/Documents/eclipseworkspace/MAX32660/I2C_Memory/build/main.o
 *fill*         0x000071e6        0x2 
 .rodata.I2C_BufferRead.str1.4
                0x000071e8       0x2b c:/Users/spayr/Documents/eclipseworkspace/MAX32660/I2C_Memory/build/main.o
 *fill*         0x00007213        0x1 
 .rodata.I2C_ByteRead.str1.4
                0x00007214       0xa2 c:/Users/spayr/Documents/eclipseworkspace/MAX32660/I2C_Memory/build/main.o
 *fill*         0x000072b6        0x2 
 .rodata.I2C_ByteWrite.str1.4
                0x000072b8       0x77 c:/Users/spayr/Documents/eclipseworkspace/MAX32660/I2C_Memory/build/main.o
 *fill*         0x0000732f        0x1 
 .rodata.main.str1.4
                0x00007330      0x13b c:/Users/spayr/Documents/eclipseworkspace/MAX32660/I2C_Memory/build/main.o
 *fill*         0x0000746b        0x1 
 .rodata.print_buffer.str1.4
                0x0000746c        0x4 c:/Users/spayr/Documents/eclipseworkspace/MAX32660/I2C_Memory/build/main.o
 .rodata.Board_Init.str1.4
                0x00007470       0x49 c:/Users/spayr/Documents/eclipseworkspace/MAX32660/I2C_Memory/build/board.o
 *fill*         0x000074b9        0x3 
 .rodata.console_uart_cfg
                0x000074bc       0x10 c:/Users/spayr/Documents/eclipseworkspace/MAX32660/I2C_Memory/build/board.o
                0x000074bc                console_uart_cfg
 .rodata.console_uart_sys_cfg
                0x000074cc        0x2 c:/Users/spayr/Documents/eclipseworkspace/MAX32660/I2C_Memory/build/board.o
                0x000074cc                console_uart_sys_cfg
 *fill*         0x000074ce        0x2 
 .rodata.led_pin
                0x000074d0        0xc c:/Users/spayr/Documents/eclipseworkspace/MAX32660/I2C_Memory/build/board.o
                0x000074d0                led_pin
 .rodata.mxc_assert.str1.4
                0x000074dc       0x19 c:/Users/spayr/Documents/eclipseworkspace/MAX32660/I2C_Memory/build/board.o
 *fill*         0x000074f5        0x3 
 .rodata.num_leds
                0x000074f8        0x4 c:/Users/spayr/Documents/eclipseworkspace/MAX32660/I2C_Memory/build/board.o
                0x000074f8                num_leds
 .rodata.num_pbs
                0x000074fc        0x4 c:/Users/spayr/Documents/eclipseworkspace/MAX32660/I2C_Memory/build/board.o
                0x000074fc                num_pbs
 .rodata.pb_pin
                0x00007500        0xc c:/Users/spayr/Documents/eclipseworkspace/MAX32660/I2C_Memory/build/board.o
                0x00007500                pb_pin
 .rodata.LED_On.str1.4
                0x0000750c       0x57 c:/Users/spayr/Documents/eclipseworkspace/MAX32660/I2C_Memory/build/led.o
 *fill*         0x00007563        0x1 
 .rodata.GPIO_Handler.str1.4
                0x00007564       0x2e c:/Users/spayr/Documents/eclipseworkspace/MAX32660/I2C_Memory/build/PeriphDriver/PeriphDriver.a(gpio.o)
 *fill*         0x00007592        0x2 
 .rodata.I2C_Init.str1.4
                0x00007594       0x39 c:/Users/spayr/Documents/eclipseworkspace/MAX32660/I2C_Memory/build/PeriphDriver/PeriphDriver.a(i2c.o)
 *fill*         0x000075cd        0x3 
 .rodata.I2C_Shutdown.str1.4
                0x000075d0        0xd c:/Users/spayr/Documents/eclipseworkspace/MAX32660/I2C_Memory/build/PeriphDriver/PeriphDriver.a(i2c.o)
 *fill*         0x000075dd        0x3 
 .rodata.gpio_cfg_i2c0
                0x000075e0        0xc c:/Users/spayr/Documents/eclipseworkspace/MAX32660/I2C_Memory/build/PeriphDriver/PeriphDriver.a(mxc_pins.o)
                0x000075e0                gpio_cfg_i2c0
 .rodata.gpio_cfg_i2c1
                0x000075ec        0xc c:/Users/spayr/Documents/eclipseworkspace/MAX32660/I2C_Memory/build/PeriphDriver/PeriphDriver.a(mxc_pins.o)
                0x000075ec                gpio_cfg_i2c1
 .rodata.gpio_cfg_uart0a
                0x000075f8        0xc c:/Users/spayr/Documents/eclipseworkspace/MAX32660/I2C_Memory/build/PeriphDriver/PeriphDriver.a(mxc_pins.o)
                0x000075f8                gpio_cfg_uart0a
 .rodata.gpio_cfg_uart0rtscts
                0x00007604        0xc c:/Users/spayr/Documents/eclipseworkspace/MAX32660/I2C_Memory/build/PeriphDriver/PeriphDriver.a(mxc_pins.o)
                0x00007604                gpio_cfg_uart0rtscts
 .rodata.gpio_cfg_uart1a
                0x00007610        0xc c:/Users/spayr/Documents/eclipseworkspace/MAX32660/I2C_Memory/build/PeriphDriver/PeriphDriver.a(mxc_pins.o)
                0x00007610                gpio_cfg_uart1a
 .rodata.gpio_cfg_uart1b
                0x0000761c        0xc c:/Users/spayr/Documents/eclipseworkspace/MAX32660/I2C_Memory/build/PeriphDriver/PeriphDriver.a(mxc_pins.o)
                0x0000761c                gpio_cfg_uart1b
 .rodata.gpio_cfg_uart1c
                0x00007628        0xc c:/Users/spayr/Documents/eclipseworkspace/MAX32660/I2C_Memory/build/PeriphDriver/PeriphDriver.a(mxc_pins.o)
                0x00007628                gpio_cfg_uart1c
 .rodata.gpio_cfg_uart1rtscts
                0x00007634        0xc c:/Users/spayr/Documents/eclipseworkspace/MAX32660/I2C_Memory/build/PeriphDriver/PeriphDriver.a(mxc_pins.o)
                0x00007634                gpio_cfg_uart1rtscts
 .rodata._global_impure_ptr
                0x00007640        0x4 c:/maxim/toolchain/bin/../lib/gcc/arm-none-eabi/6.3.1/../../../../arm-none-eabi/lib/thumb/v7e-m/fpv4-sp/hard\libc.a(lib_a-impure.o)
                0x00007640                _global_impure_ptr
 .rodata._puts_r.str1.4
                0x00007644        0xd c:/maxim/toolchain/bin/../lib/gcc/arm-none-eabi/6.3.1/../../../../arm-none-eabi/lib/thumb/v7e-m/fpv4-sp/hard\libc.a(lib_a-puts.o)
                                  0x2 (size before relaxing)
 .rodata._vfprintf_r.str1.4
                0x00007644       0x3f c:/maxim/toolchain/bin/../lib/gcc/arm-none-eabi/6.3.1/../../../../arm-none-eabi/lib/thumb/v7e-m/fpv4-sp/hard\libc.a(lib_a-vfprintf.o)
                                 0x42 (size before relaxing)
 *fill*         0x00007683        0x1 
 .rodata.blanks.8366
                0x00007684       0x10 c:/maxim/toolchain/bin/../lib/gcc/arm-none-eabi/6.3.1/../../../../arm-none-eabi/lib/thumb/v7e-m/fpv4-sp/hard\libc.a(lib_a-vfprintf.o)
 .rodata.zeroes.8367
                0x00007694       0x10 c:/maxim/toolchain/bin/../lib/gcc/arm-none-eabi/6.3.1/../../../../arm-none-eabi/lib/thumb/v7e-m/fpv4-sp/hard\libc.a(lib_a-vfprintf.o)
 .rodata._dtoa_r.str1.4
                0x000076a4       0x10 c:/maxim/toolchain/bin/../lib/gcc/arm-none-eabi/6.3.1/../../../../arm-none-eabi/lib/thumb/v7e-m/fpv4-sp/hard\libc.a(lib_a-dtoa.o)
                                 0x12 (size before relaxing)
 *fill*         0x000076b4        0x4 
 .rodata.__mprec_bigtens
                0x000076b8       0x28 c:/maxim/toolchain/bin/../lib/gcc/arm-none-eabi/6.3.1/../../../../arm-none-eabi/lib/thumb/v7e-m/fpv4-sp/hard\libc.a(lib_a-mprec.o)
                0x000076b8                __mprec_bigtens
 .rodata.__mprec_tens
                0x000076e0       0xc8 c:/maxim/toolchain/bin/../lib/gcc/arm-none-eabi/6.3.1/../../../../arm-none-eabi/lib/thumb/v7e-m/fpv4-sp/hard\libc.a(lib_a-mprec.o)
                0x000076e0                __mprec_tens
 .rodata.p05.7183
                0x000077a8        0xc c:/maxim/toolchain/bin/../lib/gcc/arm-none-eabi/6.3.1/../../../../arm-none-eabi/lib/thumb/v7e-m/fpv4-sp/hard\libc.a(lib_a-mprec.o)
 .rodata._setlocale_r.str1.4
                0x000077b4        0xa c:/maxim/toolchain/bin/../lib/gcc/arm-none-eabi/6.3.1/../../../../arm-none-eabi/lib/thumb/v7e-m/fpv4-sp/hard\libc.a(lib_a-locale.o)
                                  0xd (size before relaxing)
 *fill*         0x000077be        0x2 
 .rodata.str1.4
                0x000077c0        0x4 c:/maxim/toolchain/bin/../lib/gcc/arm-none-eabi/6.3.1/../../../../arm-none-eabi/lib/thumb/v7e-m/fpv4-sp/hard\libc.a(lib_a-locale.o)
                                  0x2 (size before relaxing)
 .rodata._ctype_
                0x000077c4      0x101 c:/maxim/toolchain/bin/../lib/gcc/arm-none-eabi/6.3.1/../../../../arm-none-eabi/lib/thumb/v7e-m/fpv4-sp/hard\libc.a(lib_a-ctype_.o)
                0x000077c4                _ctype_
 *(.init)
 *fill*         0x000078c5        0x3 
 .init          0x000078c8        0x4 c:/maxim/toolchain/bin/../lib/gcc/arm-none-eabi/6.3.1/thumb/v7e-m/fpv4-sp/hard/crti.o
                0x000078c8                _init
 .init          0x000078cc        0x8 c:/maxim/toolchain/bin/../lib/gcc/arm-none-eabi/6.3.1/thumb/v7e-m/fpv4-sp/hard/crtn.o
 *(.fini)
 .fini          0x000078d4        0x4 c:/maxim/toolchain/bin/../lib/gcc/arm-none-eabi/6.3.1/thumb/v7e-m/fpv4-sp/hard/crti.o
                0x000078d4                _fini
 .fini          0x000078d8        0x8 c:/maxim/toolchain/bin/../lib/gcc/arm-none-eabi/6.3.1/thumb/v7e-m/fpv4-sp/hard/crtn.o
 *(.eh_frame*)
 .eh_frame      0x000078e0        0x0 c:/maxim/toolchain/bin/../lib/gcc/arm-none-eabi/6.3.1/thumb/v7e-m/fpv4-sp/hard/crtbegin.o
 .eh_frame      0x000078e0        0x4 c:/maxim/toolchain/bin/../lib/gcc/arm-none-eabi/6.3.1/thumb/v7e-m/fpv4-sp/hard/crtend.o
                0x000078e4                _etext = .

.glue_7         0x000078e4        0x0
 .glue_7        0x000078e4        0x0 linker stubs

.glue_7t        0x000078e4        0x0
 .glue_7t       0x000078e4        0x0 linker stubs

.vfp11_veneer   0x000078e4        0x0
 .vfp11_veneer  0x000078e4        0x0 linker stubs

.v4_bx          0x000078e4        0x0
 .v4_bx         0x000078e4        0x0 linker stubs

.iplt           0x000078e4        0x0
 .iplt          0x000078e4        0x0 c:/maxim/toolchain/bin/../lib/gcc/arm-none-eabi/6.3.1/thumb/v7e-m/fpv4-sp/hard/crtbegin.o

.ARM.exidx      0x000078e4        0x8
                0x000078e4                __exidx_start = .
 *(.ARM.exidx*)
 .ARM.exidx     0x000078e4        0x8 c:/maxim/toolchain/bin/../lib/gcc/arm-none-eabi/6.3.1/thumb/v7e-m/fpv4-sp/hard\libgcc.a(_udivmoddi4.o)
                0x000078ec                __exidx_end = .

.rel.dyn        0x000078ec        0x0
 .rel.iplt      0x000078ec        0x0 c:/maxim/toolchain/bin/../lib/gcc/arm-none-eabi/6.3.1/thumb/v7e-m/fpv4-sp/hard/crtbegin.o

.data           0x20000000      0x9d4 load address 0x000078ec
                0x20000000                _data = ALIGN (., 0x4)
 *(.data*)
 .data.sourceData
                0x20000000       0x10 c:/Users/spayr/Documents/eclipseworkspace/MAX32660/I2C_Memory/build/main.o
                0x20000000                sourceData
 .data.ConsoleUART
                0x20000010        0x4 c:/Users/spayr/Documents/eclipseworkspace/MAX32660/I2C_Memory/build/board.o
                0x20000010                ConsoleUART
 .data.SystemCoreClock
                0x20000014        0x4 c:/Users/spayr/Documents/eclipseworkspace/MAX32660/I2C_Memory/build/system_max32660.o
                0x20000014                SystemCoreClock
 .data._impure_ptr
                0x20000018        0x4 c:/maxim/toolchain/bin/../lib/gcc/arm-none-eabi/6.3.1/../../../../arm-none-eabi/lib/thumb/v7e-m/fpv4-sp/hard\libc.a(lib_a-impure.o)
                0x20000018                _impure_ptr
 *fill*         0x2000001c        0x4 
 .data.impure_data
                0x20000020      0x428 c:/maxim/toolchain/bin/../lib/gcc/arm-none-eabi/6.3.1/../../../../arm-none-eabi/lib/thumb/v7e-m/fpv4-sp/hard\libc.a(lib_a-impure.o)
 .data.__atexit_recursive_mutex
                0x20000448        0x4 c:/maxim/toolchain/bin/../lib/gcc/arm-none-eabi/6.3.1/../../../../arm-none-eabi/lib/thumb/v7e-m/fpv4-sp/hard\libc.a(lib_a-__call_atexit.o)
                0x20000448                __atexit_recursive_mutex
 .data.__malloc_av_
                0x2000044c      0x408 c:/maxim/toolchain/bin/../lib/gcc/arm-none-eabi/6.3.1/../../../../arm-none-eabi/lib/thumb/v7e-m/fpv4-sp/hard\libc.a(lib_a-mallocr.o)
                0x2000044c                __malloc_av_
 .data.__malloc_sbrk_base
                0x20000854        0x4 c:/maxim/toolchain/bin/../lib/gcc/arm-none-eabi/6.3.1/../../../../arm-none-eabi/lib/thumb/v7e-m/fpv4-sp/hard\libc.a(lib_a-mallocr.o)
                0x20000854                __malloc_sbrk_base
 .data.__malloc_trim_threshold
                0x20000858        0x4 c:/maxim/toolchain/bin/../lib/gcc/arm-none-eabi/6.3.1/../../../../arm-none-eabi/lib/thumb/v7e-m/fpv4-sp/hard\libc.a(lib_a-mallocr.o)
                0x20000858                __malloc_trim_threshold
 .data.__global_locale
                0x2000085c      0x16c c:/maxim/toolchain/bin/../lib/gcc/arm-none-eabi/6.3.1/../../../../arm-none-eabi/lib/thumb/v7e-m/fpv4-sp/hard\libc.a(lib_a-locale.o)
                0x2000085c                __global_locale
 *(.spix_config*)
                0x200009c8                . = ALIGN (0x4)
                0x200009c8                PROVIDE (__preinit_array_start, .)
 *(.preinit_array)
                0x200009c8                PROVIDE (__preinit_array_end, .)
                0x200009c8                . = ALIGN (0x4)
                0x200009c8                PROVIDE (__init_array_start, .)
 *(SORT(.init_array.*))
 .init_array.00000
                0x200009c8        0x4 c:/maxim/toolchain/bin/../lib/gcc/arm-none-eabi/6.3.1/../../../../arm-none-eabi/lib/thumb/v7e-m/fpv4-sp/hard\libc.a(lib_a-__call_atexit.o)
 *(.init_array)
 .init_array    0x200009cc        0x4 c:/maxim/toolchain/bin/../lib/gcc/arm-none-eabi/6.3.1/thumb/v7e-m/fpv4-sp/hard/crtbegin.o
                0x200009d0                PROVIDE (__init_array_end, .)
                0x200009d0                . = ALIGN (0x4)
                0x200009d0                PROVIDE (__fini_array_start, .)
 *(SORT(.fini_array.*))
 *(.fini_array)
 .fini_array    0x200009d0        0x4 c:/maxim/toolchain/bin/../lib/gcc/arm-none-eabi/6.3.1/thumb/v7e-m/fpv4-sp/hard/crtbegin.o
                0x200009d4                PROVIDE (__fini_array_end, .)
                0x200009d4                _edata = ALIGN (., 0x4)
                0x000078ec                __load_data = LOADADDR (.data)

.jcr            0x200009d4        0x0 load address 0x000082c0
 .jcr           0x200009d4        0x0 c:/maxim/toolchain/bin/../lib/gcc/arm-none-eabi/6.3.1/thumb/v7e-m/fpv4-sp/hard/crtbegin.o

.igot.plt       0x200009d4        0x0 load address 0x000082c0
 .igot.plt      0x200009d4        0x0 c:/maxim/toolchain/bin/../lib/gcc/arm-none-eabi/6.3.1/thumb/v7e-m/fpv4-sp/hard/crtbegin.o

.bss            0x200009d8      0x188 load address 0x000082c0
                0x200009d8                . = ALIGN (0x4)
                0x200009d8                _bss = .
 *(.bss*)
 .bss           0x200009d8       0x1c c:/maxim/toolchain/bin/../lib/gcc/arm-none-eabi/6.3.1/thumb/v7e-m/fpv4-sp/hard/crtbegin.o
 .bss.r         0x200009f4        0x4 c:/Users/spayr/Documents/eclipseworkspace/MAX32660/I2C_Memory/build/main.o
                0x200009f4                r
 .bss.timeOut   0x200009f8        0x1 c:/Users/spayr/Documents/eclipseworkspace/MAX32660/I2C_Memory/build/main.o
                0x200009f8                timeOut
 *fill*         0x200009f9        0x3 
 .bss.heap_end  0x200009fc        0x4 c:/Users/spayr/Documents/eclipseworkspace/MAX32660/I2C_Memory/build/heap.o
 .bss.rx_states
                0x20000a00        0x8 c:/Users/spayr/Documents/eclipseworkspace/MAX32660/I2C_Memory/build/PeriphDriver/PeriphDriver.a(uart.o)
 .bss.tx_states
                0x20000a08        0x8 c:/Users/spayr/Documents/eclipseworkspace/MAX32660/I2C_Memory/build/PeriphDriver/PeriphDriver.a(uart.o)
 .bss.callback  0x20000a10       0x38 c:/Users/spayr/Documents/eclipseworkspace/MAX32660/I2C_Memory/build/PeriphDriver/PeriphDriver.a(gpio.o)
 .bss.cbparam   0x20000a48       0x38 c:/Users/spayr/Documents/eclipseworkspace/MAX32660/I2C_Memory/build/PeriphDriver/PeriphDriver.a(gpio.o)
 .bss.states    0x20000a80       0x10 c:/Users/spayr/Documents/eclipseworkspace/MAX32660/I2C_Memory/build/PeriphDriver/PeriphDriver.a(i2c.o)
 .bss.compare_value
                0x20000a90        0x8 c:/Users/spayr/Documents/eclipseworkspace/MAX32660/I2C_Memory/build/PeriphDriver/PeriphDriver.a(mxc_delay.o)
 .bss.ctrl_save
                0x20000a98        0x4 c:/Users/spayr/Documents/eclipseworkspace/MAX32660/I2C_Memory/build/PeriphDriver/PeriphDriver.a(mxc_delay.o)
 *fill*         0x20000a9c        0x4 
 .bss.curr_value
                0x20000aa0        0x8 c:/Users/spayr/Documents/eclipseworkspace/MAX32660/I2C_Memory/build/PeriphDriver/PeriphDriver.a(mxc_delay.o)
 .bss.reload    0x20000aa8        0x4 c:/Users/spayr/Documents/eclipseworkspace/MAX32660/I2C_Memory/build/PeriphDriver/PeriphDriver.a(mxc_delay.o)
 .bss.__malloc_current_mallinfo
                0x20000aac       0x28 c:/maxim/toolchain/bin/../lib/gcc/arm-none-eabi/6.3.1/../../../../arm-none-eabi/lib/thumb/v7e-m/fpv4-sp/hard\libc.a(lib_a-mallocr.o)
                0x20000aac                __malloc_current_mallinfo
 .bss.__malloc_max_sbrked_mem
                0x20000ad4        0x4 c:/maxim/toolchain/bin/../lib/gcc/arm-none-eabi/6.3.1/../../../../arm-none-eabi/lib/thumb/v7e-m/fpv4-sp/hard\libc.a(lib_a-mallocr.o)
                0x20000ad4                __malloc_max_sbrked_mem
 .bss.__malloc_max_total_mem
                0x20000ad8        0x4 c:/maxim/toolchain/bin/../lib/gcc/arm-none-eabi/6.3.1/../../../../arm-none-eabi/lib/thumb/v7e-m/fpv4-sp/hard\libc.a(lib_a-mallocr.o)
                0x20000ad8                __malloc_max_total_mem
 .bss.__malloc_top_pad
                0x20000adc        0x4 c:/maxim/toolchain/bin/../lib/gcc/arm-none-eabi/6.3.1/../../../../arm-none-eabi/lib/thumb/v7e-m/fpv4-sp/hard\libc.a(lib_a-mallocr.o)
                0x20000adc                __malloc_top_pad
 *(COMMON)
 COMMON         0x20000ae0       0x56 c:/Users/spayr/Documents/eclipseworkspace/MAX32660/I2C_Memory/build/main.o
                0x20000ae0                rxbuf
                0x20000ae4                i2c_cfg
                0x20000af4                i2c_flag
                0x20000af8                readBuffer
                0x20000b08                i2c_req
                0x20000b34                txbuf
                0x20000b35                readByte
 *fill*         0x20000b36        0x2 
 COMMON         0x20000b38       0x21 c:/maxim/toolchain/bin/../lib/gcc/arm-none-eabi/6.3.1/../../../../arm-none-eabi/lib/thumb/v7e-m/fpv4-sp/hard\libc.a(lib_a-lock.o)
                0x20000b38                __lock___atexit_recursive_mutex
                0x20000b3c                __lock___arc4random_mutex
                0x20000b40                __lock___env_recursive_mutex
                0x20000b44                __lock___sinit_recursive_mutex
                0x20000b48                __lock___malloc_recursive_mutex
                0x20000b4c                __lock___at_quick_exit_mutex
                0x20000b50                __lock___dd_hash_mutex
                0x20000b54                __lock___tz_mutex
                0x20000b58                __lock___sfp_recursive_mutex
 *fill*         0x20000b59        0x3 
 COMMON         0x20000b5c        0x4 c:/maxim/toolchain/bin/../lib/gcc/arm-none-eabi/6.3.1/../../../../arm-none-eabi/lib/thumb/v7e-m/fpv4-sp/hard\libc.a(lib_a-reent.o)
                0x20000b5c                errno
                0x20000b60                _ebss = ALIGN (., 0x4)
                0x20018000                __StackTop = (ORIGIN (SRAM) + LENGTH (SRAM))
                0x20017000                __StackLimit = (__StackTop - SIZEOF (.stack_dummy))

.stack_dummy    0x20000b60     0x1000 load address 0x000082c0
 *(.stack*)
 .stack         0x20000b60     0x1000 c:/Users/spayr/Documents/eclipseworkspace/MAX32660/I2C_Memory/build/startup_max32660.o

.heap           0x20000b60      0xc00 load address 0x000082c0
                0x20000b60                . = ALIGN (0x4)
 *(.heap*)
 .heap          0x20000b60      0xc00 c:/Users/spayr/Documents/eclipseworkspace/MAX32660/I2C_Memory/build/startup_max32660.o
                0x20000b60                __HeapBase
                0x20017000                __HeapLimit = ABSOLUTE (__StackLimit)
                0x20018000                PROVIDE (__stack, __StackTop)
                0x00000001                ASSERT ((__StackLimit >= _ebss), region RAM overflowed with stack)
OUTPUT(c:/Users/spayr/Documents/eclipseworkspace/MAX32660/I2C_Memory/build/I2C_Memory.elf elf32-littlearm)

.ARM.attributes
                0x00000000       0x30
 .ARM.attributes
                0x00000000       0x22 c:/maxim/toolchain/bin/../lib/gcc/arm-none-eabi/6.3.1/thumb/v7e-m/fpv4-sp/hard/crti.o
 .ARM.attributes
                0x00000022       0x34 c:/maxim/toolchain/bin/../lib/gcc/arm-none-eabi/6.3.1/thumb/v7e-m/fpv4-sp/hard/crtbegin.o
 .ARM.attributes
                0x00000056       0x39 c:/Users/spayr/Documents/eclipseworkspace/MAX32660/I2C_Memory/build/main.o
 .ARM.attributes
                0x0000008f       0x39 c:/Users/spayr/Documents/eclipseworkspace/MAX32660/I2C_Memory/build/board.o
 .ARM.attributes
                0x000000c8       0x39 c:/Users/spayr/Documents/eclipseworkspace/MAX32660/I2C_Memory/build/stdio.o
 .ARM.attributes
                0x00000101       0x39 c:/Users/spayr/Documents/eclipseworkspace/MAX32660/I2C_Memory/build/led.o
 .ARM.attributes
                0x0000013a       0x39 c:/Users/spayr/Documents/eclipseworkspace/MAX32660/I2C_Memory/build/pb.o
 .ARM.attributes
                0x00000173       0x1b c:/Users/spayr/Documents/eclipseworkspace/MAX32660/I2C_Memory/build/startup_max32660.o
 .ARM.attributes
                0x0000018e       0x39 c:/Users/spayr/Documents/eclipseworkspace/MAX32660/I2C_Memory/build/heap.o
 .ARM.attributes
                0x000001c7       0x39 c:/Users/spayr/Documents/eclipseworkspace/MAX32660/I2C_Memory/build/system_max32660.o
 .ARM.attributes
                0x00000200       0x39 c:/Users/spayr/Documents/eclipseworkspace/MAX32660/I2C_Memory/build/PeriphDriver/PeriphDriver.a(uart.o)
 .ARM.attributes
                0x00000239       0x39 c:/Users/spayr/Documents/eclipseworkspace/MAX32660/I2C_Memory/build/PeriphDriver/PeriphDriver.a(gpio.o)
 .ARM.attributes
                0x00000272       0x39 c:/Users/spayr/Documents/eclipseworkspace/MAX32660/I2C_Memory/build/PeriphDriver/PeriphDriver.a(i2c.o)
 .ARM.attributes
                0x000002ab       0x39 c:/Users/spayr/Documents/eclipseworkspace/MAX32660/I2C_Memory/build/PeriphDriver/PeriphDriver.a(mxc_delay.o)
 .ARM.attributes
                0x000002e4       0x39 c:/Users/spayr/Documents/eclipseworkspace/MAX32660/I2C_Memory/build/PeriphDriver/PeriphDriver.a(mxc_lock.o)
 .ARM.attributes
                0x0000031d       0x39 c:/Users/spayr/Documents/eclipseworkspace/MAX32660/I2C_Memory/build/PeriphDriver/PeriphDriver.a(mxc_sys.o)
 .ARM.attributes
                0x00000356       0x39 c:/Users/spayr/Documents/eclipseworkspace/MAX32660/I2C_Memory/build/PeriphDriver/PeriphDriver.a(mxc_pins.o)
 .ARM.attributes
                0x0000038f       0x34 c:/maxim/toolchain/bin/../lib/gcc/arm-none-eabi/6.3.1/../../../../arm-none-eabi/lib/thumb/v7e-m/fpv4-sp/hard\libc.a(lib_a-errno.o)
 .ARM.attributes
                0x000003c3       0x34 c:/maxim/toolchain/bin/../lib/gcc/arm-none-eabi/6.3.1/../../../../arm-none-eabi/lib/thumb/v7e-m/fpv4-sp/hard\libc.a(lib_a-impure.o)
 .ARM.attributes
                0x000003f7       0x34 c:/maxim/toolchain/bin/../lib/gcc/arm-none-eabi/6.3.1/../../../../arm-none-eabi/lib/thumb/v7e-m/fpv4-sp/hard\libc.a(lib_a-init.o)
 .ARM.attributes
                0x0000042b       0x34 c:/maxim/toolchain/bin/../lib/gcc/arm-none-eabi/6.3.1/../../../../arm-none-eabi/lib/thumb/v7e-m/fpv4-sp/hard\libc.a(lib_a-memset.o)
 .ARM.attributes
                0x0000045f       0x34 c:/maxim/toolchain/bin/../lib/gcc/arm-none-eabi/6.3.1/../../../../arm-none-eabi/lib/thumb/v7e-m/fpv4-sp/hard\libc.a(lib_a-printf.o)
 .ARM.attributes
                0x00000493       0x34 c:/maxim/toolchain/bin/../lib/gcc/arm-none-eabi/6.3.1/../../../../arm-none-eabi/lib/thumb/v7e-m/fpv4-sp/hard\libc.a(lib_a-putchar.o)
 .ARM.attributes
                0x000004c7       0x34 c:/maxim/toolchain/bin/../lib/gcc/arm-none-eabi/6.3.1/../../../../arm-none-eabi/lib/thumb/v7e-m/fpv4-sp/hard\libc.a(lib_a-puts.o)
 .ARM.attributes
                0x000004fb       0x20 c:/maxim/toolchain/bin/../lib/gcc/arm-none-eabi/6.3.1/../../../../arm-none-eabi/lib/thumb/v7e-m/fpv4-sp/hard\libc.a(lib_a-strlen.o)
 .ARM.attributes
                0x0000051b       0x34 c:/maxim/toolchain/bin/../lib/gcc/arm-none-eabi/6.3.1/../../../../arm-none-eabi/lib/thumb/v7e-m/fpv4-sp/hard\libc.a(lib_a-vfprintf.o)
 .ARM.attributes
                0x0000054f       0x34 c:/maxim/toolchain/bin/../lib/gcc/arm-none-eabi/6.3.1/../../../../arm-none-eabi/lib/thumb/v7e-m/fpv4-sp/hard\libc.a(lib_a-wsetup.o)
 .ARM.attributes
                0x00000583       0x34 c:/maxim/toolchain/bin/../lib/gcc/arm-none-eabi/6.3.1/../../../../arm-none-eabi/lib/thumb/v7e-m/fpv4-sp/hard\libc.a(lib_a-__call_atexit.o)
 .ARM.attributes
                0x000005b7       0x34 c:/maxim/toolchain/bin/../lib/gcc/arm-none-eabi/6.3.1/../../../../arm-none-eabi/lib/thumb/v7e-m/fpv4-sp/hard\libc.a(lib_a-atexit.o)
 .ARM.attributes
                0x000005eb       0x34 c:/maxim/toolchain/bin/../lib/gcc/arm-none-eabi/6.3.1/../../../../arm-none-eabi/lib/thumb/v7e-m/fpv4-sp/hard\libc.a(lib_a-dtoa.o)
 .ARM.attributes
                0x0000061f       0x34 c:/maxim/toolchain/bin/../lib/gcc/arm-none-eabi/6.3.1/../../../../arm-none-eabi/lib/thumb/v7e-m/fpv4-sp/hard\libc.a(lib_a-fflush.o)
 .ARM.attributes
                0x00000653       0x34 c:/maxim/toolchain/bin/../lib/gcc/arm-none-eabi/6.3.1/../../../../arm-none-eabi/lib/thumb/v7e-m/fpv4-sp/hard\libc.a(lib_a-findfp.o)
 .ARM.attributes
                0x00000687       0x34 c:/maxim/toolchain/bin/../lib/gcc/arm-none-eabi/6.3.1/../../../../arm-none-eabi/lib/thumb/v7e-m/fpv4-sp/hard\libc.a(lib_a-fini.o)
 .ARM.attributes
                0x000006bb       0x34 c:/maxim/toolchain/bin/../lib/gcc/arm-none-eabi/6.3.1/../../../../arm-none-eabi/lib/thumb/v7e-m/fpv4-sp/hard\libc.a(lib_a-freer.o)
 .ARM.attributes
                0x000006ef       0x34 c:/maxim/toolchain/bin/../lib/gcc/arm-none-eabi/6.3.1/../../../../arm-none-eabi/lib/thumb/v7e-m/fpv4-sp/hard\libc.a(lib_a-fvwrite.o)
 .ARM.attributes
                0x00000723       0x34 c:/maxim/toolchain/bin/../lib/gcc/arm-none-eabi/6.3.1/../../../../arm-none-eabi/lib/thumb/v7e-m/fpv4-sp/hard\libc.a(lib_a-fwalk.o)
 .ARM.attributes
                0x00000757       0x34 c:/maxim/toolchain/bin/../lib/gcc/arm-none-eabi/6.3.1/../../../../arm-none-eabi/lib/thumb/v7e-m/fpv4-sp/hard\libc.a(lib_a-localeconv.o)
 .ARM.attributes
                0x0000078b       0x34 c:/maxim/toolchain/bin/../lib/gcc/arm-none-eabi/6.3.1/../../../../arm-none-eabi/lib/thumb/v7e-m/fpv4-sp/hard\libc.a(lib_a-lock.o)
 .ARM.attributes
                0x000007bf       0x34 c:/maxim/toolchain/bin/../lib/gcc/arm-none-eabi/6.3.1/../../../../arm-none-eabi/lib/thumb/v7e-m/fpv4-sp/hard\libc.a(lib_a-makebuf.o)
 .ARM.attributes
                0x000007f3       0x34 c:/maxim/toolchain/bin/../lib/gcc/arm-none-eabi/6.3.1/../../../../arm-none-eabi/lib/thumb/v7e-m/fpv4-sp/hard\libc.a(lib_a-mallocr.o)
 .ARM.attributes
                0x00000827       0x20 c:/maxim/toolchain/bin/../lib/gcc/arm-none-eabi/6.3.1/../../../../arm-none-eabi/lib/thumb/v7e-m/fpv4-sp/hard\libc.a(lib_a-memchr.o)
 .ARM.attributes
                0x00000847       0x20 c:/maxim/toolchain/bin/../lib/gcc/arm-none-eabi/6.3.1/../../../../arm-none-eabi/lib/thumb/v7e-m/fpv4-sp/hard\libc.a(lib_a-memcpy.o)
 .ARM.attributes
                0x00000867       0x34 c:/maxim/toolchain/bin/../lib/gcc/arm-none-eabi/6.3.1/../../../../arm-none-eabi/lib/thumb/v7e-m/fpv4-sp/hard\libc.a(lib_a-memmove.o)
 .ARM.attributes
                0x0000089b       0x34 c:/maxim/toolchain/bin/../lib/gcc/arm-none-eabi/6.3.1/../../../../arm-none-eabi/lib/thumb/v7e-m/fpv4-sp/hard\libc.a(lib_a-mlock.o)
 .ARM.attributes
                0x000008cf       0x34 c:/maxim/toolchain/bin/../lib/gcc/arm-none-eabi/6.3.1/../../../../arm-none-eabi/lib/thumb/v7e-m/fpv4-sp/hard\libc.a(lib_a-mprec.o)
 .ARM.attributes
                0x00000903       0x34 c:/maxim/toolchain/bin/../lib/gcc/arm-none-eabi/6.3.1/../../../../arm-none-eabi/lib/thumb/v7e-m/fpv4-sp/hard\libc.a(lib_a-putc.o)
 .ARM.attributes
                0x00000937       0x34 c:/maxim/toolchain/bin/../lib/gcc/arm-none-eabi/6.3.1/../../../../arm-none-eabi/lib/thumb/v7e-m/fpv4-sp/hard\libc.a(lib_a-reallocr.o)
 .ARM.attributes
                0x0000096b       0x34 c:/maxim/toolchain/bin/../lib/gcc/arm-none-eabi/6.3.1/../../../../arm-none-eabi/lib/thumb/v7e-m/fpv4-sp/hard\libc.a(lib_a-sbrkr.o)
 .ARM.attributes
                0x0000099f       0x34 c:/maxim/toolchain/bin/../lib/gcc/arm-none-eabi/6.3.1/../../../../arm-none-eabi/lib/thumb/v7e-m/fpv4-sp/hard\libc.a(lib_a-stdio.o)
 .ARM.attributes
                0x000009d3       0x34 c:/maxim/toolchain/bin/../lib/gcc/arm-none-eabi/6.3.1/../../../../arm-none-eabi/lib/thumb/v7e-m/fpv4-sp/hard\libc.a(lib_a-vfiprintf.o)
 .ARM.attributes
                0x00000a07       0x34 c:/maxim/toolchain/bin/../lib/gcc/arm-none-eabi/6.3.1/../../../../arm-none-eabi/lib/thumb/v7e-m/fpv4-sp/hard\libc.a(lib_a-wbuf.o)
 .ARM.attributes
                0x00000a3b       0x34 c:/maxim/toolchain/bin/../lib/gcc/arm-none-eabi/6.3.1/../../../../arm-none-eabi/lib/thumb/v7e-m/fpv4-sp/hard\libc.a(lib_a-writer.o)
 .ARM.attributes
                0x00000a6f       0x34 c:/maxim/toolchain/bin/../lib/gcc/arm-none-eabi/6.3.1/../../../../arm-none-eabi/lib/thumb/v7e-m/fpv4-sp/hard\libc.a(lib_a-__atexit.o)
 .ARM.attributes
                0x00000aa3       0x34 c:/maxim/toolchain/bin/../lib/gcc/arm-none-eabi/6.3.1/../../../../arm-none-eabi/lib/thumb/v7e-m/fpv4-sp/hard\libc.a(lib_a-callocr.o)
 .ARM.attributes
                0x00000ad7       0x34 c:/maxim/toolchain/bin/../lib/gcc/arm-none-eabi/6.3.1/../../../../arm-none-eabi/lib/thumb/v7e-m/fpv4-sp/hard\libc.a(lib_a-closer.o)
 .ARM.attributes
                0x00000b0b       0x34 c:/maxim/toolchain/bin/../lib/gcc/arm-none-eabi/6.3.1/../../../../arm-none-eabi/lib/thumb/v7e-m/fpv4-sp/hard\libc.a(lib_a-fclose.o)
 .ARM.attributes
                0x00000b3f       0x34 c:/maxim/toolchain/bin/../lib/gcc/arm-none-eabi/6.3.1/../../../../arm-none-eabi/lib/thumb/v7e-m/fpv4-sp/hard\libc.a(lib_a-fputwc.o)
 .ARM.attributes
                0x00000b73       0x34 c:/maxim/toolchain/bin/../lib/gcc/arm-none-eabi/6.3.1/../../../../arm-none-eabi/lib/thumb/v7e-m/fpv4-sp/hard\libc.a(lib_a-fstatr.o)
 .ARM.attributes
                0x00000ba7       0x34 c:/maxim/toolchain/bin/../lib/gcc/arm-none-eabi/6.3.1/../../../../arm-none-eabi/lib/thumb/v7e-m/fpv4-sp/hard\libc.a(lib_a-isattyr.o)
 .ARM.attributes
                0x00000bdb       0x34 c:/maxim/toolchain/bin/../lib/gcc/arm-none-eabi/6.3.1/../../../../arm-none-eabi/lib/thumb/v7e-m/fpv4-sp/hard\libc.a(lib_a-locale.o)
 .ARM.attributes
                0x00000c0f       0x34 c:/maxim/toolchain/bin/../lib/gcc/arm-none-eabi/6.3.1/../../../../arm-none-eabi/lib/thumb/v7e-m/fpv4-sp/hard\libc.a(lib_a-lseekr.o)
 .ARM.attributes
                0x00000c43       0x34 c:/maxim/toolchain/bin/../lib/gcc/arm-none-eabi/6.3.1/../../../../arm-none-eabi/lib/thumb/v7e-m/fpv4-sp/hard\libc.a(lib_a-mbtowc_r.o)
 .ARM.attributes
                0x00000c77       0x34 c:/maxim/toolchain/bin/../lib/gcc/arm-none-eabi/6.3.1/../../../../arm-none-eabi/lib/thumb/v7e-m/fpv4-sp/hard\libc.a(lib_a-readr.o)
 .ARM.attributes
                0x00000cab       0x34 c:/maxim/toolchain/bin/../lib/gcc/arm-none-eabi/6.3.1/../../../../arm-none-eabi/lib/thumb/v7e-m/fpv4-sp/hard\libc.a(lib_a-reent.o)
 .ARM.attributes
                0x00000cdf       0x34 c:/maxim/toolchain/bin/../lib/gcc/arm-none-eabi/6.3.1/../../../../arm-none-eabi/lib/thumb/v7e-m/fpv4-sp/hard\libc.a(lib_a-wcrtomb.o)
 .ARM.attributes
                0x00000d13       0x34 c:/maxim/toolchain/bin/../lib/gcc/arm-none-eabi/6.3.1/../../../../arm-none-eabi/lib/thumb/v7e-m/fpv4-sp/hard\libc.a(lib_a-wctomb_r.o)
 .ARM.attributes
                0x00000d47       0x34 c:/maxim/toolchain/bin/../lib/gcc/arm-none-eabi/6.3.1/../../../../arm-none-eabi/lib/thumb/v7e-m/fpv4-sp/hard\libc.a(lib_a-ctype_.o)
 .ARM.attributes
                0x00000d7b       0x22 c:/maxim/toolchain/bin/../lib/gcc/arm-none-eabi/6.3.1/thumb/v7e-m/fpv4-sp/hard\libgcc.a(_arm_addsubdf3.o)
 .ARM.attributes
                0x00000d9d       0x22 c:/maxim/toolchain/bin/../lib/gcc/arm-none-eabi/6.3.1/thumb/v7e-m/fpv4-sp/hard\libgcc.a(_arm_muldivdf3.o)
 .ARM.attributes
                0x00000dbf       0x22 c:/maxim/toolchain/bin/../lib/gcc/arm-none-eabi/6.3.1/thumb/v7e-m/fpv4-sp/hard\libgcc.a(_arm_cmpdf2.o)
 .ARM.attributes
                0x00000de1       0x22 c:/maxim/toolchain/bin/../lib/gcc/arm-none-eabi/6.3.1/thumb/v7e-m/fpv4-sp/hard\libgcc.a(_arm_unorddf2.o)
 .ARM.attributes
                0x00000e03       0x22 c:/maxim/toolchain/bin/../lib/gcc/arm-none-eabi/6.3.1/thumb/v7e-m/fpv4-sp/hard\libgcc.a(_arm_fixdfsi.o)
 .ARM.attributes
                0x00000e25       0x22 c:/maxim/toolchain/bin/../lib/gcc/arm-none-eabi/6.3.1/thumb/v7e-m/fpv4-sp/hard\libgcc.a(_aeabi_uldivmod.o)
 .ARM.attributes
                0x00000e47       0x34 c:/maxim/toolchain/bin/../lib/gcc/arm-none-eabi/6.3.1/thumb/v7e-m/fpv4-sp/hard\libgcc.a(_udivmoddi4.o)
 .ARM.attributes
                0x00000e7b       0x22 c:/maxim/toolchain/bin/../lib/gcc/arm-none-eabi/6.3.1/thumb/v7e-m/fpv4-sp/hard\libgcc.a(_dvmd_tls.o)
 .ARM.attributes
                0x00000e9d       0x34 c:/maxim/toolchain/bin/../lib/gcc/arm-none-eabi/6.3.1/thumb/v7e-m/fpv4-sp/hard/crtend.o
 .ARM.attributes
                0x00000ed1       0x22 c:/maxim/toolchain/bin/../lib/gcc/arm-none-eabi/6.3.1/thumb/v7e-m/fpv4-sp/hard/crtn.o

.comment        0x00000000       0x7f
 .comment       0x00000000       0x7f c:/Users/spayr/Documents/eclipseworkspace/MAX32660/I2C_Memory/build/main.o
                                 0x80 (size before relaxing)
 .comment       0x0000007f       0x80 c:/Users/spayr/Documents/eclipseworkspace/MAX32660/I2C_Memory/build/board.o
 .comment       0x0000007f       0x80 c:/Users/spayr/Documents/eclipseworkspace/MAX32660/I2C_Memory/build/stdio.o
 .comment       0x0000007f       0x80 c:/Users/spayr/Documents/eclipseworkspace/MAX32660/I2C_Memory/build/led.o
 .comment       0x0000007f       0x80 c:/Users/spayr/Documents/eclipseworkspace/MAX32660/I2C_Memory/build/pb.o
 .comment       0x0000007f       0x80 c:/Users/spayr/Documents/eclipseworkspace/MAX32660/I2C_Memory/build/heap.o
 .comment       0x0000007f       0x80 c:/Users/spayr/Documents/eclipseworkspace/MAX32660/I2C_Memory/build/system_max32660.o
 .comment       0x0000007f       0x80 c:/Users/spayr/Documents/eclipseworkspace/MAX32660/I2C_Memory/build/PeriphDriver/PeriphDriver.a(uart.o)
 .comment       0x0000007f       0x80 c:/Users/spayr/Documents/eclipseworkspace/MAX32660/I2C_Memory/build/PeriphDriver/PeriphDriver.a(gpio.o)
 .comment       0x0000007f       0x80 c:/Users/spayr/Documents/eclipseworkspace/MAX32660/I2C_Memory/build/PeriphDriver/PeriphDriver.a(i2c.o)
 .comment       0x0000007f       0x80 c:/Users/spayr/Documents/eclipseworkspace/MAX32660/I2C_Memory/build/PeriphDriver/PeriphDriver.a(mxc_delay.o)
 .comment       0x0000007f       0x80 c:/Users/spayr/Documents/eclipseworkspace/MAX32660/I2C_Memory/build/PeriphDriver/PeriphDriver.a(mxc_lock.o)
 .comment       0x0000007f       0x80 c:/Users/spayr/Documents/eclipseworkspace/MAX32660/I2C_Memory/build/PeriphDriver/PeriphDriver.a(mxc_sys.o)
 .comment       0x0000007f       0x80 c:/Users/spayr/Documents/eclipseworkspace/MAX32660/I2C_Memory/build/PeriphDriver/PeriphDriver.a(mxc_pins.o)

.debug_info     0x00000000     0xcb4b
 .debug_info    0x00000000     0x18fb c:/Users/spayr/Documents/eclipseworkspace/MAX32660/I2C_Memory/build/main.o
 .debug_info    0x000018fb     0x11cf c:/Users/spayr/Documents/eclipseworkspace/MAX32660/I2C_Memory/build/board.o
 .debug_info    0x00002aca      0xfa5 c:/Users/spayr/Documents/eclipseworkspace/MAX32660/I2C_Memory/build/stdio.o
 .debug_info    0x00003a6f      0xbfe c:/Users/spayr/Documents/eclipseworkspace/MAX32660/I2C_Memory/build/led.o
 .debug_info    0x0000466d      0x8bb c:/Users/spayr/Documents/eclipseworkspace/MAX32660/I2C_Memory/build/pb.o
 .debug_info    0x00004f28      0x98d c:/Users/spayr/Documents/eclipseworkspace/MAX32660/I2C_Memory/build/heap.o
 .debug_info    0x000058b5     0x1094 c:/Users/spayr/Documents/eclipseworkspace/MAX32660/I2C_Memory/build/system_max32660.o
 .debug_info    0x00006949     0x17be c:/Users/spayr/Documents/eclipseworkspace/MAX32660/I2C_Memory/build/PeriphDriver/PeriphDriver.a(uart.o)
 .debug_info    0x00008107      0x8c0 c:/Users/spayr/Documents/eclipseworkspace/MAX32660/I2C_Memory/build/PeriphDriver/PeriphDriver.a(gpio.o)
 .debug_info    0x000089c7     0x1892 c:/Users/spayr/Documents/eclipseworkspace/MAX32660/I2C_Memory/build/PeriphDriver/PeriphDriver.a(i2c.o)
 .debug_info    0x0000a259      0x3f7 c:/Users/spayr/Documents/eclipseworkspace/MAX32660/I2C_Memory/build/PeriphDriver/PeriphDriver.a(mxc_delay.o)
 .debug_info    0x0000a650      0x37b c:/Users/spayr/Documents/eclipseworkspace/MAX32660/I2C_Memory/build/PeriphDriver/PeriphDriver.a(mxc_lock.o)
 .debug_info    0x0000a9cb     0x1e8f c:/Users/spayr/Documents/eclipseworkspace/MAX32660/I2C_Memory/build/PeriphDriver/PeriphDriver.a(mxc_sys.o)
 .debug_info    0x0000c85a      0x2f1 c:/Users/spayr/Documents/eclipseworkspace/MAX32660/I2C_Memory/build/PeriphDriver/PeriphDriver.a(mxc_pins.o)

.debug_abbrev   0x00000000     0x22c2
 .debug_abbrev  0x00000000      0x351 c:/Users/spayr/Documents/eclipseworkspace/MAX32660/I2C_Memory/build/main.o
 .debug_abbrev  0x00000351      0x2a9 c:/Users/spayr/Documents/eclipseworkspace/MAX32660/I2C_Memory/build/board.o
 .debug_abbrev  0x000005fa      0x263 c:/Users/spayr/Documents/eclipseworkspace/MAX32660/I2C_Memory/build/stdio.o
 .debug_abbrev  0x0000085d      0x259 c:/Users/spayr/Documents/eclipseworkspace/MAX32660/I2C_Memory/build/led.o
 .debug_abbrev  0x00000ab6      0x234 c:/Users/spayr/Documents/eclipseworkspace/MAX32660/I2C_Memory/build/pb.o
 .debug_abbrev  0x00000cea      0x1fa c:/Users/spayr/Documents/eclipseworkspace/MAX32660/I2C_Memory/build/heap.o
 .debug_abbrev  0x00000ee4      0x289 c:/Users/spayr/Documents/eclipseworkspace/MAX32660/I2C_Memory/build/system_max32660.o
 .debug_abbrev  0x0000116d      0x3d0 c:/Users/spayr/Documents/eclipseworkspace/MAX32660/I2C_Memory/build/PeriphDriver/PeriphDriver.a(uart.o)
 .debug_abbrev  0x0000153d      0x223 c:/Users/spayr/Documents/eclipseworkspace/MAX32660/I2C_Memory/build/PeriphDriver/PeriphDriver.a(gpio.o)
 .debug_abbrev  0x00001760      0x3d8 c:/Users/spayr/Documents/eclipseworkspace/MAX32660/I2C_Memory/build/PeriphDriver/PeriphDriver.a(i2c.o)
 .debug_abbrev  0x00001b38      0x19b c:/Users/spayr/Documents/eclipseworkspace/MAX32660/I2C_Memory/build/PeriphDriver/PeriphDriver.a(mxc_delay.o)
 .debug_abbrev  0x00001cd3      0x17f c:/Users/spayr/Documents/eclipseworkspace/MAX32660/I2C_Memory/build/PeriphDriver/PeriphDriver.a(mxc_lock.o)
 .debug_abbrev  0x00001e52      0x3ba c:/Users/spayr/Documents/eclipseworkspace/MAX32660/I2C_Memory/build/PeriphDriver/PeriphDriver.a(mxc_sys.o)
 .debug_abbrev  0x0000220c       0xb6 c:/Users/spayr/Documents/eclipseworkspace/MAX32660/I2C_Memory/build/PeriphDriver/PeriphDriver.a(mxc_pins.o)

.debug_loc      0x00000000     0x3f9c
 .debug_loc     0x00000000      0x597 c:/Users/spayr/Documents/eclipseworkspace/MAX32660/I2C_Memory/build/main.o
 .debug_loc     0x00000597       0xdb c:/Users/spayr/Documents/eclipseworkspace/MAX32660/I2C_Memory/build/board.o
 .debug_loc     0x00000672      0x2e1 c:/Users/spayr/Documents/eclipseworkspace/MAX32660/I2C_Memory/build/stdio.o
 .debug_loc     0x00000953      0x11c c:/Users/spayr/Documents/eclipseworkspace/MAX32660/I2C_Memory/build/led.o
 .debug_loc     0x00000a6f      0x1e2 c:/Users/spayr/Documents/eclipseworkspace/MAX32660/I2C_Memory/build/pb.o
 .debug_loc     0x00000c51       0x63 c:/Users/spayr/Documents/eclipseworkspace/MAX32660/I2C_Memory/build/heap.o
 .debug_loc     0x00000cb4       0x83 c:/Users/spayr/Documents/eclipseworkspace/MAX32660/I2C_Memory/build/system_max32660.o
 .debug_loc     0x00000d37      0xcb0 c:/Users/spayr/Documents/eclipseworkspace/MAX32660/I2C_Memory/build/PeriphDriver/PeriphDriver.a(uart.o)
 .debug_loc     0x000019e7      0x392 c:/Users/spayr/Documents/eclipseworkspace/MAX32660/I2C_Memory/build/PeriphDriver/PeriphDriver.a(gpio.o)
 .debug_loc     0x00001d79     0x1400 c:/Users/spayr/Documents/eclipseworkspace/MAX32660/I2C_Memory/build/PeriphDriver/PeriphDriver.a(i2c.o)
 .debug_loc     0x00003179      0x182 c:/Users/spayr/Documents/eclipseworkspace/MAX32660/I2C_Memory/build/PeriphDriver/PeriphDriver.a(mxc_delay.o)
 .debug_loc     0x000032fb       0x73 c:/Users/spayr/Documents/eclipseworkspace/MAX32660/I2C_Memory/build/PeriphDriver/PeriphDriver.a(mxc_lock.o)
 .debug_loc     0x0000336e      0xc2e c:/Users/spayr/Documents/eclipseworkspace/MAX32660/I2C_Memory/build/PeriphDriver/PeriphDriver.a(mxc_sys.o)

.debug_aranges  0x00000000      0x578
 .debug_aranges
                0x00000000       0x58 c:/Users/spayr/Documents/eclipseworkspace/MAX32660/I2C_Memory/build/main.o
 .debug_aranges
                0x00000058       0x40 c:/Users/spayr/Documents/eclipseworkspace/MAX32660/I2C_Memory/build/board.o
 .debug_aranges
                0x00000098       0x50 c:/Users/spayr/Documents/eclipseworkspace/MAX32660/I2C_Memory/build/stdio.o
 .debug_aranges
                0x000000e8       0x38 c:/Users/spayr/Documents/eclipseworkspace/MAX32660/I2C_Memory/build/led.o
 .debug_aranges
                0x00000120       0x50 c:/Users/spayr/Documents/eclipseworkspace/MAX32660/I2C_Memory/build/pb.o
 .debug_aranges
                0x00000170       0x20 c:/Users/spayr/Documents/eclipseworkspace/MAX32660/I2C_Memory/build/heap.o
 .debug_aranges
                0x00000190       0x38 c:/Users/spayr/Documents/eclipseworkspace/MAX32660/I2C_Memory/build/system_max32660.o
 .debug_aranges
                0x000001c8       0xc8 c:/Users/spayr/Documents/eclipseworkspace/MAX32660/I2C_Memory/build/PeriphDriver/PeriphDriver.a(uart.o)
 .debug_aranges
                0x00000290       0x90 c:/Users/spayr/Documents/eclipseworkspace/MAX32660/I2C_Memory/build/PeriphDriver/PeriphDriver.a(gpio.o)
 .debug_aranges
                0x00000320       0x98 c:/Users/spayr/Documents/eclipseworkspace/MAX32660/I2C_Memory/build/PeriphDriver/PeriphDriver.a(i2c.o)
 .debug_aranges
                0x000003b8       0x50 c:/Users/spayr/Documents/eclipseworkspace/MAX32660/I2C_Memory/build/PeriphDriver/PeriphDriver.a(mxc_delay.o)
 .debug_aranges
                0x00000408       0x28 c:/Users/spayr/Documents/eclipseworkspace/MAX32660/I2C_Memory/build/PeriphDriver/PeriphDriver.a(mxc_lock.o)
 .debug_aranges
                0x00000430      0x130 c:/Users/spayr/Documents/eclipseworkspace/MAX32660/I2C_Memory/build/PeriphDriver/PeriphDriver.a(mxc_sys.o)
 .debug_aranges
                0x00000560       0x18 c:/Users/spayr/Documents/eclipseworkspace/MAX32660/I2C_Memory/build/PeriphDriver/PeriphDriver.a(mxc_pins.o)

.debug_ranges   0x00000000      0x4e0
 .debug_ranges  0x00000000       0x48 c:/Users/spayr/Documents/eclipseworkspace/MAX32660/I2C_Memory/build/main.o
 .debug_ranges  0x00000048       0x30 c:/Users/spayr/Documents/eclipseworkspace/MAX32660/I2C_Memory/build/board.o
 .debug_ranges  0x00000078       0x40 c:/Users/spayr/Documents/eclipseworkspace/MAX32660/I2C_Memory/build/stdio.o
 .debug_ranges  0x000000b8       0x28 c:/Users/spayr/Documents/eclipseworkspace/MAX32660/I2C_Memory/build/led.o
 .debug_ranges  0x000000e0       0x40 c:/Users/spayr/Documents/eclipseworkspace/MAX32660/I2C_Memory/build/pb.o
 .debug_ranges  0x00000120       0x10 c:/Users/spayr/Documents/eclipseworkspace/MAX32660/I2C_Memory/build/heap.o
 .debug_ranges  0x00000130       0x28 c:/Users/spayr/Documents/eclipseworkspace/MAX32660/I2C_Memory/build/system_max32660.o
 .debug_ranges  0x00000158       0xb8 c:/Users/spayr/Documents/eclipseworkspace/MAX32660/I2C_Memory/build/PeriphDriver/PeriphDriver.a(uart.o)
 .debug_ranges  0x00000210       0x80 c:/Users/spayr/Documents/eclipseworkspace/MAX32660/I2C_Memory/build/PeriphDriver/PeriphDriver.a(gpio.o)
 .debug_ranges  0x00000290       0xd8 c:/Users/spayr/Documents/eclipseworkspace/MAX32660/I2C_Memory/build/PeriphDriver/PeriphDriver.a(i2c.o)
 .debug_ranges  0x00000368       0x40 c:/Users/spayr/Documents/eclipseworkspace/MAX32660/I2C_Memory/build/PeriphDriver/PeriphDriver.a(mxc_delay.o)
 .debug_ranges  0x000003a8       0x18 c:/Users/spayr/Documents/eclipseworkspace/MAX32660/I2C_Memory/build/PeriphDriver/PeriphDriver.a(mxc_lock.o)
 .debug_ranges  0x000003c0      0x120 c:/Users/spayr/Documents/eclipseworkspace/MAX32660/I2C_Memory/build/PeriphDriver/PeriphDriver.a(mxc_sys.o)

.debug_macro    0x00000000     0xb9f8
 .debug_macro   0x00000000      0x388 c:/Users/spayr/Documents/eclipseworkspace/MAX32660/I2C_Memory/build/main.o
 .debug_macro   0x00000388      0x8bc c:/Users/spayr/Documents/eclipseworkspace/MAX32660/I2C_Memory/build/main.o
 .debug_macro   0x00000c44       0x22 c:/Users/spayr/Documents/eclipseworkspace/MAX32660/I2C_Memory/build/main.o
 .debug_macro   0x00000c66       0x52 c:/Users/spayr/Documents/eclipseworkspace/MAX32660/I2C_Memory/build/main.o
 .debug_macro   0x00000cb8       0x8d c:/Users/spayr/Documents/eclipseworkspace/MAX32660/I2C_Memory/build/main.o
 .debug_macro   0x00000d45       0x35 c:/Users/spayr/Documents/eclipseworkspace/MAX32660/I2C_Memory/build/main.o
 .debug_macro   0x00000d7a       0x9c c:/Users/spayr/Documents/eclipseworkspace/MAX32660/I2C_Memory/build/main.o
 .debug_macro   0x00000e16       0x16 c:/Users/spayr/Documents/eclipseworkspace/MAX32660/I2C_Memory/build/main.o
 .debug_macro   0x00000e2c       0x57 c:/Users/spayr/Documents/eclipseworkspace/MAX32660/I2C_Memory/build/main.o
 .debug_macro   0x00000e83       0x97 c:/Users/spayr/Documents/eclipseworkspace/MAX32660/I2C_Memory/build/main.o
 .debug_macro   0x00000f1a      0x30d c:/Users/spayr/Documents/eclipseworkspace/MAX32660/I2C_Memory/build/main.o
 .debug_macro   0x00001227       0xfd c:/Users/spayr/Documents/eclipseworkspace/MAX32660/I2C_Memory/build/main.o
 .debug_macro   0x00001324       0x10 c:/Users/spayr/Documents/eclipseworkspace/MAX32660/I2C_Memory/build/main.o
 .debug_macro   0x00001334       0x58 c:/Users/spayr/Documents/eclipseworkspace/MAX32660/I2C_Memory/build/main.o
 .debug_macro   0x0000138c       0x1f c:/Users/spayr/Documents/eclipseworkspace/MAX32660/I2C_Memory/build/main.o
 .debug_macro   0x000013ab       0x43 c:/Users/spayr/Documents/eclipseworkspace/MAX32660/I2C_Memory/build/main.o
 .debug_macro   0x000013ee       0x20 c:/Users/spayr/Documents/eclipseworkspace/MAX32660/I2C_Memory/build/main.o
 .debug_macro   0x0000140e      0x187 c:/Users/spayr/Documents/eclipseworkspace/MAX32660/I2C_Memory/build/main.o
 .debug_macro   0x00001595       0x10 c:/Users/spayr/Documents/eclipseworkspace/MAX32660/I2C_Memory/build/main.o
 .debug_macro   0x000015a5       0x6a c:/Users/spayr/Documents/eclipseworkspace/MAX32660/I2C_Memory/build/main.o
 .debug_macro   0x0000160f       0x1c c:/Users/spayr/Documents/eclipseworkspace/MAX32660/I2C_Memory/build/main.o
 .debug_macro   0x0000162b       0x52 c:/Users/spayr/Documents/eclipseworkspace/MAX32660/I2C_Memory/build/main.o
 .debug_macro   0x0000167d       0x40 c:/Users/spayr/Documents/eclipseworkspace/MAX32660/I2C_Memory/build/main.o
 .debug_macro   0x000016bd       0x10 c:/Users/spayr/Documents/eclipseworkspace/MAX32660/I2C_Memory/build/main.o
 .debug_macro   0x000016cd       0x40 c:/Users/spayr/Documents/eclipseworkspace/MAX32660/I2C_Memory/build/main.o
 .debug_macro   0x0000170d       0xd7 c:/Users/spayr/Documents/eclipseworkspace/MAX32660/I2C_Memory/build/main.o
 .debug_macro   0x000017e4       0x16 c:/Users/spayr/Documents/eclipseworkspace/MAX32660/I2C_Memory/build/main.o
 .debug_macro   0x000017fa      0x18b c:/Users/spayr/Documents/eclipseworkspace/MAX32660/I2C_Memory/build/main.o
 .debug_macro   0x00001985       0xef c:/Users/spayr/Documents/eclipseworkspace/MAX32660/I2C_Memory/build/main.o
 .debug_macro   0x00001a74      0x1df c:/Users/spayr/Documents/eclipseworkspace/MAX32660/I2C_Memory/build/main.o
 .debug_macro   0x00001c53       0x16 c:/Users/spayr/Documents/eclipseworkspace/MAX32660/I2C_Memory/build/main.o
 .debug_macro   0x00001c69       0x35 c:/Users/spayr/Documents/eclipseworkspace/MAX32660/I2C_Memory/build/main.o
 .debug_macro   0x00001c9e       0x4c c:/Users/spayr/Documents/eclipseworkspace/MAX32660/I2C_Memory/build/main.o
 .debug_macro   0x00001cea       0x3b c:/Users/spayr/Documents/eclipseworkspace/MAX32660/I2C_Memory/build/main.o
 .debug_macro   0x00001d25       0x2d c:/Users/spayr/Documents/eclipseworkspace/MAX32660/I2C_Memory/build/main.o
 .debug_macro   0x00001d52       0x42 c:/Users/spayr/Documents/eclipseworkspace/MAX32660/I2C_Memory/build/main.o
 .debug_macro   0x00001d94      0xd39 c:/Users/spayr/Documents/eclipseworkspace/MAX32660/I2C_Memory/build/main.o
 .debug_macro   0x00002acd       0x22 c:/Users/spayr/Documents/eclipseworkspace/MAX32660/I2C_Memory/build/main.o
 .debug_macro   0x00002aef      0x337 c:/Users/spayr/Documents/eclipseworkspace/MAX32660/I2C_Memory/build/main.o
 .debug_macro   0x00002e26       0x28 c:/Users/spayr/Documents/eclipseworkspace/MAX32660/I2C_Memory/build/main.o
 .debug_macro   0x00002e4e       0x7c c:/Users/spayr/Documents/eclipseworkspace/MAX32660/I2C_Memory/build/main.o
 .debug_macro   0x00002eca      0x4cb c:/Users/spayr/Documents/eclipseworkspace/MAX32660/I2C_Memory/build/main.o
 .debug_macro   0x00003395       0xe2 c:/Users/spayr/Documents/eclipseworkspace/MAX32660/I2C_Memory/build/main.o
 .debug_macro   0x00003477      0xd18 c:/Users/spayr/Documents/eclipseworkspace/MAX32660/I2C_Memory/build/main.o
 .debug_macro   0x0000418f      0x568 c:/Users/spayr/Documents/eclipseworkspace/MAX32660/I2C_Memory/build/main.o
 .debug_macro   0x000046f7      0xcd3 c:/Users/spayr/Documents/eclipseworkspace/MAX32660/I2C_Memory/build/main.o
 .debug_macro   0x000053ca      0x25c c:/Users/spayr/Documents/eclipseworkspace/MAX32660/I2C_Memory/build/main.o
 .debug_macro   0x00005626       0xb6 c:/Users/spayr/Documents/eclipseworkspace/MAX32660/I2C_Memory/build/main.o
 .debug_macro   0x000056dc      0x9d5 c:/Users/spayr/Documents/eclipseworkspace/MAX32660/I2C_Memory/build/main.o
 .debug_macro   0x000060b1      0x77e c:/Users/spayr/Documents/eclipseworkspace/MAX32660/I2C_Memory/build/main.o
 .debug_macro   0x0000682f      0x240 c:/Users/spayr/Documents/eclipseworkspace/MAX32660/I2C_Memory/build/main.o
 .debug_macro   0x00006a6f      0x91a c:/Users/spayr/Documents/eclipseworkspace/MAX32660/I2C_Memory/build/main.o
 .debug_macro   0x00007389       0x12 c:/Users/spayr/Documents/eclipseworkspace/MAX32660/I2C_Memory/build/main.o
 .debug_macro   0x0000739b      0x2dc c:/Users/spayr/Documents/eclipseworkspace/MAX32660/I2C_Memory/build/main.o
 .debug_macro   0x00007677       0x1c c:/Users/spayr/Documents/eclipseworkspace/MAX32660/I2C_Memory/build/main.o
 .debug_macro   0x00007693       0x1c c:/Users/spayr/Documents/eclipseworkspace/MAX32660/I2C_Memory/build/main.o
 .debug_macro   0x000076af       0x16 c:/Users/spayr/Documents/eclipseworkspace/MAX32660/I2C_Memory/build/main.o
 .debug_macro   0x000076c5       0x22 c:/Users/spayr/Documents/eclipseworkspace/MAX32660/I2C_Memory/build/main.o
 .debug_macro   0x000076e7       0x16 c:/Users/spayr/Documents/eclipseworkspace/MAX32660/I2C_Memory/build/main.o
 .debug_macro   0x000076fd       0x16 c:/Users/spayr/Documents/eclipseworkspace/MAX32660/I2C_Memory/build/main.o
 .debug_macro   0x00007713       0x29 c:/Users/spayr/Documents/eclipseworkspace/MAX32660/I2C_Memory/build/main.o
 .debug_macro   0x0000773c       0x10 c:/Users/spayr/Documents/eclipseworkspace/MAX32660/I2C_Memory/build/main.o
 .debug_macro   0x0000774c      0x300 c:/Users/spayr/Documents/eclipseworkspace/MAX32660/I2C_Memory/build/board.o
 .debug_macro   0x00007a4c       0x10 c:/Users/spayr/Documents/eclipseworkspace/MAX32660/I2C_Memory/build/board.o
 .debug_macro   0x00007a5c       0x40 c:/Users/spayr/Documents/eclipseworkspace/MAX32660/I2C_Memory/build/board.o
 .debug_macro   0x00007a9c      0x30a c:/Users/spayr/Documents/eclipseworkspace/MAX32660/I2C_Memory/build/board.o
 .debug_macro   0x00007da6      0x392 c:/Users/spayr/Documents/eclipseworkspace/MAX32660/I2C_Memory/build/stdio.o
 .debug_macro   0x00008138       0x10 c:/Users/spayr/Documents/eclipseworkspace/MAX32660/I2C_Memory/build/stdio.o
 .debug_macro   0x00008148      0x174 c:/Users/spayr/Documents/eclipseworkspace/MAX32660/I2C_Memory/build/stdio.o
 .debug_macro   0x000082bc      0x23b c:/Users/spayr/Documents/eclipseworkspace/MAX32660/I2C_Memory/build/stdio.o
 .debug_macro   0x000084f7       0x16 c:/Users/spayr/Documents/eclipseworkspace/MAX32660/I2C_Memory/build/stdio.o
 .debug_macro   0x0000850d      0x51a c:/Users/spayr/Documents/eclipseworkspace/MAX32660/I2C_Memory/build/stdio.o
 .debug_macro   0x00008a27       0x16 c:/Users/spayr/Documents/eclipseworkspace/MAX32660/I2C_Memory/build/stdio.o
 .debug_macro   0x00008a3d       0x10 c:/Users/spayr/Documents/eclipseworkspace/MAX32660/I2C_Memory/build/stdio.o
 .debug_macro   0x00008a4d       0x41 c:/Users/spayr/Documents/eclipseworkspace/MAX32660/I2C_Memory/build/stdio.o
 .debug_macro   0x00008a8e      0x122 c:/Users/spayr/Documents/eclipseworkspace/MAX32660/I2C_Memory/build/stdio.o
 .debug_macro   0x00008bb0      0x260 c:/Users/spayr/Documents/eclipseworkspace/MAX32660/I2C_Memory/build/led.o
 .debug_macro   0x00008e10       0x87 c:/Users/spayr/Documents/eclipseworkspace/MAX32660/I2C_Memory/build/led.o
 .debug_macro   0x00008e97       0x51 c:/Users/spayr/Documents/eclipseworkspace/MAX32660/I2C_Memory/build/led.o
 .debug_macro   0x00008ee8       0x58 c:/Users/spayr/Documents/eclipseworkspace/MAX32660/I2C_Memory/build/led.o
 .debug_macro   0x00008f40      0x112 c:/Users/spayr/Documents/eclipseworkspace/MAX32660/I2C_Memory/build/pb.o
 .debug_macro   0x00009052      0x1a5 c:/Users/spayr/Documents/eclipseworkspace/MAX32660/I2C_Memory/build/heap.o
 .debug_macro   0x000091f7      0x30f c:/Users/spayr/Documents/eclipseworkspace/MAX32660/I2C_Memory/build/system_max32660.o
 .debug_macro   0x00009506       0x10 c:/Users/spayr/Documents/eclipseworkspace/MAX32660/I2C_Memory/build/system_max32660.o
 .debug_macro   0x00009516       0x1c c:/Users/spayr/Documents/eclipseworkspace/MAX32660/I2C_Memory/build/system_max32660.o
 .debug_macro   0x00009532      0xcd9 c:/Users/spayr/Documents/eclipseworkspace/MAX32660/I2C_Memory/build/system_max32660.o
 .debug_macro   0x0000a20b      0x4c5 c:/Users/spayr/Documents/eclipseworkspace/MAX32660/I2C_Memory/build/system_max32660.o
 .debug_macro   0x0000a6d0      0x26d c:/Users/spayr/Documents/eclipseworkspace/MAX32660/I2C_Memory/build/PeriphDriver/PeriphDriver.a(uart.o)
 .debug_macro   0x0000a93d      0x108 c:/Users/spayr/Documents/eclipseworkspace/MAX32660/I2C_Memory/build/PeriphDriver/PeriphDriver.a(gpio.o)
 .debug_macro   0x0000aa45      0x316 c:/Users/spayr/Documents/eclipseworkspace/MAX32660/I2C_Memory/build/PeriphDriver/PeriphDriver.a(i2c.o)
 .debug_macro   0x0000ad5b       0xf6 c:/Users/spayr/Documents/eclipseworkspace/MAX32660/I2C_Memory/build/PeriphDriver/PeriphDriver.a(mxc_delay.o)
 .debug_macro   0x0000ae51      0x102 c:/Users/spayr/Documents/eclipseworkspace/MAX32660/I2C_Memory/build/PeriphDriver/PeriphDriver.a(mxc_lock.o)
 .debug_macro   0x0000af53      0x1bf c:/Users/spayr/Documents/eclipseworkspace/MAX32660/I2C_Memory/build/PeriphDriver/PeriphDriver.a(mxc_sys.o)
 .debug_macro   0x0000b112      0x318 c:/Users/spayr/Documents/eclipseworkspace/MAX32660/I2C_Memory/build/PeriphDriver/PeriphDriver.a(mxc_sys.o)