Archive member included to satisfy reference by file (symbol)

c:/Users/spayr/Documents/eclipseworkspace/MAX32660/I2C_Memory/build/PeriphDriver/PeriphDriver.a(uart.o)
                              c:/Users/spayr/Documents/eclipseworkspace/MAX32660/I2C_Memory/build/board.o (UART_Init)
c:/Users/spayr/Documents/eclipseworkspace/MAX32660/I2C_Memory/build/PeriphDriver/PeriphDriver.a(gpio.o)
                              c:/Users/spayr/Documents/eclipseworkspace/MAX32660/I2C_Memory/build/led.o (GPIO_Config)
c:/Users/spayr/Documents/eclipseworkspace/MAX32660/I2C_Memory/build/PeriphDriver/PeriphDriver.a(i2c.o)
                              c:/Users/spayr/Documents/eclipseworkspace/MAX32660/I2C_Memory/build/main.o (I2C_Init)
c:/Users/spayr/Documents/eclipseworkspace/MAX32660/I2C_Memory/build/PeriphDriver/PeriphDriver.a(mxc_delay.o)
                              c:/Users/spayr/Documents/eclipseworkspace/MAX32660/I2C_Memory/build/rom_stub.o (SysTick_Handler)
c:/Users/spayr/Documents/eclipseworkspace/MAX32660/I2C_Memory/build/PeriphDriver/PeriphDriver.a(mxc_lock.o)
                              c:/Users/spayr/Documents/eclipseworkspace/MAX32660/I2C_Memory/build/PeriphDriver/PeriphDriver.a(uart.o) (mxc_get_lock)
c:/Users/spayr/Documents/eclipseworkspace/MAX32660/I2C_Memory/build/PeriphDriver/PeriphDriver.a(mxc_sys.o)
                              c:/Users/spayr/Documents/eclipseworkspace/MAX32660/I2C_Memory/build/system_max32660.o (SYS_Clock_Select)
c:/Users/spayr/Documents/eclipseworkspace/MAX32660/I2C_Memory/build/PeriphDriver/PeriphDriver.a(mxc_pins.o)
                              c:/Users/spayr/Documents/eclipseworkspace/MAX32660/I2C_Memory/build/PeriphDriver/PeriphDriver.a(mxc_sys.o) (gpio_cfg_rtc)
c:/Users/spayr/Documents/eclipseworkspace/MAX32660/I2C_Memory/build/PeriphDriver/PeriphDriver.a(rtc.o)
                              c:/Users/spayr/Documents/eclipseworkspace/MAX32660/I2C_Memory/build/PeriphDriver/PeriphDriver.a(mxc_sys.o) (RTC_EnableRTCE)
c:/maxim/toolchain/bin/../lib/gcc/arm-none-eabi/6.3.1/../../../../arm-none-eabi/lib/thumb/v7e-m/fpv4-sp/hard\libc.a(lib_a-errno.o)
                              c:/Users/spayr/Documents/eclipseworkspace/MAX32660/I2C_Memory/build/stdio.o (__errno)
c:/maxim/toolchain/bin/../lib/gcc/arm-none-eabi/6.3.1/../../../../arm-none-eabi/lib/thumb/v7e-m/fpv4-sp/hard\libc.a(lib_a-exit.o)
                              c:/maxim/toolchain/bin/../lib/gcc/arm-none-eabi/6.3.1/../../../../arm-none-eabi/lib/thumb/v7e-m/fpv4-sp/hard/crt0.o (exit)
c:/maxim/toolchain/bin/../lib/gcc/arm-none-eabi/6.3.1/../../../../arm-none-eabi/lib/thumb/v7e-m/fpv4-sp/hard\libc.a(lib_a-impure.o)
                              c:/maxim/toolchain/bin/../lib/gcc/arm-none-eabi/6.3.1/../../../../arm-none-eabi/lib/thumb/v7e-m/fpv4-sp/hard\libc.a(lib_a-exit.o) (_global_impure_ptr)
c:/maxim/toolchain/bin/../lib/gcc/arm-none-eabi/6.3.1/../../../../arm-none-eabi/lib/thumb/v7e-m/fpv4-sp/hard\libc.a(lib_a-init.o)
                              c:/maxim/toolchain/bin/../lib/gcc/arm-none-eabi/6.3.1/../../../../arm-none-eabi/lib/thumb/v7e-m/fpv4-sp/hard/crt0.o (__libc_init_array)
c:/maxim/toolchain/bin/../lib/gcc/arm-none-eabi/6.3.1/../../../../arm-none-eabi/lib/thumb/v7e-m/fpv4-sp/hard\libc.a(lib_a-memset.o)
                              c:/maxim/toolchain/bin/../lib/gcc/arm-none-eabi/6.3.1/../../../../arm-none-eabi/lib/thumb/v7e-m/fpv4-sp/hard/crt0.o (memset)
c:/maxim/toolchain/bin/../lib/gcc/arm-none-eabi/6.3.1/../../../../arm-none-eabi/lib/thumb/v7e-m/fpv4-sp/hard\libc.a(lib_a-printf.o)
                              c:/Users/spayr/Documents/eclipseworkspace/MAX32660/I2C_Memory/build/main.o (printf)
c:/maxim/toolchain/bin/../lib/gcc/arm-none-eabi/6.3.1/../../../../arm-none-eabi/lib/thumb/v7e-m/fpv4-sp/hard\libc.a(lib_a-putchar.o)
                              c:/Users/spayr/Documents/eclipseworkspace/MAX32660/I2C_Memory/build/main.o (putchar)
c:/maxim/toolchain/bin/../lib/gcc/arm-none-eabi/6.3.1/../../../../arm-none-eabi/lib/thumb/v7e-m/fpv4-sp/hard\libc.a(lib_a-puts.o)
                              c:/Users/spayr/Documents/eclipseworkspace/MAX32660/I2C_Memory/build/main.o (puts)
c:/maxim/toolchain/bin/../lib/gcc/arm-none-eabi/6.3.1/../../../../arm-none-eabi/lib/thumb/v7e-m/fpv4-sp/hard\libc.a(lib_a-strlen.o)
                              c:/maxim/toolchain/bin/../lib/gcc/arm-none-eabi/6.3.1/../../../../arm-none-eabi/lib/thumb/v7e-m/fpv4-sp/hard\libc.a(lib_a-puts.o) (strlen)
c:/maxim/toolchain/bin/../lib/gcc/arm-none-eabi/6.3.1/../../../../arm-none-eabi/lib/thumb/v7e-m/fpv4-sp/hard\libc.a(lib_a-vfprintf.o)
                              c:/maxim/toolchain/bin/../lib/gcc/arm-none-eabi/6.3.1/../../../../arm-none-eabi/lib/thumb/v7e-m/fpv4-sp/hard\libc.a(lib_a-printf.o) (_vfprintf_r)
c:/maxim/toolchain/bin/../lib/gcc/arm-none-eabi/6.3.1/../../../../arm-none-eabi/lib/thumb/v7e-m/fpv4-sp/hard\libc.a(lib_a-wsetup.o)
[...]
Memory Configuration

Name             Origin             Length             Attributes
FLASH            0x00000000         0x00040000         xr
SRAM             0x20000000         0x00018000         xrw
*default*        0x00000000         0xffffffff

Linker script and memory map

LOAD c:/maxim/toolchain/bin/../lib/gcc/arm-none-eabi/6.3.1/thumb/v7e-m/fpv4-sp/hard/crti.o
LOAD c:/maxim/toolchain/bin/../lib/gcc/arm-none-eabi/6.3.1/thumb/v7e-m/fpv4-sp/hard/crtbegin.o
LOAD c:/maxim/toolchain/bin/../lib/gcc/arm-none-eabi/6.3.1/../../../../arm-none-eabi/lib/thumb/v7e-m/fpv4-sp/hard/crt0.o
LOAD c:/Users/spayr/Documents/eclipseworkspace/MAX32660/I2C_Memory/build/main.o
LOAD c:/Users/spayr/Documents/eclipseworkspace/MAX32660/I2C_Memory/build/board.o
LOAD c:/Users/spayr/Documents/eclipseworkspace/MAX32660/I2C_Memory/build/stdio.o
LOAD c:/Users/spayr/Documents/eclipseworkspace/MAX32660/I2C_Memory/build/led.o
LOAD c:/Users/spayr/Documents/eclipseworkspace/MAX32660/I2C_Memory/build/pb.o
LOAD c:/Users/spayr/Documents/eclipseworkspace/MAX32660/I2C_Memory/build/rom_stub.o
LOAD c:/Users/spayr/Documents/eclipseworkspace/MAX32660/I2C_Memory/build/startup_max32660.o
LOAD c:/Users/spayr/Documents/eclipseworkspace/MAX32660/I2C_Memory/build/heap.o
LOAD c:/Users/spayr/Documents/eclipseworkspace/MAX32660/I2C_Memory/build/system_max32660.o
START GROUP
LOAD c:/Users/spayr/Documents/eclipseworkspace/MAX32660/I2C_Memory/build/PeriphDriver/PeriphDriver.a
LOAD c:/maxim/toolchain/bin/../lib/gcc/arm-none-eabi/6.3.1/../../../../arm-none-eabi/lib/thumb/v7e-m/fpv4-sp/hard\libc.a
LOAD c:/maxim/toolchain/bin/../lib/gcc/arm-none-eabi/6.3.1/../../../../arm-none-eabi/lib/thumb/v7e-m/fpv4-sp/hard\libm.a
LOAD c:/maxim/toolchain/bin/../lib/gcc/arm-none-eabi/6.3.1/../../../../arm-none-eabi/lib/thumb/v7e-m/fpv4-sp/hard\libnosys.a
END GROUP
START GROUP
LOAD c:/maxim/toolchain/bin/../lib/gcc/arm-none-eabi/6.3.1/thumb/v7e-m/fpv4-sp/hard\libgcc.a
LOAD c:/maxim/toolchain/bin/../lib/gcc/arm-none-eabi/6.3.1/../../../../arm-none-eabi/lib/thumb/v7e-m/fpv4-sp/hard\libc.a
END GROUP
LOAD c:/maxim/toolchain/bin/../lib/gcc/arm-none-eabi/6.3.1/thumb/v7e-m/fpv4-sp/hard/crtend.o
LOAD c:/maxim/toolchain/bin/../lib/gcc/arm-none-eabi/6.3.1/thumb/v7e-m/fpv4-sp/hard/crtn.o

.text           0x00000000     0x762c
                0x00000000                _text = .
 *(.isr_vector)
 .isr_vector    0x00000000      0x11c c:/Users/spayr/Documents/eclipseworkspace/MAX32660/I2C_Memory/build/startup_max32660.o
                0x00000000                __isr_vector
 *(.text*)
 .text          0x0000011c       0x6c c:/maxim/toolchain/bin/../lib/gcc/arm-none-eabi/6.3.1/thumb/v7e-m/fpv4-sp/hard/crtbegin.o
 .text.i2c_callback
                0x00000188        0xc c:/Users/spayr/Documents/eclipseworkspace/MAX32660/I2C_Memory/build/main.o
                0x00000188                i2c_callback
 .text.I2C0_IRQHandler
                0x00000194       0x10 c:/Users/spayr/Documents/eclipseworkspace/MAX32660/I2C_Memory/build/main.o
                0x00000194                I2C0_IRQHandler
 .text.I2C_ByteWrite
                0x000001a4       0x78 c:/Users/spayr/Documents/eclipseworkspace/MAX32660/I2C_Memory/build/main.o
                0x000001a4                I2C_ByteWrite
 .text.I2C_ByteRead
                0x0000021c       0x8c c:/Users/spayr/Documents/eclipseworkspace/MAX32660/I2C_Memory/build/main.o
                0x0000021c                I2C_ByteRead
 .text.main     0x000002a8       0xdc c:/Users/spayr/Documents/eclipseworkspace/MAX32660/I2C_Memory/build/main.o
                0x000002a8                main
 .text.mxc_assert
                0x00000384       0x10 c:/Users/spayr/Documents/eclipseworkspace/MAX32660/I2C_Memory/build/board.o
                0x00000384                mxc_assert
 .text.Console_Init
                0x00000394       0x1c c:/Users/spayr/Documents/eclipseworkspace/MAX32660/I2C_Memory/build/board.o
                0x00000394                Console_Init
 .text.Board_Init
                0x000003b0       0x6c c:/Users/spayr/Documents/eclipseworkspace/MAX32660/I2C_Memory/build/board.o
                0x000003b0                Board_Init
 .text.NMI_Handler
                0x0000041c        0x4 c:/Users/spayr/Documents/eclipseworkspace/MAX32660/I2C_Memory/build/board.o
                0x0000041c                NMI_Handler
 .text._close   0x00000420        0x6 c:/Users/spayr/Documents/eclipseworkspace/MAX32660/I2C_Memory/build/stdio.o
                0x00000420                _close
 .text._isatty  0x00000426        0x6 c:/Users/spayr/Documents/eclipseworkspace/MAX32660/I2C_Memory/build/stdio.o
                0x00000426                _isatty
 .text._lseek   0x0000042c        0x6 c:/Users/spayr/Documents/eclipseworkspace/MAX32660/I2C_Memory/build/stdio.o
                0x0000042c                _lseek
 .text._fstat   0x00000432        0x6 c:/Users/spayr/Documents/eclipseworkspace/MAX32660/I2C_Memory/build/stdio.o
                0x00000432                _fstat
 .text._read    0x00000438       0x5c c:/Users/spayr/Documents/eclipseworkspace/MAX32660/I2C_Memory/build/stdio.o
                0x00000438                _read
 .text._write   0x00000494       0x50 c:/Users/spayr/Documents/eclipseworkspace/MAX32660/I2C_Memory/build/stdio.o
                0x00000494                _write
 .text.LED_Off  0x000004e4       0x38 c:/Users/spayr/Documents/eclipseworkspace/MAX32660/I2C_Memory/build/led.o
                0x000004e4                LED_Off
 .text.LED_Init
                0x0000051c       0x3c c:/Users/spayr/Documents/eclipseworkspace/MAX32660/I2C_Memory/build/led.o
                0x0000051c                LED_Init
 .text.PB_Init  0x00000558       0x34 c:/Users/spayr/Documents/eclipseworkspace/MAX32660/I2C_Memory/build/pb.o
                0x00000558                PB_Init
 .text.GPIO0_IRQHandler
                0x0000058c        0xa c:/Users/spayr/Documents/eclipseworkspace/MAX32660/I2C_Memory/build/pb.o
                0x0000058c                GPIO0_IRQHandler
 *fill*         0x00000596        0x2 
 .text          0x00000598       0xe4 c:/Users/spayr/Documents/eclipseworkspace/MAX32660/I2C_Memory/build/startup_max32660.o
                0x00000598                Reset_Handler
                0x000005d6                HardFault_Handler
                0x000005d8                MemManage_Handler
                0x000005da                BusFault_Handler
                0x000005dc                UsageFault_Handler
                0x000005de                SVC_Handler
                0x000005e0                DebugMon_Handler
                0x000005e2                PendSV_Handler
                0x000005e4                Default_Handler
                0x000005e6                PF_IRQHandler
                0x000005e8                WDT0_IRQHandler
                0x000005ea                RSV00_IRQHandler
                0x000005ec                RTC_IRQHandler
                0x000005ee                RSV1_IRQHandler
                0x000005f0                TMR0_IRQHandler
                0x000005f2                TMR1_IRQHandler
                0x000005f4                TMR2_IRQHandler
                0x000005f6                RSV02_IRQHandler
                0x000005f8                RSV03_IRQHandler
                0x000005fa                RSV04_IRQHandler
                0x000005fc                RSV05_IRQHandler
                0x000005fe                RSV06_IRQHandler
                0x00000602                UART0_IRQHandler
                0x00000604                UART1_IRQHandler
                0x00000606                SPI0_IRQHandler
                0x00000608                SPI1_IRQHandler
                0x0000060a                RSV07_IRQHandler
                0x0000060c                RSV08_IRQHandler
                0x0000060e                RSV09_IRQHandler
                0x00000610                RSV10_IRQHandler
                0x00000612                RSV11_IRQHandler
                0x00000614                FLC_IRQHandler
                0x00000618                RSV12_IRQHandler
                0x0000061a                RSV13_IRQHandler
                0x0000061c                RSV14_IRQHandler
                0x0000061e                DMA0_IRQHandler
                0x00000620                DMA1_IRQHandler
                0x00000622                DMA2_IRQHandler
                0x00000624                DMA3_IRQHandler
                0x00000626                RSV15_IRQHandler
                0x00000628                RSV16_IRQHandler
                0x0000062a                RSV17_IRQHandler
                0x0000062c                RSV18_IRQHandler
                0x0000062e                I2C1_IRQHandler
                0x00000630                RSV19_IRQHandler
                0x00000632                RSV20_IRQHandler
                0x00000634                RSV21_IRQHandler
                0x00000636                RSV22_IRQHandler
                0x00000638                RSV23_IRQHandler
                0x0000063a                RSV24_IRQHandler
                0x0000063c                RSV25_IRQHandler
                0x0000063e                RSV26_IRQHandler
                0x00000640                RSV27_IRQHandler
                0x00000642                RSV28_IRQHandler
                0x00000644                RSV29_IRQHandler
                0x00000646                RSV30_IRQHandler
                0x00000648                RSV31_IRQHandler
                0x0000064a                RSV32_IRQHandler
                0x0000064c                RSV33_IRQHandler
                0x0000064e                RSV34_IRQHandler
                0x00000650                RSV35_IRQHandler
                0x00000652                GPIOWAKE_IRQHandler
 .text._sbrk    0x0000067c       0x40 c:/Users/spayr/Documents/eclipseworkspace/MAX32660/I2C_Memory/build/heap.o
                0x0000067c                _sbrk
 .text.SystemCoreClockUpdate
                0x000006bc       0x60 c:/Users/spayr/Documents/eclipseworkspace/MAX32660/I2C_Memory/build/system_max32660.o
                0x000006bc                SystemCoreClockUpdate
 .text.PreInit  0x0000071c        0x4 c:/Users/spayr/Documents/eclipseworkspace/MAX32660/I2C_Memory/build/system_max32660.o
                0x0000071c                PreInit
 .text.SystemInit
                0x00000720       0x8c c:/Users/spayr/Documents/eclipseworkspace/MAX32660/I2C_Memory/build/system_max32660.o
                0x00000720                SystemInit
 .text.UART_Init
                0x000007ac       0xac c:/Users/spayr/Documents/eclipseworkspace/MAX32660/I2C_Memory/build/PeriphDriver/PeriphDriver.a(uart.o)
                0x000007ac                UART_Init
 .text.UART_ReadByte
                0x00000858        0xe c:/Users/spayr/Documents/eclipseworkspace/MAX32660/I2C_Memory/build/PeriphDriver/PeriphDriver.a(uart.o)
                0x00000858                UART_ReadByte
 .text.UART_WriteByte
                0x00000866        0xc c:/Users/spayr/Documents/eclipseworkspace/MAX32660/I2C_Memory/build/PeriphDriver/PeriphDriver.a(uart.o)
                0x00000866                UART_WriteByte
 *fill*         0x00000872        0x2 
 .text.GPIO_Config
                0x00000874       0xfc c:/Users/spayr/Documents/eclipseworkspace/MAX32660/I2C_Memory/build/PeriphDriver/PeriphDriver.a(gpio.o)
                0x00000874                GPIO_Config
 .text.GPIO_OutClr
                0x00000970       0x14 c:/Users/spayr/Documents/eclipseworkspace/MAX32660/I2C_Memory/build/PeriphDriver/PeriphDriver.a(gpio.o)
                0x00000970                GPIO_OutClr
 .text.GPIO_Handler
                0x00000984       0x58 c:/Users/spayr/Documents/eclipseworkspace/MAX32660/I2C_Memory/build/PeriphDriver/PeriphDriver.a(gpio.o)
                0x00000984                GPIO_Handler
 .text.I2C_Recover
                0x000009dc       0x16 c:/Users/spayr/Documents/eclipseworkspace/MAX32660/I2C_Memory/build/PeriphDriver/PeriphDriver.a(i2c.o)
 *fill*         0x000009f2        0x2 
 .text.I2C_FreeCallback
                0x000009f4       0x24 c:/Users/spayr/Documents/eclipseworkspace/MAX32660/I2C_Memory/build/PeriphDriver/PeriphDriver.a(i2c.o)
 .text.I2C_MasterHandler
                0x00000a18      0x238 c:/Users/spayr/Documents/eclipseworkspace/MAX32660/I2C_Memory/build/PeriphDriver/PeriphDriver.a(i2c.o)
 .text.I2C_Init
                0x00000c50      0x24c c:/Users/spayr/Documents/eclipseworkspace/MAX32660/I2C_Memory/build/PeriphDriver/PeriphDriver.a(i2c.o)
                0x00000c50                I2C_Init
 .text.I2C_Shutdown
                0x00000e9c       0x7c c:/Users/spayr/Documents/eclipseworkspace/MAX32660/I2C_Memory/build/PeriphDriver/PeriphDriver.a(i2c.o)
                0x00000e9c                I2C_Shutdown
 .text.I2C_MasterWrite
                0x00000f18       0xe8 c:/Users/spayr/Documents/eclipseworkspace/MAX32660/I2C_Memory/build/PeriphDriver/PeriphDriver.a(i2c.o)
                0x00000f18                I2C_MasterWrite
 .text.I2C_MasterRead
                0x00001000       0xec c:/Users/spayr/Documents/eclipseworkspace/MAX32660/I2C_Memory/build/PeriphDriver/PeriphDriver.a(i2c.o)
                0x00001000                I2C_MasterRead
 .text.I2C_Handler
                0x000010ec      0x228 c:/Users/spayr/Documents/eclipseworkspace/MAX32660/I2C_Memory/build/PeriphDriver/PeriphDriver.a(i2c.o)
                0x000010ec                I2C_Handler
 .text.mxc_delay_init
                0x00001314       0x98 c:/Users/spayr/Documents/eclipseworkspace/MAX32660/I2C_Memory/build/PeriphDriver/PeriphDriver.a(mxc_delay.o)
 .text.mxc_delay_start
                0x000013ac       0x40 c:/Users/spayr/Documents/eclipseworkspace/MAX32660/I2C_Memory/build/PeriphDriver/PeriphDriver.a(mxc_delay.o)
                0x000013ac                mxc_delay_start
 .text.mxc_delay_stop
                0x000013ec       0x20 c:/Users/spayr/Documents/eclipseworkspace/MAX32660/I2C_Memory/build/PeriphDriver/PeriphDriver.a(mxc_delay.o)
                0x000013ec                mxc_delay_stop
 .text.mxc_delay_handler
                0x0000140c       0x54 c:/Users/spayr/Documents/eclipseworkspace/MAX32660/I2C_Memory/build/PeriphDriver/PeriphDriver.a(mxc_delay.o)
                0x0000140c                mxc_delay_handler
 .text.SysTick_Handler
                0x00001460        0x8 c:/Users/spayr/Documents/eclipseworkspace/MAX32660/I2C_Memory/build/PeriphDriver/PeriphDriver.a(mxc_delay.o)
                0x00001460                SysTick_Handler
 .text.mxc_delay_check
                0x00001468       0x54 c:/Users/spayr/Documents/eclipseworkspace/MAX32660/I2C_Memory/build/PeriphDriver/PeriphDriver.a(mxc_delay.o)
                0x00001468                mxc_delay_check
 .text.mxc_delay
                0x000014bc       0x7c c:/Users/spayr/Documents/eclipseworkspace/MAX32660/I2C_Memory/build/PeriphDriver/PeriphDriver.a(mxc_delay.o)
                0x000014bc                mxc_delay
 .text.mxc_free_lock
                0x00001538        0xa c:/Users/spayr/Documents/eclipseworkspace/MAX32660/I2C_Memory/build/PeriphDriver/PeriphDriver.a(mxc_lock.o)
                0x00001538                mxc_free_lock
 .text.SYS_Clock_Timeout
                0x00001542       0x24 c:/Users/spayr/Documents/eclipseworkspace/MAX32660/I2C_Memory/build/PeriphDriver/PeriphDriver.a(mxc_sys.o)
 *fill*         0x00001566        0x2 
 .text.SYS_Clock_Select
                0x00001568      0x208 c:/Users/spayr/Documents/eclipseworkspace/MAX32660/I2C_Memory/build/PeriphDriver/PeriphDriver.a(mxc_sys.o)
                0x00001568                SYS_Clock_Select
 .text.SYS_UART_Init
                0x00001770       0xa4 c:/Users/spayr/Documents/eclipseworkspace/MAX32660/I2C_Memory/build/PeriphDriver/PeriphDriver.a(mxc_sys.o)
                0x00001770                SYS_UART_Init
 .text.SYS_I2C_Init
                0x00001814       0x48 c:/Users/spayr/Documents/eclipseworkspace/MAX32660/I2C_Memory/build/PeriphDriver/PeriphDriver.a(mxc_sys.o)
                0x00001814                SYS_I2C_Init
 .text.SYS_I2C_Shutdown
                0x0000185c       0x78 c:/Users/spayr/Documents/eclipseworkspace/MAX32660/I2C_Memory/build/PeriphDriver/PeriphDriver.a(mxc_sys.o)
                0x0000185c                SYS_I2C_Shutdown
 .text.SYS_I2C_GetFreq
                0x000018d4        0xc c:/Users/spayr/Documents/eclipseworkspace/MAX32660/I2C_Memory/build/PeriphDriver/PeriphDriver.a(mxc_sys.o)
                0x000018d4                SYS_I2C_GetFreq
 .text.SYS_ClockDisable
                0x000018e0       0x22 c:/Users/spayr/Documents/eclipseworkspace/MAX32660/I2C_Memory/build/PeriphDriver/PeriphDriver.a(mxc_sys.o)
                0x000018e0                SYS_ClockDisable
 .text.SYS_ClockEnable
                0x00001902       0x26 c:/Users/spayr/Documents/eclipseworkspace/MAX32660/I2C_Memory/build/PeriphDriver/PeriphDriver.a(mxc_sys.o)
                0x00001902                SYS_ClockEnable
 .text.__errno  0x00001928        0xc c:/maxim/toolchain/bin/../lib/gcc/arm-none-eabi/6.3.1/../../../../arm-none-eabi/lib/thumb/v7e-m/fpv4-sp/hard\libc.a(lib_a-errno.o)
                0x00001928                __errno
 .text.__libc_init_array
                0x00001934       0x50 c:/maxim/toolchain/bin/../lib/gcc/arm-none-eabi/6.3.1/../../../../arm-none-eabi/lib/thumb/v7e-m/fpv4-sp/hard\libc.a(lib_a-init.o)
                0x00001934                __libc_init_array
 .text.memset   0x00001984       0x9c c:/maxim/toolchain/bin/../lib/gcc/arm-none-eabi/6.3.1/../../../../arm-none-eabi/lib/thumb/v7e-m/fpv4-sp/hard\libc.a(lib_a-memset.o)
                0x00001984                memset
 .text.printf   0x00001a20       0x28 c:/maxim/toolchain/bin/../lib/gcc/arm-none-eabi/6.3.1/../../../../arm-none-eabi/lib/thumb/v7e-m/fpv4-sp/hard\libc.a(lib_a-printf.o)
                0x00001a20                printf
 .text._puts_r  0x00001a48       0x9c c:/maxim/toolchain/bin/../lib/gcc/arm-none-eabi/6.3.1/../../../../arm-none-eabi/lib/thumb/v7e-m/fpv4-sp/hard\libc.a(lib_a-puts.o)
                0x00001a48                _puts_r
 .text.puts     0x00001ae4       0x10 c:/maxim/toolchain/bin/../lib/gcc/arm-none-eabi/6.3.1/../../../../arm-none-eabi/lib/thumb/v7e-m/fpv4-sp/hard\libc.a(lib_a-puts.o)
                0x00001ae4                puts
 *fill*         0x00001af4        0xc 
 .text          0x00001b00       0xdc c:/maxim/toolchain/bin/../lib/gcc/arm-none-eabi/6.3.1/../../../../arm-none-eabi/lib/thumb/v7e-m/fpv4-sp/hard\libc.a(lib_a-strlen.o)
                0x00001b00                strlen
 *fill*         0x00001bdc        0x4 
 .text._vfprintf_r
                0x00001be0     0x157c c:/maxim/toolchain/bin/../lib/gcc/arm-none-eabi/6.3.1/../../../../arm-none-eabi/lib/thumb/v7e-m/fpv4-sp/hard\libc.a(lib_a-vfprintf.o)
                0x00001be0                _vfprintf_r
 .text.__sbprintf
                0x0000315c       0x84 c:/maxim/toolchain/bin/../lib/gcc/arm-none-eabi/6.3.1/../../../../arm-none-eabi/lib/thumb/v7e-m/fpv4-sp/hard\libc.a(lib_a-vfprintf.o)
 .text.__swsetup_r
                0x000031e0       0xc8 c:/maxim/toolchain/bin/../lib/gcc/arm-none-eabi/6.3.1/../../../../arm-none-eabi/lib/thumb/v7e-m/fpv4-sp/hard\libc.a(lib_a-wsetup.o)
                0x000031e0                __swsetup_r
 .text.startup.register_fini
                0x000032a8       0x14 c:/maxim/toolchain/bin/../lib/gcc/arm-none-eabi/6.3.1/../../../../arm-none-eabi/lib/thumb/v7e-m/fpv4-sp/hard\libc.a(lib_a-__call_atexit.o)
 .text.atexit   0x000032bc        0xc c:/maxim/toolchain/bin/../lib/gcc/arm-none-eabi/6.3.1/../../../../arm-none-eabi/lib/thumb/v7e-m/fpv4-sp/hard\libc.a(lib_a-atexit.o)
                0x000032bc                atexit
 .text.quorem   0x000032c8      0x128 c:/maxim/toolchain/bin/../lib/gcc/arm-none-eabi/6.3.1/../../../../arm-none-eabi/lib/thumb/v7e-m/fpv4-sp/hard\libc.a(lib_a-dtoa.o)
 .text._dtoa_r  0x000033f0      0xe4c c:/maxim/toolchain/bin/../lib/gcc/arm-none-eabi/6.3.1/../../../../arm-none-eabi/lib/thumb/v7e-m/fpv4-sp/hard\libc.a(lib_a-dtoa.o)
                0x000033f0                _dtoa_r
 .text.__sflush_r
                0x0000423c      0x140 c:/maxim/toolchain/bin/../lib/gcc/arm-none-eabi/6.3.1/../../../../arm-none-eabi/lib/thumb/v7e-m/fpv4-sp/hard\libc.a(lib_a-fflush.o)
                0x0000423c                __sflush_r
 .text._fflush_r
                0x0000437c       0x54 c:/maxim/toolchain/bin/../lib/gcc/arm-none-eabi/6.3.1/../../../../arm-none-eabi/lib/thumb/v7e-m/fpv4-sp/hard\libc.a(lib_a-fflush.o)
                0x0000437c                _fflush_r
 .text._cleanup_r
                0x000043d0        0xc c:/maxim/toolchain/bin/../lib/gcc/arm-none-eabi/6.3.1/../../../../arm-none-eabi/lib/thumb/v7e-m/fpv4-sp/hard\libc.a(lib_a-findfp.o)
                0x000043d0                _cleanup_r
 .text.std.isra.0
                0x000043dc       0x50 c:/maxim/toolchain/bin/../lib/gcc/arm-none-eabi/6.3.1/../../../../arm-none-eabi/lib/thumb/v7e-m/fpv4-sp/hard\libc.a(lib_a-findfp.o)
 .text.__sinit  0x0000442c       0x58 c:/maxim/toolchain/bin/../lib/gcc/arm-none-eabi/6.3.1/../../../../arm-none-eabi/lib/thumb/v7e-m/fpv4-sp/hard\libc.a(lib_a-findfp.o)
                0x0000442c                __sinit
 .text.__sfp_lock_acquire
                0x00004484        0xc c:/maxim/toolchain/bin/../lib/gcc/arm-none-eabi/6.3.1/../../../../arm-none-eabi/lib/thumb/v7e-m/fpv4-sp/hard\libc.a(lib_a-findfp.o)
                0x00004484                __sfp_lock_acquire
 .text.__sfp_lock_release
                0x00004490        0xc c:/maxim/toolchain/bin/../lib/gcc/arm-none-eabi/6.3.1/../../../../arm-none-eabi/lib/thumb/v7e-m/fpv4-sp/hard\libc.a(lib_a-findfp.o)
                0x00004490                __sfp_lock_release
 .text.__libc_fini_array
                0x0000449c       0x34 c:/maxim/toolchain/bin/../lib/gcc/arm-none-eabi/6.3.1/../../../../arm-none-eabi/lib/thumb/v7e-m/fpv4-sp/hard\libc.a(lib_a-fini.o)
                0x0000449c                __libc_fini_array
 .text._malloc_trim_r
                0x000044d0       0xa0 c:/maxim/toolchain/bin/../lib/gcc/arm-none-eabi/6.3.1/../../../../arm-none-eabi/lib/thumb/v7e-m/fpv4-sp/hard\libc.a(lib_a-freer.o)
                0x000044d0                _malloc_trim_r
 .text._free_r  0x00004570      0x1cc c:/maxim/toolchain/bin/../lib/gcc/arm-none-eabi/6.3.1/../../../../arm-none-eabi/lib/thumb/v7e-m/fpv4-sp/hard\libc.a(lib_a-freer.o)
                0x00004570                _free_r
 .text.__sfvwrite_r
                0x0000473c      0x2f0 c:/maxim/toolchain/bin/../lib/gcc/arm-none-eabi/6.3.1/../../../../arm-none-eabi/lib/thumb/v7e-m/fpv4-sp/hard\libc.a(lib_a-fvwrite.o)
                0x0000473c                __sfvwrite_r
 .text._fwalk_reent
                0x00004a2c       0x54 c:/maxim/toolchain/bin/../lib/gcc/arm-none-eabi/6.3.1/../../../../arm-none-eabi/lib/thumb/v7e-m/fpv4-sp/hard\libc.a(lib_a-fwalk.o)
                0x00004a2c                _fwalk_reent
 .text._localeconv_r
                0x00004a80       0x1c c:/maxim/toolchain/bin/../lib/gcc/arm-none-eabi/6.3.1/../../../../arm-none-eabi/lib/thumb/v7e-m/fpv4-sp/hard\libc.a(lib_a-localeconv.o)
                0x00004a80                _localeconv_r
 .text.__retarget_lock_init_recursive
                0x00004a9c        0x4 c:/maxim/toolchain/bin/../lib/gcc/arm-none-eabi/6.3.1/../../../../arm-none-eabi/lib/thumb/v7e-m/fpv4-sp/hard\libc.a(lib_a-lock.o)
                0x00004a9c                __retarget_lock_init_recursive
 .text.__retarget_lock_close_recursive
                0x00004aa0        0x4 c:/maxim/toolchain/bin/../lib/gcc/arm-none-eabi/6.3.1/../../../../arm-none-eabi/lib/thumb/v7e-m/fpv4-sp/hard\libc.a(lib_a-lock.o)
                0x00004aa0                __retarget_lock_close_recursive
 .text.__retarget_lock_acquire_recursive
                0x00004aa4        0x4 c:/maxim/toolchain/bin/../lib/gcc/arm-none-eabi/6.3.1/../../../../arm-none-eabi/lib/thumb/v7e-m/fpv4-sp/hard\libc.a(lib_a-lock.o)
                0x00004aa4                __retarget_lock_acquire_recursive
 .text.__retarget_lock_release_recursive
                0x00004aa8        0x4 c:/maxim/toolchain/bin/../lib/gcc/arm-none-eabi/6.3.1/../../../../arm-none-eabi/lib/thumb/v7e-m/fpv4-sp/hard\libc.a(lib_a-lock.o)
                0x00004aa8                __retarget_lock_release_recursive
 .text.__swhatbuf_r
                0x00004aac       0x5c c:/maxim/toolchain/bin/../lib/gcc/arm-none-eabi/6.3.1/../../../../arm-none-eabi/lib/thumb/v7e-m/fpv4-sp/hard\libc.a(lib_a-makebuf.o)
                0x00004aac                __swhatbuf_r
 .text.__smakebuf_r
                0x00004b08       0x94 c:/maxim/toolchain/bin/../lib/gcc/arm-none-eabi/6.3.1/../../../../arm-none-eabi/lib/thumb/v7e-m/fpv4-sp/hard\libc.a(lib_a-makebuf.o)
                0x00004b08                __smakebuf_r
 .text._malloc_r
                0x00004b9c      0x560 c:/maxim/toolchain/bin/../lib/gcc/arm-none-eabi/6.3.1/../../../../arm-none-eabi/lib/thumb/v7e-m/fpv4-sp/hard\libc.a(lib_a-mallocr.o)
                0x00004b9c                _malloc_r
 *fill*         0x000050fc        0x4 
 .text          0x00005100       0xa0 c:/maxim/toolchain/bin/../lib/gcc/arm-none-eabi/6.3.1/../../../../arm-none-eabi/lib/thumb/v7e-m/fpv4-sp/hard\libc.a(lib_a-memchr.o)
                0x00005100                memchr
 .text          0x000051a0      0x134 c:/maxim/toolchain/bin/../lib/gcc/arm-none-eabi/6.3.1/../../../../arm-none-eabi/lib/thumb/v7e-m/fpv4-sp/hard\libc.a(lib_a-memcpy.o)
                0x000051a0                memcpy
 .text.memmove  0x000052d4       0xc8 c:/maxim/toolchain/bin/../lib/gcc/arm-none-eabi/6.3.1/../../../../arm-none-eabi/lib/thumb/v7e-m/fpv4-sp/hard\libc.a(lib_a-memmove.o)
                0x000052d4                memmove
 .text.__malloc_lock
                0x0000539c        0xc c:/maxim/toolchain/bin/../lib/gcc/arm-none-eabi/6.3.1/../../../../arm-none-eabi/lib/thumb/v7e-m/fpv4-sp/hard\libc.a(lib_a-mlock.o)
                0x0000539c                __malloc_lock
 .text.__malloc_unlock
                0x000053a8        0xc c:/maxim/toolchain/bin/../lib/gcc/arm-none-eabi/6.3.1/../../../../arm-none-eabi/lib/thumb/v7e-m/fpv4-sp/hard\libc.a(lib_a-mlock.o)
                0x000053a8                __malloc_unlock
 .text._Balloc  0x000053b4       0x4c c:/maxim/toolchain/bin/../lib/gcc/arm-none-eabi/6.3.1/../../../../arm-none-eabi/lib/thumb/v7e-m/fpv4-sp/hard\libc.a(lib_a-mprec.o)
                0x000053b4                _Balloc
 .text._Bfree   0x00005400       0x14 c:/maxim/toolchain/bin/../lib/gcc/arm-none-eabi/6.3.1/../../../../arm-none-eabi/lib/thumb/v7e-m/fpv4-sp/hard\libc.a(lib_a-mprec.o)
                0x00005400                _Bfree
 .text.__multadd
                0x00005414       0x80 c:/maxim/toolchain/bin/../lib/gcc/arm-none-eabi/6.3.1/../../../../arm-none-eabi/lib/thumb/v7e-m/fpv4-sp/hard\libc.a(lib_a-mprec.o)
                0x00005414                __multadd
 .text.__hi0bits
                0x00005494       0x40 c:/maxim/toolchain/bin/../lib/gcc/arm-none-eabi/6.3.1/../../../../arm-none-eabi/lib/thumb/v7e-m/fpv4-sp/hard\libc.a(lib_a-mprec.o)
                0x00005494                __hi0bits
 .text.__lo0bits
                0x000054d4       0x60 c:/maxim/toolchain/bin/../lib/gcc/arm-none-eabi/6.3.1/../../../../arm-none-eabi/lib/thumb/v7e-m/fpv4-sp/hard\libc.a(lib_a-mprec.o)
                0x000054d4                __lo0bits
 .text.__i2b    0x00005534       0x14 c:/maxim/toolchain/bin/../lib/gcc/arm-none-eabi/6.3.1/../../../../arm-none-eabi/lib/thumb/v7e-m/fpv4-sp/hard\libc.a(lib_a-mprec.o)
                0x00005534                __i2b
 .text.__multiply
                0x00005548      0x124 c:/maxim/toolchain/bin/../lib/gcc/arm-none-eabi/6.3.1/../../../../arm-none-eabi/lib/thumb/v7e-m/fpv4-sp/hard\libc.a(lib_a-mprec.o)
                0x00005548                __multiply
 .text.__pow5mult
                0x0000566c       0xa0 c:/maxim/toolchain/bin/../lib/gcc/arm-none-eabi/6.3.1/../../../../arm-none-eabi/lib/thumb/v7e-m/fpv4-sp/hard\libc.a(lib_a-mprec.o)
                0x0000566c                __pow5mult
 .text.__lshift
                0x0000570c       0xa4 c:/maxim/toolchain/bin/../lib/gcc/arm-none-eabi/6.3.1/../../../../arm-none-eabi/lib/thumb/v7e-m/fpv4-sp/hard\libc.a(lib_a-mprec.o)
                0x0000570c                __lshift
 .text.__mcmp   0x000057b0       0x38 c:/maxim/toolchain/bin/../lib/gcc/arm-none-eabi/6.3.1/../../../../arm-none-eabi/lib/thumb/v7e-m/fpv4-sp/hard\libc.a(lib_a-mprec.o)
                0x000057b0                __mcmp
 .text.__mdiff  0x000057e8      0x108 c:/maxim/toolchain/bin/../lib/gcc/arm-none-eabi/6.3.1/../../../../arm-none-eabi/lib/thumb/v7e-m/fpv4-sp/hard\libc.a(lib_a-mprec.o)
                0x000057e8                __mdiff
 .text.__d2b    0x000058f0       0xbc c:/maxim/toolchain/bin/../lib/gcc/arm-none-eabi/6.3.1/../../../../arm-none-eabi/lib/thumb/v7e-m/fpv4-sp/hard\libc.a(lib_a-mprec.o)
                0x000058f0                __d2b
 .text._realloc_r
                0x000059ac      0x34c c:/maxim/toolchain/bin/../lib/gcc/arm-none-eabi/6.3.1/../../../../arm-none-eabi/lib/thumb/v7e-m/fpv4-sp/hard\libc.a(lib_a-reallocr.o)
                0x000059ac                _realloc_r
 .text._sbrk_r  0x00005cf8       0x24 c:/maxim/toolchain/bin/../lib/gcc/arm-none-eabi/6.3.1/../../../../arm-none-eabi/lib/thumb/v7e-m/fpv4-sp/hard\libc.a(lib_a-sbrkr.o)
                0x00005cf8                _sbrk_r
 .text.__sread  0x00005d1c       0x24 c:/maxim/toolchain/bin/../lib/gcc/arm-none-eabi/6.3.1/../../../../arm-none-eabi/lib/thumb/v7e-m/fpv4-sp/hard\libc.a(lib_a-stdio.o)
                0x00005d1c                __sread
 .text.__swrite
                0x00005d40       0x3c c:/maxim/toolchain/bin/../lib/gcc/arm-none-eabi/6.3.1/../../../../arm-none-eabi/lib/thumb/v7e-m/fpv4-sp/hard\libc.a(lib_a-stdio.o)
                0x00005d40                __swrite
 .text.__sseek  0x00005d7c       0x20 c:/maxim/toolchain/bin/../lib/gcc/arm-none-eabi/6.3.1/../../../../arm-none-eabi/lib/thumb/v7e-m/fpv4-sp/hard\libc.a(lib_a-stdio.o)
                0x00005d7c                __sseek
 .text.__sclose
                0x00005d9c        0x8 c:/maxim/toolchain/bin/../lib/gcc/arm-none-eabi/6.3.1/../../../../arm-none-eabi/lib/thumb/v7e-m/fpv4-sp/hard\libc.a(lib_a-stdio.o)
                0x00005d9c                __sclose
 .text.__sprint_r.part.0
                0x00005da4       0x80 c:/maxim/toolchain/bin/../lib/gcc/arm-none-eabi/6.3.1/../../../../arm-none-eabi/lib/thumb/v7e-m/fpv4-sp/hard\libc.a(lib_a-vfiprintf.o)
 .text.__sprint_r
                0x00005e24       0x14 c:/maxim/toolchain/bin/../lib/gcc/arm-none-eabi/6.3.1/../../../../arm-none-eabi/lib/thumb/v7e-m/fpv4-sp/hard\libc.a(lib_a-vfiprintf.o)
                0x00005e24                __sprint_r
 .text.__swbuf_r
                0x00005e38       0xb0 c:/maxim/toolchain/bin/../lib/gcc/arm-none-eabi/6.3.1/../../../../arm-none-eabi/lib/thumb/v7e-m/fpv4-sp/hard\libc.a(lib_a-wbuf.o)
                0x00005e38                __swbuf_r
 .text._write_r
                0x00005ee8       0x2c c:/maxim/toolchain/bin/../lib/gcc/arm-none-eabi/6.3.1/../../../../arm-none-eabi/lib/thumb/v7e-m/fpv4-sp/hard\libc.a(lib_a-writer.o)
                0x00005ee8                _write_r
 .text.__register_exitproc
                0x00005f14       0xc4 c:/maxim/toolchain/bin/../lib/gcc/arm-none-eabi/6.3.1/../../../../arm-none-eabi/lib/thumb/v7e-m/fpv4-sp/hard\libc.a(lib_a-__atexit.o)
                0x00005f14                __register_exitproc
 .text._calloc_r
                0x00005fd8       0x60 c:/maxim/toolchain/bin/../lib/gcc/arm-none-eabi/6.3.1/../../../../arm-none-eabi/lib/thumb/v7e-m/fpv4-sp/hard\libc.a(lib_a-callocr.o)
                0x00005fd8                _calloc_r
 .text._close_r
                0x00006038       0x24 c:/maxim/toolchain/bin/../lib/gcc/arm-none-eabi/6.3.1/../../../../arm-none-eabi/lib/thumb/v7e-m/fpv4-sp/hard\libc.a(lib_a-closer.o)
                0x00006038                _close_r
 .text._fclose_r
                0x0000605c       0xc4 c:/maxim/toolchain/bin/../lib/gcc/arm-none-eabi/6.3.1/../../../../arm-none-eabi/lib/thumb/v7e-m/fpv4-sp/hard\libc.a(lib_a-fclose.o)
                0x0000605c                _fclose_r
 .text.__fputwc
                0x00006120       0xa0 c:/maxim/toolchain/bin/../lib/gcc/arm-none-eabi/6.3.1/../../../../arm-none-eabi/lib/thumb/v7e-m/fpv4-sp/hard\libc.a(lib_a-fputwc.o)
                0x00006120                __fputwc
 .text._fputwc_r
                0x000061c0       0x68 c:/maxim/toolchain/bin/../lib/gcc/arm-none-eabi/6.3.1/../../../../arm-none-eabi/lib/thumb/v7e-m/fpv4-sp/hard\libc.a(lib_a-fputwc.o)
                0x000061c0                _fputwc_r
 .text._fstat_r
                0x00006228       0x28 c:/maxim/toolchain/bin/../lib/gcc/arm-none-eabi/6.3.1/../../../../arm-none-eabi/lib/thumb/v7e-m/fpv4-sp/hard\libc.a(lib_a-fstatr.o)
                0x00006228                _fstat_r
 .text._isatty_r
                0x00006250       0x24 c:/maxim/toolchain/bin/../lib/gcc/arm-none-eabi/6.3.1/../../../../arm-none-eabi/lib/thumb/v7e-m/fpv4-sp/hard\libc.a(lib_a-isattyr.o)
                0x00006250                _isatty_r
 .text.__locale_mb_cur_max
                0x00006274       0x1c c:/maxim/toolchain/bin/../lib/gcc/arm-none-eabi/6.3.1/../../../../arm-none-eabi/lib/thumb/v7e-m/fpv4-sp/hard\libc.a(lib_a-locale.o)
                0x00006274                __locale_mb_cur_max
 .text._lseek_r
                0x00006290       0x2c c:/maxim/toolchain/bin/../lib/gcc/arm-none-eabi/6.3.1/../../../../arm-none-eabi/lib/thumb/v7e-m/fpv4-sp/hard\libc.a(lib_a-lseekr.o)
                0x00006290                _lseek_r
 .text.__ascii_mbtowc
                0x000062bc       0x2c c:/maxim/toolchain/bin/../lib/gcc/arm-none-eabi/6.3.1/../../../../arm-none-eabi/lib/thumb/v7e-m/fpv4-sp/hard\libc.a(lib_a-mbtowc_r.o)
                0x000062bc                __ascii_mbtowc
 .text._read_r  0x000062e8       0x2c c:/maxim/toolchain/bin/../lib/gcc/arm-none-eabi/6.3.1/../../../../arm-none-eabi/lib/thumb/v7e-m/fpv4-sp/hard\libc.a(lib_a-readr.o)
                0x000062e8                _read_r
 .text._wcrtomb_r
                0x00006314       0x54 c:/maxim/toolchain/bin/../lib/gcc/arm-none-eabi/6.3.1/../../../../arm-none-eabi/lib/thumb/v7e-m/fpv4-sp/hard\libc.a(lib_a-wcrtomb.o)
                0x00006314                _wcrtomb_r
 .text.__ascii_wctomb
                0x00006368       0x1c c:/maxim/toolchain/bin/../lib/gcc/arm-none-eabi/6.3.1/../../../../arm-none-eabi/lib/thumb/v7e-m/fpv4-sp/hard\libc.a(lib_a-wctomb_r.o)
                0x00006368                __ascii_wctomb
 .text          0x00006384      0x370 c:/maxim/toolchain/bin/../lib/gcc/arm-none-eabi/6.3.1/thumb/v7e-m/fpv4-sp/hard\libgcc.a(_arm_addsubdf3.o)
                0x00006384                __aeabi_drsub
                0x0000638c                __aeabi_dsub
                0x0000638c                __subdf3
                0x00006390                __aeabi_dadd
                0x00006390                __adddf3
                0x00006608                __floatunsidf
                0x00006608                __aeabi_ui2d
                0x00006628                __floatsidf
                0x00006628                __aeabi_i2d
                0x0000664c                __aeabi_f2d
                0x0000664c                __extendsfdf2
                0x00006688                __floatundidf
                0x00006688                __aeabi_ul2d
                0x00006698                __floatdidf
                0x00006698                __aeabi_l2d
 .text          0x000066f4      0x424 c:/maxim/toolchain/bin/../lib/gcc/arm-none-eabi/6.3.1/thumb/v7e-m/fpv4-sp/hard\libgcc.a(_arm_muldivdf3.o)
                0x000066f4                __aeabi_dmul
                0x000066f4                __muldf3
                0x00006948                __divdf3
                0x00006948                __aeabi_ddiv
 .text          0x00006b18      0x110 c:/maxim/toolchain/bin/../lib/gcc/arm-none-eabi/6.3.1/thumb/v7e-m/fpv4-sp/hard\libgcc.a(_arm_cmpdf2.o)
                0x00006b18                __gtdf2
                0x00006b18                __gedf2
                0x00006b20                __ltdf2
                0x00006b20                __ledf2
                0x00006b28                __nedf2
                0x00006b28                __eqdf2
                0x00006b28                __cmpdf2
                0x00006ba4                __aeabi_cdrcmple
                0x00006bb4                __aeabi_cdcmpeq
                0x00006bb4                __aeabi_cdcmple
                0x00006bc4                __aeabi_dcmpeq
                0x00006bd8                __aeabi_dcmplt
                0x00006bec                __aeabi_dcmple
                0x00006c00                __aeabi_dcmpge
                0x00006c14                __aeabi_dcmpgt
 .text          0x00006c28       0x2c c:/maxim/toolchain/bin/../lib/gcc/arm-none-eabi/6.3.1/thumb/v7e-m/fpv4-sp/hard\libgcc.a(_arm_unorddf2.o)
                0x00006c28                __unorddf2
                0x00006c28                __aeabi_dcmpun
 .text          0x00006c54       0x50 c:/maxim/toolchain/bin/../lib/gcc/arm-none-eabi/6.3.1/thumb/v7e-m/fpv4-sp/hard\libgcc.a(_arm_fixdfsi.o)
                0x00006c54                __aeabi_d2iz
                0x00006c54                __fixdfsi
 .text          0x00006ca4       0x30 c:/maxim/toolchain/bin/../lib/gcc/arm-none-eabi/6.3.1/thumb/v7e-m/fpv4-sp/hard\libgcc.a(_aeabi_uldivmod.o)
                0x00006ca4                __aeabi_uldivmod
 .text          0x00006cd4      0x2dc c:/maxim/toolchain/bin/../lib/gcc/arm-none-eabi/6.3.1/thumb/v7e-m/fpv4-sp/hard\libgcc.a(_udivmoddi4.o)
                0x00006cd4                __udivmoddi4
 .text          0x00006fb0        0x4 c:/maxim/toolchain/bin/../lib/gcc/arm-none-eabi/6.3.1/thumb/v7e-m/fpv4-sp/hard\libgcc.a(_dvmd_tls.o)
                0x00006fb0                __aeabi_idiv0
                0x00006fb0                __aeabi_ldiv0
 *(.rodata*)
 .rodata        0x00006fb4        0x2 c:/Users/spayr/Documents/eclipseworkspace/MAX32660/I2C_Memory/build/main.o
 *fill*         0x00006fb6        0x2 
 .rodata.I2C_ByteRead.str1.4
                0x00006fb8       0xa2 c:/Users/spayr/Documents/eclipseworkspace/MAX32660/I2C_Memory/build/main.o
 *fill*         0x0000705a        0x2 
 .rodata.I2C_ByteWrite.str1.4
                0x0000705c       0x77 c:/Users/spayr/Documents/eclipseworkspace/MAX32660/I2C_Memory/build/main.o
 *fill*         0x000070d3        0x1 
 .rodata.main.str1.4
                0x000070d4       0xe5 c:/Users/spayr/Documents/eclipseworkspace/MAX32660/I2C_Memory/build/main.o
 *fill*         0x000071b9        0x3 
 .rodata.Board_Init.str1.4
                0x000071bc       0x49 c:/Users/spayr/Documents/eclipseworkspace/MAX32660/I2C_Memory/build/board.o
 *fill*         0x00007205        0x3 
 .rodata.console_uart_cfg
                0x00007208       0x10 c:/Users/spayr/Documents/eclipseworkspace/MAX32660/I2C_Memory/build/board.o
                0x00007208                console_uart_cfg
 .rodata.console_uart_sys_cfg
                0x00007218        0x2 c:/Users/spayr/Documents/eclipseworkspace/MAX32660/I2C_Memory/build/board.o
                0x00007218                console_uart_sys_cfg
 *fill*         0x0000721a        0x2 
 .rodata.led_pin
                0x0000721c        0xc c:/Users/spayr/Documents/eclipseworkspace/MAX32660/I2C_Memory/build/board.o
                0x0000721c                led_pin
 .rodata.mxc_assert.str1.4
                0x00007228       0x19 c:/Users/spayr/Documents/eclipseworkspace/MAX32660/I2C_Memory/build/board.o
 *fill*         0x00007241        0x3 
 .rodata.num_leds
                0x00007244        0x4 c:/Users/spayr/Documents/eclipseworkspace/MAX32660/I2C_Memory/build/board.o
                0x00007244                num_leds
 .rodata.num_pbs
                0x00007248        0x4 c:/Users/spayr/Documents/eclipseworkspace/MAX32660/I2C_Memory/build/board.o
                0x00007248                num_pbs
 .rodata.pb_pin
                0x0000724c        0xc c:/Users/spayr/Documents/eclipseworkspace/MAX32660/I2C_Memory/build/board.o
                0x0000724c                pb_pin
 .rodata.LED_On.str1.4
                0x00007258       0x57 c:/Users/spayr/Documents/eclipseworkspace/MAX32660/I2C_Memory/build/led.o
 *fill*         0x000072af        0x1 
 .rodata.GPIO_Handler.str1.4
                0x000072b0       0x2e c:/Users/spayr/Documents/eclipseworkspace/MAX32660/I2C_Memory/build/PeriphDriver/PeriphDriver.a(gpio.o)
 *fill*         0x000072de        0x2 
 .rodata.I2C_Init.str1.4
                0x000072e0       0x39 c:/Users/spayr/Documents/eclipseworkspace/MAX32660/I2C_Memory/build/PeriphDriver/PeriphDriver.a(i2c.o)
 *fill*         0x00007319        0x3 
 .rodata.I2C_Shutdown.str1.4
                0x0000731c        0xd c:/Users/spayr/Documents/eclipseworkspace/MAX32660/I2C_Memory/build/PeriphDriver/PeriphDriver.a(i2c.o)
 *fill*         0x00007329        0x3 
 .rodata.gpio_cfg_i2c0
                0x0000732c        0xc c:/Users/spayr/Documents/eclipseworkspace/MAX32660/I2C_Memory/build/PeriphDriver/PeriphDriver.a(mxc_pins.o)
                0x0000732c                gpio_cfg_i2c0
 .rodata.gpio_cfg_i2c1
                0x00007338        0xc c:/Users/spayr/Documents/eclipseworkspace/MAX32660/I2C_Memory/build/PeriphDriver/PeriphDriver.a(mxc_pins.o)
                0x00007338                gpio_cfg_i2c1
 .rodata.gpio_cfg_uart0a
                0x00007344        0xc c:/Users/spayr/Documents/eclipseworkspace/MAX32660/I2C_Memory/build/PeriphDriver/PeriphDriver.a(mxc_pins.o)
                0x00007344                gpio_cfg_uart0a
 .rodata.gpio_cfg_uart0rtscts
                0x00007350        0xc c:/Users/spayr/Documents/eclipseworkspace/MAX32660/I2C_Memory/build/PeriphDriver/PeriphDriver.a(mxc_pins.o)
                0x00007350                gpio_cfg_uart0rtscts
 .rodata.gpio_cfg_uart1a
                0x0000735c        0xc c:/Users/spayr/Documents/eclipseworkspace/MAX32660/I2C_Memory/build/PeriphDriver/PeriphDriver.a(mxc_pins.o)
                0x0000735c                gpio_cfg_uart1a
 .rodata.gpio_cfg_uart1b
                0x00007368        0xc c:/Users/spayr/Documents/eclipseworkspace/MAX32660/I2C_Memory/build/PeriphDriver/PeriphDriver.a(mxc_pins.o)
                0x00007368                gpio_cfg_uart1b
 .rodata.gpio_cfg_uart1c
                0x00007374        0xc c:/Users/spayr/Documents/eclipseworkspace/MAX32660/I2C_Memory/build/PeriphDriver/PeriphDriver.a(mxc_pins.o)
                0x00007374                gpio_cfg_uart1c
 .rodata.gpio_cfg_uart1rtscts
                0x00007380        0xc c:/Users/spayr/Documents/eclipseworkspace/MAX32660/I2C_Memory/build/PeriphDriver/PeriphDriver.a(mxc_pins.o)
                0x00007380                gpio_cfg_uart1rtscts
 .rodata._global_impure_ptr
                0x0000738c        0x4 c:/maxim/toolchain/bin/../lib/gcc/arm-none-eabi/6.3.1/../../../../arm-none-eabi/lib/thumb/v7e-m/fpv4-sp/hard\libc.a(lib_a-impure.o)
                0x0000738c                _global_impure_ptr
 .rodata._puts_r.str1.4
                0x00007390        0xd c:/maxim/toolchain/bin/../lib/gcc/arm-none-eabi/6.3.1/../../../../arm-none-eabi/lib/thumb/v7e-m/fpv4-sp/hard\libc.a(lib_a-puts.o)
                                  0x2 (size before relaxing)
 .rodata._vfprintf_r.str1.4
                0x00007390       0x3f c:/maxim/toolchain/bin/../lib/gcc/arm-none-eabi/6.3.1/../../../../arm-none-eabi/lib/thumb/v7e-m/fpv4-sp/hard\libc.a(lib_a-vfprintf.o)
                                 0x42 (size before relaxing)
 *fill*         0x000073cf        0x1 
 .rodata.blanks.8366
                0x000073d0       0x10 c:/maxim/toolchain/bin/../lib/gcc/arm-none-eabi/6.3.1/../../../../arm-none-eabi/lib/thumb/v7e-m/fpv4-sp/hard\libc.a(lib_a-vfprintf.o)
 .rodata.zeroes.8367
                0x000073e0       0x10 c:/maxim/toolchain/bin/../lib/gcc/arm-none-eabi/6.3.1/../../../../arm-none-eabi/lib/thumb/v7e-m/fpv4-sp/hard\libc.a(lib_a-vfprintf.o)
 .rodata._dtoa_r.str1.4
                0x000073f0       0x10 c:/maxim/toolchain/bin/../lib/gcc/arm-none-eabi/6.3.1/../../../../arm-none-eabi/lib/thumb/v7e-m/fpv4-sp/hard\libc.a(lib_a-dtoa.o)
                                 0x12 (size before relaxing)
 .rodata.__mprec_bigtens
                0x00007400       0x28 c:/maxim/toolchain/bin/../lib/gcc/arm-none-eabi/6.3.1/../../../../arm-none-eabi/lib/thumb/v7e-m/fpv4-sp/hard\libc.a(lib_a-mprec.o)
                0x00007400                __mprec_bigtens
 .rodata.__mprec_tens
                0x00007428       0xc8 c:/maxim/toolchain/bin/../lib/gcc/arm-none-eabi/6.3.1/../../../../arm-none-eabi/lib/thumb/v7e-m/fpv4-sp/hard\libc.a(lib_a-mprec.o)
                0x00007428                __mprec_tens
 .rodata.p05.7183
                0x000074f0        0xc c:/maxim/toolchain/bin/../lib/gcc/arm-none-eabi/6.3.1/../../../../arm-none-eabi/lib/thumb/v7e-m/fpv4-sp/hard\libc.a(lib_a-mprec.o)
 .rodata._setlocale_r.str1.4
                0x000074fc        0xa c:/maxim/toolchain/bin/../lib/gcc/arm-none-eabi/6.3.1/../../../../arm-none-eabi/lib/thumb/v7e-m/fpv4-sp/hard\libc.a(lib_a-locale.o)
                                  0xd (size before relaxing)
 *fill*         0x00007506        0x2 
 .rodata.str1.4
                0x00007508        0x4 c:/maxim/toolchain/bin/../lib/gcc/arm-none-eabi/6.3.1/../../../../arm-none-eabi/lib/thumb/v7e-m/fpv4-sp/hard\libc.a(lib_a-locale.o)
                                  0x2 (size before relaxing)
 .rodata._ctype_
                0x0000750c      0x101 c:/maxim/toolchain/bin/../lib/gcc/arm-none-eabi/6.3.1/../../../../arm-none-eabi/lib/thumb/v7e-m/fpv4-sp/hard\libc.a(lib_a-ctype_.o)
                0x0000750c                _ctype_
 *(.init)
 *fill*         0x0000760d        0x3 
 .init          0x00007610        0x4 c:/maxim/toolchain/bin/../lib/gcc/arm-none-eabi/6.3.1/thumb/v7e-m/fpv4-sp/hard/crti.o
                0x00007610                _init
 .init          0x00007614        0x8 c:/maxim/toolchain/bin/../lib/gcc/arm-none-eabi/6.3.1/thumb/v7e-m/fpv4-sp/hard/crtn.o
 *(.fini)
 .fini          0x0000761c        0x4 c:/maxim/toolchain/bin/../lib/gcc/arm-none-eabi/6.3.1/thumb/v7e-m/fpv4-sp/hard/crti.o
                0x0000761c                _fini
 .fini          0x00007620        0x8 c:/maxim/toolchain/bin/../lib/gcc/arm-none-eabi/6.3.1/thumb/v7e-m/fpv4-sp/hard/crtn.o
 *(.eh_frame*)
 .eh_frame      0x00007628        0x0 c:/maxim/toolchain/bin/../lib/gcc/arm-none-eabi/6.3.1/thumb/v7e-m/fpv4-sp/hard/crtbegin.o
 .eh_frame      0x00007628        0x4 c:/maxim/toolchain/bin/../lib/gcc/arm-none-eabi/6.3.1/thumb/v7e-m/fpv4-sp/hard/crtend.o
                0x0000762c                _etext = .

.glue_7         0x0000762c        0x0
 .glue_7        0x0000762c        0x0 linker stubs

.glue_7t        0x0000762c        0x0
 .glue_7t       0x0000762c        0x0 linker stubs

.vfp11_veneer   0x0000762c        0x0
 .vfp11_veneer  0x0000762c        0x0 linker stubs

.v4_bx          0x0000762c        0x0
 .v4_bx         0x0000762c        0x0 linker stubs

.iplt           0x0000762c        0x0
 .iplt          0x0000762c        0x0 c:/maxim/toolchain/bin/../lib/gcc/arm-none-eabi/6.3.1/thumb/v7e-m/fpv4-sp/hard/crtbegin.o

.ARM.exidx      0x0000762c        0x8
                0x0000762c                __exidx_start = .
 *(.ARM.exidx*)
 .ARM.exidx     0x0000762c        0x8 c:/maxim/toolchain/bin/../lib/gcc/arm-none-eabi/6.3.1/thumb/v7e-m/fpv4-sp/hard\libgcc.a(_udivmoddi4.o)
                0x00007634                __exidx_end = .

.rel.dyn        0x00007634        0x0
 .rel.iplt      0x00007634        0x0 c:/maxim/toolchain/bin/../lib/gcc/arm-none-eabi/6.3.1/thumb/v7e-m/fpv4-sp/hard/crtbegin.o

.data           0x20000000      0x9c4 load address 0x00007634
                0x20000000                _data = ALIGN (., 0x4)
 *(.data*)
 .data.ConsoleUART
                0x20000000        0x4 c:/Users/spayr/Documents/eclipseworkspace/MAX32660/I2C_Memory/build/board.o
                0x20000000                ConsoleUART
 .data.SystemCoreClock
                0x20000004        0x4 c:/Users/spayr/Documents/eclipseworkspace/MAX32660/I2C_Memory/build/system_max32660.o
                0x20000004                SystemCoreClock
 .data._impure_ptr
                0x20000008        0x4 c:/maxim/toolchain/bin/../lib/gcc/arm-none-eabi/6.3.1/../../../../arm-none-eabi/lib/thumb/v7e-m/fpv4-sp/hard\libc.a(lib_a-impure.o)
                0x20000008                _impure_ptr
 *fill*         0x2000000c        0x4 
 .data.impure_data
                0x20000010      0x428 c:/maxim/toolchain/bin/../lib/gcc/arm-none-eabi/6.3.1/../../../../arm-none-eabi/lib/thumb/v7e-m/fpv4-sp/hard\libc.a(lib_a-impure.o)
 .data.__atexit_recursive_mutex
                0x20000438        0x4 c:/maxim/toolchain/bin/../lib/gcc/arm-none-eabi/6.3.1/../../../../arm-none-eabi/lib/thumb/v7e-m/fpv4-sp/hard\libc.a(lib_a-__call_atexit.o)
                0x20000438                __atexit_recursive_mutex
 .data.__malloc_av_
                0x2000043c      0x408 c:/maxim/toolchain/bin/../lib/gcc/arm-none-eabi/6.3.1/../../../../arm-none-eabi/lib/thumb/v7e-m/fpv4-sp/hard\libc.a(lib_a-mallocr.o)
                0x2000043c                __malloc_av_
 .data.__malloc_sbrk_base
                0x20000844        0x4 c:/maxim/toolchain/bin/../lib/gcc/arm-none-eabi/6.3.1/../../../../arm-none-eabi/lib/thumb/v7e-m/fpv4-sp/hard\libc.a(lib_a-mallocr.o)
                0x20000844                __malloc_sbrk_base
 .data.__malloc_trim_threshold
                0x20000848        0x4 c:/maxim/toolchain/bin/../lib/gcc/arm-none-eabi/6.3.1/../../../../arm-none-eabi/lib/thumb/v7e-m/fpv4-sp/hard\libc.a(lib_a-mallocr.o)
                0x20000848                __malloc_trim_threshold
 .data.__global_locale
                0x2000084c      0x16c c:/maxim/toolchain/bin/../lib/gcc/arm-none-eabi/6.3.1/../../../../arm-none-eabi/lib/thumb/v7e-m/fpv4-sp/hard\libc.a(lib_a-locale.o)
                0x2000084c                __global_locale
 *(.spix_config*)
                0x200009b8                . = ALIGN (0x4)
                0x200009b8                PROVIDE (__preinit_array_start, .)
 *(.preinit_array)
                0x200009b8                PROVIDE (__preinit_array_end, .)
                0x200009b8                . = ALIGN (0x4)
                0x200009b8                PROVIDE (__init_array_start, .)
 *(SORT(.init_array.*))
 .init_array.00000
                0x200009b8        0x4 c:/maxim/toolchain/bin/../lib/gcc/arm-none-eabi/6.3.1/../../../../arm-none-eabi/lib/thumb/v7e-m/fpv4-sp/hard\libc.a(lib_a-__call_atexit.o)
 *(.init_array)
 .init_array    0x200009bc        0x4 c:/maxim/toolchain/bin/../lib/gcc/arm-none-eabi/6.3.1/thumb/v7e-m/fpv4-sp/hard/crtbegin.o
                0x200009c0                PROVIDE (__init_array_end, .)
                0x200009c0                . = ALIGN (0x4)
                0x200009c0                PROVIDE (__fini_array_start, .)
 *(SORT(.fini_array.*))
 *(.fini_array)
 .fini_array    0x200009c0        0x4 c:/maxim/toolchain/bin/../lib/gcc/arm-none-eabi/6.3.1/thumb/v7e-m/fpv4-sp/hard/crtbegin.o
                0x200009c4                PROVIDE (__fini_array_end, .)
                0x200009c4                _edata = ALIGN (., 0x4)
                0x00007634                __load_data = LOADADDR (.data)

.jcr            0x200009c4        0x0 load address 0x00007ff8
 .jcr           0x200009c4        0x0 c:/maxim/toolchain/bin/../lib/gcc/arm-none-eabi/6.3.1/thumb/v7e-m/fpv4-sp/hard/crtbegin.o

.igot.plt       0x200009c4        0x0 load address 0x00007ff8
 .igot.plt      0x200009c4        0x0 c:/maxim/toolchain/bin/../lib/gcc/arm-none-eabi/6.3.1/thumb/v7e-m/fpv4-sp/hard/crtbegin.o

.bss            0x200009c8      0x188 load address 0x00007ff8
                0x200009c8                . = ALIGN (0x4)
                0x200009c8                _bss = .
 *(.bss*)
 .bss           0x200009c8       0x1c c:/maxim/toolchain/bin/../lib/gcc/arm-none-eabi/6.3.1/thumb/v7e-m/fpv4-sp/hard/crtbegin.o
 .bss.r         0x200009e4        0x4 c:/Users/spayr/Documents/eclipseworkspace/MAX32660/I2C_Memory/build/main.o
                0x200009e4                r
 .bss.heap_end  0x200009e8        0x4 c:/Users/spayr/Documents/eclipseworkspace/MAX32660/I2C_Memory/build/heap.o
 .bss.rx_states
                0x200009ec        0x8 c:/Users/spayr/Documents/eclipseworkspace/MAX32660/I2C_Memory/build/PeriphDriver/PeriphDriver.a(uart.o)
 .bss.tx_states
                0x200009f4        0x8 c:/Users/spayr/Documents/eclipseworkspace/MAX32660/I2C_Memory/build/PeriphDriver/PeriphDriver.a(uart.o)
 .bss.callback  0x200009fc       0x38 c:/Users/spayr/Documents/eclipseworkspace/MAX32660/I2C_Memory/build/PeriphDriver/PeriphDriver.a(gpio.o)
 .bss.cbparam   0x20000a34       0x38 c:/Users/spayr/Documents/eclipseworkspace/MAX32660/I2C_Memory/build/PeriphDriver/PeriphDriver.a(gpio.o)
 .bss.states    0x20000a6c       0x10 c:/Users/spayr/Documents/eclipseworkspace/MAX32660/I2C_Memory/build/PeriphDriver/PeriphDriver.a(i2c.o)
 *fill*         0x20000a7c        0x4 
 .bss.compare_value
                0x20000a80        0x8 c:/Users/spayr/Documents/eclipseworkspace/MAX32660/I2C_Memory/build/PeriphDriver/PeriphDriver.a(mxc_delay.o)
 .bss.ctrl_save
                0x20000a88        0x4 c:/Users/spayr/Documents/eclipseworkspace/MAX32660/I2C_Memory/build/PeriphDriver/PeriphDriver.a(mxc_delay.o)
 *fill*         0x20000a8c        0x4 
 .bss.curr_value
                0x20000a90        0x8 c:/Users/spayr/Documents/eclipseworkspace/MAX32660/I2C_Memory/build/PeriphDriver/PeriphDriver.a(mxc_delay.o)
 .bss.reload    0x20000a98        0x4 c:/Users/spayr/Documents/eclipseworkspace/MAX32660/I2C_Memory/build/PeriphDriver/PeriphDriver.a(mxc_delay.o)
 .bss.__malloc_current_mallinfo
                0x20000a9c       0x28 c:/maxim/toolchain/bin/../lib/gcc/arm-none-eabi/6.3.1/../../../../arm-none-eabi/lib/thumb/v7e-m/fpv4-sp/hard\libc.a(lib_a-mallocr.o)
                0x20000a9c                __malloc_current_mallinfo
 .bss.__malloc_max_sbrked_mem
                0x20000ac4        0x4 c:/maxim/toolchain/bin/../lib/gcc/arm-none-eabi/6.3.1/../../../../arm-none-eabi/lib/thumb/v7e-m/fpv4-sp/hard\libc.a(lib_a-mallocr.o)
                0x20000ac4                __malloc_max_sbrked_mem
 .bss.__malloc_max_total_mem
                0x20000ac8        0x4 c:/maxim/toolchain/bin/../lib/gcc/arm-none-eabi/6.3.1/../../../../arm-none-eabi/lib/thumb/v7e-m/fpv4-sp/hard\libc.a(lib_a-mallocr.o)
                0x20000ac8                __malloc_max_total_mem
 .bss.__malloc_top_pad
                0x20000acc        0x4 c:/maxim/toolchain/bin/../lib/gcc/arm-none-eabi/6.3.1/../../../../arm-none-eabi/lib/thumb/v7e-m/fpv4-sp/hard\libc.a(lib_a-mallocr.o)
                0x20000acc                __malloc_top_pad
 *(COMMON)
 COMMON         0x20000ad0       0x56 c:/Users/spayr/Documents/eclipseworkspace/MAX32660/I2C_Memory/build/main.o
                0x20000ad0                rxbuf
                0x20000ad4                i2c_cfg
                0x20000ae4                i2c_flag
                0x20000ae8                readBuffer
                0x20000af8                i2c_req
                0x20000b24                txbuf
                0x20000b25                readByte
 *fill*         0x20000b26        0x2 
 COMMON         0x20000b28       0x21 c:/maxim/toolchain/bin/../lib/gcc/arm-none-eabi/6.3.1/../../../../arm-none-eabi/lib/thumb/v7e-m/fpv4-sp/hard\libc.a(lib_a-lock.o)
                0x20000b28                __lock___atexit_recursive_mutex
                0x20000b2c                __lock___arc4random_mutex
                0x20000b30                __lock___env_recursive_mutex
                0x20000b34                __lock___sinit_recursive_mutex
                0x20000b38                __lock___malloc_recursive_mutex
                0x20000b3c                __lock___at_quick_exit_mutex
                0x20000b40                __lock___dd_hash_mutex
                0x20000b44                __lock___tz_mutex
                0x20000b48                __lock___sfp_recursive_mutex
 *fill*         0x20000b49        0x3 
 COMMON         0x20000b4c        0x4 c:/maxim/toolchain/bin/../lib/gcc/arm-none-eabi/6.3.1/../../../../arm-none-eabi/lib/thumb/v7e-m/fpv4-sp/hard\libc.a(lib_a-reent.o)
                0x20000b4c                errno
                0x20000b50                _ebss = ALIGN (., 0x4)
                0x20018000                __StackTop = (ORIGIN (SRAM) + LENGTH (SRAM))
                0x20017000                __StackLimit = (__StackTop - SIZEOF (.stack_dummy))

.stack_dummy    0x20000b50     0x1000 load address 0x00007ff8
 *(.stack*)
 .stack         0x20000b50     0x1000 c:/Users/spayr/Documents/eclipseworkspace/MAX32660/I2C_Memory/build/startup_max32660.o

.heap           0x20000b50      0xc00 load address 0x00007ff8
                0x20000b50                . = ALIGN (0x4)
 *(.heap*)
 .heap          0x20000b50      0xc00 c:/Users/spayr/Documents/eclipseworkspace/MAX32660/I2C_Memory/build/startup_max32660.o
                0x20000b50                __HeapBase
                0x20017000                __HeapLimit = ABSOLUTE (__StackLimit)
                0x20018000                PROVIDE (__stack, __StackTop)
                0x00000001                ASSERT ((__StackLimit >= _ebss), region RAM overflowed with stack)
OUTPUT(c:/Users/spayr/Documents/eclipseworkspace/MAX32660/I2C_Memory/build/I2C_Memory.elf elf32-littlearm)

.ARM.attributes
                0x00000000       0x30
 .ARM.attributes
                0x00000000       0x22 c:/maxim/toolchain/bin/../lib/gcc/arm-none-eabi/6.3.1/thumb/v7e-m/fpv4-sp/hard/crti.o
 .ARM.attributes
                0x00000022       0x34 c:/maxim/toolchain/bin/../lib/gcc/arm-none-eabi/6.3.1/thumb/v7e-m/fpv4-sp/hard/crtbegin.o
 .ARM.attributes
                0x00000056       0x39 c:/Users/spayr/Documents/eclipseworkspace/MAX32660/I2C_Memory/build/main.o
 .ARM.attributes
                0x0000008f       0x39 c:/Users/spayr/Documents/eclipseworkspace/MAX32660/I2C_Memory/build/board.o
 .ARM.attributes
                0x000000c8       0x39 c:/Users/spayr/Documents/eclipseworkspace/MAX32660/I2C_Memory/build/stdio.o
 .ARM.attributes
                0x00000101       0x39 c:/Users/spayr/Documents/eclipseworkspace/MAX32660/I2C_Memory/build/led.o
 .ARM.attributes
                0x0000013a       0x39 c:/Users/spayr/Documents/eclipseworkspace/MAX32660/I2C_Memory/build/pb.o
 .ARM.attributes
                0x00000173       0x1b c:/Users/spayr/Documents/eclipseworkspace/MAX32660/I2C_Memory/build/startup_max32660.o
 .ARM.attributes
                0x0000018e       0x39 c:/Users/spayr/Documents/eclipseworkspace/MAX32660/I2C_Memory/build/heap.o
 .ARM.attributes
                0x000001c7       0x39 c:/Users/spayr/Documents/eclipseworkspace/MAX32660/I2C_Memory/build/system_max32660.o
 .ARM.attributes
                0x00000200       0x39 c:/Users/spayr/Documents/eclipseworkspace/MAX32660/I2C_Memory/build/PeriphDriver/PeriphDriver.a(uart.o)
 .ARM.attributes
                0x00000239       0x39 c:/Users/spayr/Documents/eclipseworkspace/MAX32660/I2C_Memory/build/PeriphDriver/PeriphDriver.a(gpio.o)
 .ARM.attributes
                0x00000272       0x39 c:/Users/spayr/Documents/eclipseworkspace/MAX32660/I2C_Memory/build/PeriphDriver/PeriphDriver.a(i2c.o)
 .ARM.attributes
                0x000002ab       0x39 c:/Users/spayr/Documents/eclipseworkspace/MAX32660/I2C_Memory/build/PeriphDriver/PeriphDriver.a(mxc_delay.o)
 .ARM.attributes
                0x000002e4       0x39 c:/Users/spayr/Documents/eclipseworkspace/MAX32660/I2C_Memory/build/PeriphDriver/PeriphDriver.a(mxc_lock.o)
 .ARM.attributes
                0x0000031d       0x39 c:/Users/spayr/Documents/eclipseworkspace/MAX32660/I2C_Memory/build/PeriphDriver/PeriphDriver.a(mxc_sys.o)
 .ARM.attributes
                0x00000356       0x39 c:/Users/spayr/Documents/eclipseworkspace/MAX32660/I2C_Memory/build/PeriphDriver/PeriphDriver.a(mxc_pins.o)
 .ARM.attributes
                0x0000038f       0x34 c:/maxim/toolchain/bin/../lib/gcc/arm-none-eabi/6.3.1/../../../../arm-none-eabi/lib/thumb/v7e-m/fpv4-sp/hard\libc.a(lib_a-errno.o)
 .ARM.attributes
                0x000003c3       0x34 c:/maxim/toolchain/bin/../lib/gcc/arm-none-eabi/6.3.1/../../../../arm-none-eabi/lib/thumb/v7e-m/fpv4-sp/hard\libc.a(lib_a-impure.o)
 .ARM.attributes
                0x000003f7       0x34 c:/maxim/toolchain/bin/../lib/gcc/arm-none-eabi/6.3.1/../../../../arm-none-eabi/lib/thumb/v7e-m/fpv4-sp/hard\libc.a(lib_a-init.o)
 .ARM.attributes
                0x0000042b       0x34 c:/maxim/toolchain/bin/../lib/gcc/arm-none-eabi/6.3.1/../../../../arm-none-eabi/lib/thumb/v7e-m/fpv4-sp/hard\libc.a(lib_a-memset.o)
 .ARM.attributes
                0x0000045f       0x34 c:/maxim/toolchain/bin/../lib/gcc/arm-none-eabi/6.3.1/../../../../arm-none-eabi/lib/thumb/v7e-m/fpv4-sp/hard\libc.a(lib_a-printf.o)
 .ARM.attributes
                0x00000493       0x34 c:/maxim/toolchain/bin/../lib/gcc/arm-none-eabi/6.3.1/../../../../arm-none-eabi/lib/thumb/v7e-m/fpv4-sp/hard\libc.a(lib_a-puts.o)
 .ARM.attributes
                0x000004c7       0x20 c:/maxim/toolchain/bin/../lib/gcc/arm-none-eabi/6.3.1/../../../../arm-none-eabi/lib/thumb/v7e-m/fpv4-sp/hard\libc.a(lib_a-strlen.o)
 .ARM.attributes
                0x000004e7       0x34 c:/maxim/toolchain/bin/../lib/gcc/arm-none-eabi/6.3.1/../../../../arm-none-eabi/lib/thumb/v7e-m/fpv4-sp/hard\libc.a(lib_a-vfprintf.o)
 .ARM.attributes
                0x0000051b       0x34 c:/maxim/toolchain/bin/../lib/gcc/arm-none-eabi/6.3.1/../../../../arm-none-eabi/lib/thumb/v7e-m/fpv4-sp/hard\libc.a(lib_a-wsetup.o)
 .ARM.attributes
                0x0000054f       0x34 c:/maxim/toolchain/bin/../lib/gcc/arm-none-eabi/6.3.1/../../../../arm-none-eabi/lib/thumb/v7e-m/fpv4-sp/hard\libc.a(lib_a-__call_atexit.o)
 .ARM.attributes
                0x00000583       0x34 c:/maxim/toolchain/bin/../lib/gcc/arm-none-eabi/6.3.1/../../../../arm-none-eabi/lib/thumb/v7e-m/fpv4-sp/hard\libc.a(lib_a-atexit.o)
 .ARM.attributes
                0x000005b7       0x34 c:/maxim/toolchain/bin/../lib/gcc/arm-none-eabi/6.3.1/../../../../arm-none-eabi/lib/thumb/v7e-m/fpv4-sp/hard\libc.a(lib_a-dtoa.o)
 .ARM.attributes
                0x000005eb       0x34 c:/maxim/toolchain/bin/../lib/gcc/arm-none-eabi/6.3.1/../../../../arm-none-eabi/lib/thumb/v7e-m/fpv4-sp/hard\libc.a(lib_a-fflush.o)
 .ARM.attributes
                0x0000061f       0x34 c:/maxim/toolchain/bin/../lib/gcc/arm-none-eabi/6.3.1/../../../../arm-none-eabi/lib/thumb/v7e-m/fpv4-sp/hard\libc.a(lib_a-findfp.o)
 .ARM.attributes
                0x00000653       0x34 c:/maxim/toolchain/bin/../lib/gcc/arm-none-eabi/6.3.1/../../../../arm-none-eabi/lib/thumb/v7e-m/fpv4-sp/hard\libc.a(lib_a-fini.o)
 .ARM.attributes
                0x00000687       0x34 c:/maxim/toolchain/bin/../lib/gcc/arm-none-eabi/6.3.1/../../../../arm-none-eabi/lib/thumb/v7e-m/fpv4-sp/hard\libc.a(lib_a-freer.o)
 .ARM.attributes
                0x000006bb       0x34 c:/maxim/toolchain/bin/../lib/gcc/arm-none-eabi/6.3.1/../../../../arm-none-eabi/lib/thumb/v7e-m/fpv4-sp/hard\libc.a(lib_a-fvwrite.o)
 .ARM.attributes
                0x000006ef       0x34 c:/maxim/toolchain/bin/../lib/gcc/arm-none-eabi/6.3.1/../../../../arm-none-eabi/lib/thumb/v7e-m/fpv4-sp/hard\libc.a(lib_a-fwalk.o)
 .ARM.attributes
                0x00000723       0x34 c:/maxim/toolchain/bin/../lib/gcc/arm-none-eabi/6.3.1/../../../../arm-none-eabi/lib/thumb/v7e-m/fpv4-sp/hard\libc.a(lib_a-localeconv.o)
 .ARM.attributes
                0x00000757       0x34 c:/maxim/toolchain/bin/../lib/gcc/arm-none-eabi/6.3.1/../../../../arm-none-eabi/lib/thumb/v7e-m/fpv4-sp/hard\libc.a(lib_a-lock.o)
 .ARM.attributes
                0x0000078b       0x34 c:/maxim/toolchain/bin/../lib/gcc/arm-none-eabi/6.3.1/../../../../arm-none-eabi/lib/thumb/v7e-m/fpv4-sp/hard\libc.a(lib_a-makebuf.o)
 .ARM.attributes
                0x000007bf       0x34 c:/maxim/toolchain/bin/../lib/gcc/arm-none-eabi/6.3.1/../../../../arm-none-eabi/lib/thumb/v7e-m/fpv4-sp/hard\libc.a(lib_a-mallocr.o)
 .ARM.attributes
                0x000007f3       0x20 c:/maxim/toolchain/bin/../lib/gcc/arm-none-eabi/6.3.1/../../../../arm-none-eabi/lib/thumb/v7e-m/fpv4-sp/hard\libc.a(lib_a-memchr.o)
 .ARM.attributes
                0x00000813       0x20 c:/maxim/toolchain/bin/../lib/gcc/arm-none-eabi/6.3.1/../../../../arm-none-eabi/lib/thumb/v7e-m/fpv4-sp/hard\libc.a(lib_a-memcpy.o)
 .ARM.attributes
                0x00000833       0x34 c:/maxim/toolchain/bin/../lib/gcc/arm-none-eabi/6.3.1/../../../../arm-none-eabi/lib/thumb/v7e-m/fpv4-sp/hard\libc.a(lib_a-memmove.o)
 .ARM.attributes
                0x00000867       0x34 c:/maxim/toolchain/bin/../lib/gcc/arm-none-eabi/6.3.1/../../../../arm-none-eabi/lib/thumb/v7e-m/fpv4-sp/hard\libc.a(lib_a-mlock.o)
 .ARM.attributes
                0x0000089b       0x34 c:/maxim/toolchain/bin/../lib/gcc/arm-none-eabi/6.3.1/../../../../arm-none-eabi/lib/thumb/v7e-m/fpv4-sp/hard\libc.a(lib_a-mprec.o)
 .ARM.attributes
                0x000008cf       0x34 c:/maxim/toolchain/bin/../lib/gcc/arm-none-eabi/6.3.1/../../../../arm-none-eabi/lib/thumb/v7e-m/fpv4-sp/hard\libc.a(lib_a-reallocr.o)
 .ARM.attributes
                0x00000903       0x34 c:/maxim/toolchain/bin/../lib/gcc/arm-none-eabi/6.3.1/../../../../arm-none-eabi/lib/thumb/v7e-m/fpv4-sp/hard\libc.a(lib_a-sbrkr.o)
 .ARM.attributes
                0x00000937       0x34 c:/maxim/toolchain/bin/../lib/gcc/arm-none-eabi/6.3.1/../../../../arm-none-eabi/lib/thumb/v7e-m/fpv4-sp/hard\libc.a(lib_a-stdio.o)
 .ARM.attributes
                0x0000096b       0x34 c:/maxim/toolchain/bin/../lib/gcc/arm-none-eabi/6.3.1/../../../../arm-none-eabi/lib/thumb/v7e-m/fpv4-sp/hard\libc.a(lib_a-vfiprintf.o)
 .ARM.attributes
                0x0000099f       0x34 c:/maxim/toolchain/bin/../lib/gcc/arm-none-eabi/6.3.1/../../../../arm-none-eabi/lib/thumb/v7e-m/fpv4-sp/hard\libc.a(lib_a-wbuf.o)
 .ARM.attributes
                0x000009d3       0x34 c:/maxim/toolchain/bin/../lib/gcc/arm-none-eabi/6.3.1/../../../../arm-none-eabi/lib/thumb/v7e-m/fpv4-sp/hard\libc.a(lib_a-writer.o)
 .ARM.attributes
                0x00000a07       0x34 c:/maxim/toolchain/bin/../lib/gcc/arm-none-eabi/6.3.1/../../../../arm-none-eabi/lib/thumb/v7e-m/fpv4-sp/hard\libc.a(lib_a-__atexit.o)
 .ARM.attributes
                0x00000a3b       0x34 c:/maxim/toolchain/bin/../lib/gcc/arm-none-eabi/6.3.1/../../../../arm-none-eabi/lib/thumb/v7e-m/fpv4-sp/hard\libc.a(lib_a-callocr.o)
 .ARM.attributes
                0x00000a6f       0x34 c:/maxim/toolchain/bin/../lib/gcc/arm-none-eabi/6.3.1/../../../../arm-none-eabi/lib/thumb/v7e-m/fpv4-sp/hard\libc.a(lib_a-closer.o)
 .ARM.attributes
                0x00000aa3       0x34 c:/maxim/toolchain/bin/../lib/gcc/arm-none-eabi/6.3.1/../../../../arm-none-eabi/lib/thumb/v7e-m/fpv4-sp/hard\libc.a(lib_a-fclose.o)
 .ARM.attributes
                0x00000ad7       0x34 c:/maxim/toolchain/bin/../lib/gcc/arm-none-eabi/6.3.1/../../../../arm-none-eabi/lib/thumb/v7e-m/fpv4-sp/hard\libc.a(lib_a-fputwc.o)
 .ARM.attributes
                0x00000b0b       0x34 c:/maxim/toolchain/bin/../lib/gcc/arm-none-eabi/6.3.1/../../../../arm-none-eabi/lib/thumb/v7e-m/fpv4-sp/hard\libc.a(lib_a-fstatr.o)
 .ARM.attributes
                0x00000b3f       0x34 c:/maxim/toolchain/bin/../lib/gcc/arm-none-eabi/6.3.1/../../../../arm-none-eabi/lib/thumb/v7e-m/fpv4-sp/hard\libc.a(lib_a-isattyr.o)
 .ARM.attributes
                0x00000b73       0x34 c:/maxim/toolchain/bin/../lib/gcc/arm-none-eabi/6.3.1/../../../../arm-none-eabi/lib/thumb/v7e-m/fpv4-sp/hard\libc.a(lib_a-locale.o)
 .ARM.attributes
                0x00000ba7       0x34 c:/maxim/toolchain/bin/../lib/gcc/arm-none-eabi/6.3.1/../../../../arm-none-eabi/lib/thumb/v7e-m/fpv4-sp/hard\libc.a(lib_a-lseekr.o)
 .ARM.attributes
                0x00000bdb       0x34 c:/maxim/toolchain/bin/../lib/gcc/arm-none-eabi/6.3.1/../../../../arm-none-eabi/lib/thumb/v7e-m/fpv4-sp/hard\libc.a(lib_a-mbtowc_r.o)
 .ARM.attributes
                0x00000c0f       0x34 c:/maxim/toolchain/bin/../lib/gcc/arm-none-eabi/6.3.1/../../../../arm-none-eabi/lib/thumb/v7e-m/fpv4-sp/hard\libc.a(lib_a-readr.o)
 .ARM.attributes
                0x00000c43       0x34 c:/maxim/toolchain/bin/../lib/gcc/arm-none-eabi/6.3.1/../../../../arm-none-eabi/lib/thumb/v7e-m/fpv4-sp/hard\libc.a(lib_a-reent.o)
 .ARM.attributes
                0x00000c77       0x34 c:/maxim/toolchain/bin/../lib/gcc/arm-none-eabi/6.3.1/../../../../arm-none-eabi/lib/thumb/v7e-m/fpv4-sp/hard\libc.a(lib_a-wcrtomb.o)
 .ARM.attributes
                0x00000cab       0x34 c:/maxim/toolchain/bin/../lib/gcc/arm-none-eabi/6.3.1/../../../../arm-none-eabi/lib/thumb/v7e-m/fpv4-sp/hard\libc.a(lib_a-wctomb_r.o)
 .ARM.attributes
                0x00000cdf       0x34 c:/maxim/toolchain/bin/../lib/gcc/arm-none-eabi/6.3.1/../../../../arm-none-eabi/lib/thumb/v7e-m/fpv4-sp/hard\libc.a(lib_a-ctype_.o)
 .ARM.attributes
                0x00000d13       0x22 c:/maxim/toolchain/bin/../lib/gcc/arm-none-eabi/6.3.1/thumb/v7e-m/fpv4-sp/hard\libgcc.a(_arm_addsubdf3.o)
 .ARM.attributes
                0x00000d35       0x22 c:/maxim/toolchain/bin/../lib/gcc/arm-none-eabi/6.3.1/thumb/v7e-m/fpv4-sp/hard\libgcc.a(_arm_muldivdf3.o)
 .ARM.attributes
                0x00000d57       0x22 c:/maxim/toolchain/bin/../lib/gcc/arm-none-eabi/6.3.1/thumb/v7e-m/fpv4-sp/hard\libgcc.a(_arm_cmpdf2.o)
 .ARM.attributes
                0x00000d79       0x22 c:/maxim/toolchain/bin/../lib/gcc/arm-none-eabi/6.3.1/thumb/v7e-m/fpv4-sp/hard\libgcc.a(_arm_unorddf2.o)
 .ARM.attributes
                0x00000d9b       0x22 c:/maxim/toolchain/bin/../lib/gcc/arm-none-eabi/6.3.1/thumb/v7e-m/fpv4-sp/hard\libgcc.a(_arm_fixdfsi.o)
 .ARM.attributes
                0x00000dbd       0x22 c:/maxim/toolchain/bin/../lib/gcc/arm-none-eabi/6.3.1/thumb/v7e-m/fpv4-sp/hard\libgcc.a(_aeabi_uldivmod.o)
 .ARM.attributes
                0x00000ddf       0x34 c:/maxim/toolchain/bin/../lib/gcc/arm-none-eabi/6.3.1/thumb/v7e-m/fpv4-sp/hard\libgcc.a(_udivmoddi4.o)
 .ARM.attributes
                0x00000e13       0x22 c:/maxim/toolchain/bin/../lib/gcc/arm-none-eabi/6.3.1/thumb/v7e-m/fpv4-sp/hard\libgcc.a(_dvmd_tls.o)
 .ARM.attributes
                0x00000e35       0x34 c:/maxim/toolchain/bin/../lib/gcc/arm-none-eabi/6.3.1/thumb/v7e-m/fpv4-sp/hard/crtend.o
 .ARM.attributes
                0x00000e69       0x22 c:/maxim/toolchain/bin/../lib/gcc/arm-none-eabi/6.3.1/thumb/v7e-m/fpv4-sp/hard/crtn.o

.comment        0x00000000       0x7f
 .comment       0x00000000       0x7f c:/Users/spayr/Documents/eclipseworkspace/MAX32660/I2C_Memory/build/main.o
                                 0x80 (size before relaxing)
 .comment       0x0000007f       0x80 c:/Users/spayr/Documents/eclipseworkspace/MAX32660/I2C_Memory/build/board.o
 .comment       0x0000007f       0x80 c:/Users/spayr/Documents/eclipseworkspace/MAX32660/I2C_Memory/build/stdio.o
 .comment       0x0000007f       0x80 c:/Users/spayr/Documents/eclipseworkspace/MAX32660/I2C_Memory/build/led.o
 .comment       0x0000007f       0x80 c:/Users/spayr/Documents/eclipseworkspace/MAX32660/I2C_Memory/build/pb.o
 .comment       0x0000007f       0x80 c:/Users/spayr/Documents/eclipseworkspace/MAX32660/I2C_Memory/build/heap.o
 .comment       0x0000007f       0x80 c:/Users/spayr/Documents/eclipseworkspace/MAX32660/I2C_Memory/build/system_max32660.o
 .comment       0x0000007f       0x80 c:/Users/spayr/Documents/eclipseworkspace/MAX32660/I2C_Memory/build/PeriphDriver/PeriphDriver.a(uart.o)
 .comment       0x0000007f       0x80 c:/Users/spayr/Documents/eclipseworkspace/MAX32660/I2C_Memory/build/PeriphDriver/PeriphDriver.a(gpio.o)
 .comment       0x0000007f       0x80 c:/Users/spayr/Documents/eclipseworkspace/MAX32660/I2C_Memory/build/PeriphDriver/PeriphDriver.a(i2c.o)
 .comment       0x0000007f       0x80 c:/Users/spayr/Documents/eclipseworkspace/MAX32660/I2C_Memory/build/PeriphDriver/PeriphDriver.a(mxc_delay.o)
 .comment       0x0000007f       0x80 c:/Users/spayr/Documents/eclipseworkspace/MAX32660/I2C_Memory/build/PeriphDriver/PeriphDriver.a(mxc_lock.o)
 .comment       0x0000007f       0x80 c:/Users/spayr/Documents/eclipseworkspace/MAX32660/I2C_Memory/build/PeriphDriver/PeriphDriver.a(mxc_sys.o)
 .comment       0x0000007f       0x80 c:/Users/spayr/Documents/eclipseworkspace/MAX32660/I2C_Memory/build/PeriphDriver/PeriphDriver.a(mxc_pins.o)

.debug_info     0x00000000     0xca1a
 .debug_info    0x00000000     0x17ca c:/Users/spayr/Documents/eclipseworkspace/MAX32660/I2C_Memory/build/main.o
 .debug_info    0x000017ca     0x11cf c:/Users/spayr/Documents/eclipseworkspace/MAX32660/I2C_Memory/build/board.o
 .debug_info    0x00002999      0xfa5 c:/Users/spayr/Documents/eclipseworkspace/MAX32660/I2C_Memory/build/stdio.o
 .debug_info    0x0000393e      0xbfe c:/Users/spayr/Documents/eclipseworkspace/MAX32660/I2C_Memory/build/led.o
 .debug_info    0x0000453c      0x8bb c:/Users/spayr/Documents/eclipseworkspace/MAX32660/I2C_Memory/build/pb.o
 .debug_info    0x00004df7      0x98d c:/Users/spayr/Documents/eclipseworkspace/MAX32660/I2C_Memory/build/heap.o
 .debug_info    0x00005784     0x1094 c:/Users/spayr/Documents/eclipseworkspace/MAX32660/I2C_Memory/build/system_max32660.o
 .debug_info    0x00006818     0x17be c:/Users/spayr/Documents/eclipseworkspace/MAX32660/I2C_Memory/build/PeriphDriver/PeriphDriver.a(uart.o)
 .debug_info    0x00007fd6      0x8c0 c:/Users/spayr/Documents/eclipseworkspace/MAX32660/I2C_Memory/build/PeriphDriver/PeriphDriver.a(gpio.o)
 .debug_info    0x00008896     0x1892 c:/Users/spayr/Documents/eclipseworkspace/MAX32660/I2C_Memory/build/PeriphDriver/PeriphDriver.a(i2c.o)
 .debug_info    0x0000a128      0x3f7 c:/Users/spayr/Documents/eclipseworkspace/MAX32660/I2C_Memory/build/PeriphDriver/PeriphDriver.a(mxc_delay.o)
 .debug_info    0x0000a51f      0x37b c:/Users/spayr/Documents/eclipseworkspace/MAX32660/I2C_Memory/build/PeriphDriver/PeriphDriver.a(mxc_lock.o)
 .debug_info    0x0000a89a     0x1e8f c:/Users/spayr/Documents/eclipseworkspace/MAX32660/I2C_Memory/build/PeriphDriver/PeriphDriver.a(mxc_sys.o)
 .debug_info    0x0000c729      0x2f1 c:/Users/spayr/Documents/eclipseworkspace/MAX32660/I2C_Memory/build/PeriphDriver/PeriphDriver.a(mxc_pins.o)

.debug_abbrev   0x00000000     0x22b7
 .debug_abbrev  0x00000000      0x346 c:/Users/spayr/Documents/eclipseworkspace/MAX32660/I2C_Memory/build/main.o
 .debug_abbrev  0x00000346      0x2a9 c:/Users/spayr/Documents/eclipseworkspace/MAX32660/I2C_Memory/build/board.o
 .debug_abbrev  0x000005ef      0x263 c:/Users/spayr/Documents/eclipseworkspace/MAX32660/I2C_Memory/build/stdio.o
 .debug_abbrev  0x00000852      0x259 c:/Users/spayr/Documents/eclipseworkspace/MAX32660/I2C_Memory/build/led.o
 .debug_abbrev  0x00000aab      0x234 c:/Users/spayr/Documents/eclipseworkspace/MAX32660/I2C_Memory/build/pb.o
 .debug_abbrev  0x00000cdf      0x1fa c:/Users/spayr/Documents/eclipseworkspace/MAX32660/I2C_Memory/build/heap.o
 .debug_abbrev  0x00000ed9      0x289 c:/Users/spayr/Documents/eclipseworkspace/MAX32660/I2C_Memory/build/system_max32660.o
 .debug_abbrev  0x00001162      0x3d0 c:/Users/spayr/Documents/eclipseworkspace/MAX32660/I2C_Memory/build/PeriphDriver/PeriphDriver.a(uart.o)
 .debug_abbrev  0x00001532      0x223 c:/Users/spayr/Documents/eclipseworkspace/MAX32660/I2C_Memory/build/PeriphDriver/PeriphDriver.a(gpio.o)
 .debug_abbrev  0x00001755      0x3d8 c:/Users/spayr/Documents/eclipseworkspace/MAX32660/I2C_Memory/build/PeriphDriver/PeriphDriver.a(i2c.o)
 .debug_abbrev  0x00001b2d      0x19b c:/Users/spayr/Documents/eclipseworkspace/MAX32660/I2C_Memory/build/PeriphDriver/PeriphDriver.a(mxc_delay.o)
 .debug_abbrev  0x00001cc8      0x17f c:/Users/spayr/Documents/eclipseworkspace/MAX32660/I2C_Memory/build/PeriphDriver/PeriphDriver.a(mxc_lock.o)
 .debug_abbrev  0x00001e47      0x3ba c:/Users/spayr/Documents/eclipseworkspace/MAX32660/I2C_Memory/build/PeriphDriver/PeriphDriver.a(mxc_sys.o)
 .debug_abbrev  0x00002201       0xb6 c:/Users/spayr/Documents/eclipseworkspace/MAX32660/I2C_Memory/build/PeriphDriver/PeriphDriver.a(mxc_pins.o)

.debug_loc      0x00000000     0x3e9b
 .debug_loc     0x00000000      0x496 c:/Users/spayr/Documents/eclipseworkspace/MAX32660/I2C_Memory/build/main.o
 .debug_loc     0x00000496       0xdb c:/Users/spayr/Documents/eclipseworkspace/MAX32660/I2C_Memory/build/board.o
 .debug_loc     0x00000571      0x2e1 c:/Users/spayr/Documents/eclipseworkspace/MAX32660/I2C_Memory/build/stdio.o
 .debug_loc     0x00000852      0x11c c:/Users/spayr/Documents/eclipseworkspace/MAX32660/I2C_Memory/build/led.o
 .debug_loc     0x0000096e      0x1e2 c:/Users/spayr/Documents/eclipseworkspace/MAX32660/I2C_Memory/build/pb.o
 .debug_loc     0x00000b50       0x63 c:/Users/spayr/Documents/eclipseworkspace/MAX32660/I2C_Memory/build/heap.o
 .debug_loc     0x00000bb3       0x83 c:/Users/spayr/Documents/eclipseworkspace/MAX32660/I2C_Memory/build/system_max32660.o
 .debug_loc     0x00000c36      0xcb0 c:/Users/spayr/Documents/eclipseworkspace/MAX32660/I2C_Memory/build/PeriphDriver/PeriphDriver.a(uart.o)
 .debug_loc     0x000018e6      0x392 c:/Users/spayr/Documents/eclipseworkspace/MAX32660/I2C_Memory/build/PeriphDriver/PeriphDriver.a(gpio.o)
 .debug_loc     0x00001c78     0x1400 c:/Users/spayr/Documents/eclipseworkspace/MAX32660/I2C_Memory/build/PeriphDriver/PeriphDriver.a(i2c.o)
 .debug_loc     0x00003078      0x182 c:/Users/spayr/Documents/eclipseworkspace/MAX32660/I2C_Memory/build/PeriphDriver/PeriphDriver.a(mxc_delay.o)
 .debug_loc     0x000031fa       0x73 c:/Users/spayr/Documents/eclipseworkspace/MAX32660/I2C_Memory/build/PeriphDriver/PeriphDriver.a(mxc_lock.o)
 .debug_loc     0x0000326d      0xc2e c:/Users/spayr/Documents/eclipseworkspace/MAX32660/I2C_Memory/build/PeriphDriver/PeriphDriver.a(mxc_sys.o)

.debug_aranges  0x00000000      0x578
 .debug_aranges
                0x00000000       0x58 c:/Users/spayr/Documents/eclipseworkspace/MAX32660/I2C_Memory/build/main.o
 .debug_aranges
                0x00000058       0x40 c:/Users/spayr/Documents/eclipseworkspace/MAX32660/I2C_Memory/build/board.o
 .debug_aranges
                0x00000098       0x50 c:/Users/spayr/Documents/eclipseworkspace/MAX32660/I2C_Memory/build/stdio.o
 .debug_aranges
                0x000000e8       0x38 c:/Users/spayr/Documents/eclipseworkspace/MAX32660/I2C_Memory/build/led.o
 .debug_aranges
                0x00000120       0x50 c:/Users/spayr/Documents/eclipseworkspace/MAX32660/I2C_Memory/build/pb.o
 .debug_aranges
                0x00000170       0x20 c:/Users/spayr/Documents/eclipseworkspace/MAX32660/I2C_Memory/build/heap.o
 .debug_aranges
                0x00000190       0x38 c:/Users/spayr/Documents/eclipseworkspace/MAX32660/I2C_Memory/build/system_max32660.o
 .debug_aranges
                0x000001c8       0xc8 c:/Users/spayr/Documents/eclipseworkspace/MAX32660/I2C_Memory/build/PeriphDriver/PeriphDriver.a(uart.o)
 .debug_aranges
                0x00000290       0x90 c:/Users/spayr/Documents/eclipseworkspace/MAX32660/I2C_Memory/build/PeriphDriver/PeriphDriver.a(gpio.o)
 .debug_aranges
                0x00000320       0x98 c:/Users/spayr/Documents/eclipseworkspace/MAX32660/I2C_Memory/build/PeriphDriver/PeriphDriver.a(i2c.o)
 .debug_aranges
                0x000003b8       0x50 c:/Users/spayr/Documents/eclipseworkspace/MAX32660/I2C_Memory/build/PeriphDriver/PeriphDriver.a(mxc_delay.o)
 .debug_aranges
                0x00000408       0x28 c:/Users/spayr/Documents/eclipseworkspace/MAX32660/I2C_Memory/build/PeriphDriver/PeriphDriver.a(mxc_lock.o)
 .debug_aranges
                0x00000430      0x130 c:/Users/spayr/Documents/eclipseworkspace/MAX32660/I2C_Memory/build/PeriphDriver/PeriphDriver.a(mxc_sys.o)
 .debug_aranges
                0x00000560       0x18 c:/Users/spayr/Documents/eclipseworkspace/MAX32660/I2C_Memory/build/PeriphDriver/PeriphDriver.a(mxc_pins.o)

.debug_ranges   0x00000000      0x4e0
 .debug_ranges  0x00000000       0x48 c:/Users/spayr/Documents/eclipseworkspace/MAX32660/I2C_Memory/build/main.o
 .debug_ranges  0x00000048       0x30 c:/Users/spayr/Documents/eclipseworkspace/MAX32660/I2C_Memory/build/board.o
 .debug_ranges  0x00000078       0x40 c:/Users/spayr/Documents/eclipseworkspace/MAX32660/I2C_Memory/build/stdio.o
 .debug_ranges  0x000000b8       0x28 c:/Users/spayr/Documents/eclipseworkspace/MAX32660/I2C_Memory/build/led.o
 .debug_ranges  0x000000e0       0x40 c:/Users/spayr/Documents/eclipseworkspace/MAX32660/I2C_Memory/build/pb.o
 .debug_ranges  0x00000120       0x10 c:/Users/spayr/Documents/eclipseworkspace/MAX32660/I2C_Memory/build/heap.o
 .debug_ranges  0x00000130       0x28 c:/Users/spayr/Documents/eclipseworkspace/MAX32660/I2C_Memory/build/system_max32660.o
 .debug_ranges  0x00000158       0xb8 c:/Users/spayr/Documents/eclipseworkspace/MAX32660/I2C_Memory/build/PeriphDriver/PeriphDriver.a(uart.o)
 .debug_ranges  0x00000210       0x80 c:/Users/spayr/Documents/eclipseworkspace/MAX32660/I2C_Memory/build/PeriphDriver/PeriphDriver.a(gpio.o)
 .debug_ranges  0x00000290       0xd8 c:/Users/spayr/Documents/eclipseworkspace/MAX32660/I2C_Memory/build/PeriphDriver/PeriphDriver.a(i2c.o)
 .debug_ranges  0x00000368       0x40 c:/Users/spayr/Documents/eclipseworkspace/MAX32660/I2C_Memory/build/PeriphDriver/PeriphDriver.a(mxc_delay.o)
 .debug_ranges  0x000003a8       0x18 c:/Users/spayr/Documents/eclipseworkspace/MAX32660/I2C_Memory/build/PeriphDriver/PeriphDriver.a(mxc_lock.o)
 .debug_ranges  0x000003c0      0x120 c:/Users/spayr/Documents/eclipseworkspace/MAX32660/I2C_Memory/build/PeriphDriver/PeriphDriver.a(mxc_sys.o)

.debug_macro    0x00000000     0xb9f8
 .debug_macro   0x00000000      0x388 c:/Users/spayr/Documents/eclipseworkspace/MAX32660/I2C_Memory/build/main.o
 .debug_macro   0x00000388      0x8bc c:/Users/spayr/Documents/eclipseworkspace/MAX32660/I2C_Memory/build/main.o
 .debug_macro   0x00000c44       0x22 c:/Users/spayr/Documents/eclipseworkspace/MAX32660/I2C_Memory/build/main.o
 .debug_macro   0x00000c66       0x52 c:/Users/spayr/Documents/eclipseworkspace/MAX32660/I2C_Memory/build/main.o
 .debug_macro   0x00000cb8       0x8d c:/Users/spayr/Documents/eclipseworkspace/MAX32660/I2C_Memory/build/main.o
 .debug_macro   0x00000d45       0x35 c:/Users/spayr/Documents/eclipseworkspace/MAX32660/I2C_Memory/build/main.o
 .debug_macro   0x00000d7a       0x9c c:/Users/spayr/Documents/eclipseworkspace/MAX32660/I2C_Memory/build/main.o
 .debug_macro   0x00000e16       0x16 c:/Users/spayr/Documents/eclipseworkspace/MAX32660/I2C_Memory/build/main.o
 .debug_macro   0x00000e2c       0x57 c:/Users/spayr/Documents/eclipseworkspace/MAX32660/I2C_Memory/build/main.o
 .debug_macro   0x00000e83       0x97 c:/Users/spayr/Documents/eclipseworkspace/MAX32660/I2C_Memory/build/main.o
 .debug_macro   0x00000f1a      0x30d c:/Users/spayr/Documents/eclipseworkspace/MAX32660/I2C_Memory/build/main.o
 .debug_macro   0x00001227       0xfd c:/Users/spayr/Documents/eclipseworkspace/MAX32660/I2C_Memory/build/main.o
 .debug_macro   0x00001324       0x10 c:/Users/spayr/Documents/eclipseworkspace/MAX32660/I2C_Memory/build/main.o
 .debug_macro   0x00001334       0x58 c:/Users/spayr/Documents/eclipseworkspace/MAX32660/I2C_Memory/build/main.o
 .debug_macro   0x0000138c       0x1f c:/Users/spayr/Documents/eclipseworkspace/MAX32660/I2C_Memory/build/main.o
 .debug_macro   0x000013ab       0x43 c:/Users/spayr/Documents/eclipseworkspace/MAX32660/I2C_Memory/build/main.o
 .debug_macro   0x000013ee       0x20 c:/Users/spayr/Documents/eclipseworkspace/MAX32660/I2C_Memory/build/main.o
 .debug_macro   0x0000140e      0x187 c:/Users/spayr/Documents/eclipseworkspace/MAX32660/I2C_Memory/build/main.o
 .debug_macro   0x00001595       0x10 c:/Users/spayr/Documents/eclipseworkspace/MAX32660/I2C_Memory/build/main.o
 .debug_macro   0x000015a5       0x6a c:/Users/spayr/Documents/eclipseworkspace/MAX32660/I2C_Memory/build/main.o
 .debug_macro   0x0000160f       0x1c c:/Users/spayr/Documents/eclipseworkspace/MAX32660/I2C_Memory/build/main.o
 .debug_macro   0x0000162b       0x52 c:/Users/spayr/Documents/eclipseworkspace/MAX32660/I2C_Memory/build/main.o
 .debug_macro   0x0000167d       0x40 c:/Users/spayr/Documents/eclipseworkspace/MAX32660/I2C_Memory/build/main.o
 .debug_macro   0x000016bd       0x10 c:/Users/spayr/Documents/eclipseworkspace/MAX32660/I2C_Memory/build/main.o
 .debug_macro   0x000016cd       0x40 c:/Users/spayr/Documents/eclipseworkspace/MAX32660/I2C_Memory/build/main.o
 .debug_macro   0x0000170d       0xd7 c:/Users/spayr/Documents/eclipseworkspace/MAX32660/I2C_Memory/build/main.o
 .debug_macro   0x000017e4       0x16 c:/Users/spayr/Documents/eclipseworkspace/MAX32660/I2C_Memory/build/main.o
 .debug_macro   0x000017fa      0x18b c:/Users/spayr/Documents/eclipseworkspace/MAX32660/I2C_Memory/build/main.o
 .debug_macro   0x00001985       0xef c:/Users/spayr/Documents/eclipseworkspace/MAX32660/I2C_Memory/build/main.o
 .debug_macro   0x00001a74      0x1df c:/Users/spayr/Documents/eclipseworkspace/MAX32660/I2C_Memory/build/main.o
 .debug_macro   0x00001c53       0x16 c:/Users/spayr/Documents/eclipseworkspace/MAX32660/I2C_Memory/build/main.o
 .debug_macro   0x00001c69       0x35 c:/Users/spayr/Documents/eclipseworkspace/MAX32660/I2C_Memory/build/main.o
 .debug_macro   0x00001c9e       0x4c c:/Users/spayr/Documents/eclipseworkspace/MAX32660/I2C_Memory/build/main.o
 .debug_macro   0x00001cea       0x3b c:/Users/spayr/Documents/eclipseworkspace/MAX32660/I2C_Memory/build/main.o
 .debug_macro   0x00001d25       0x2d c:/Users/spayr/Documents/eclipseworkspace/MAX32660/I2C_Memory/build/main.o
 .debug_macro   0x00001d52       0x42 c:/Users/spayr/Documents/eclipseworkspace/MAX32660/I2C_Memory/build/main.o
 .debug_macro   0x00001d94      0xd39 c:/Users/spayr/Documents/eclipseworkspace/MAX32660/I2C_Memory/build/main.o
 .debug_macro   0x00002acd       0x22 c:/Users/spayr/Documents/eclipseworkspace/MAX32660/I2C_Memory/build/main.o
 .debug_macro   0x00002aef      0x337 c:/Users/spayr/Documents/eclipseworkspace/MAX32660/I2C_Memory/build/main.o
 .debug_macro   0x00002e26       0x28 c:/Users/spayr/Documents/eclipseworkspace/MAX32660/I2C_Memory/build/main.o
 .debug_macro   0x00002e4e       0x7c c:/Users/spayr/Documents/eclipseworkspace/MAX32660/I2C_Memory/build/main.o
 .debug_macro   0x00002eca      0x4cb c:/Users/spayr/Documents/eclipseworkspace/MAX32660/I2C_Memory/build/main.o
 .debug_macro   0x00003395       0xe2 c:/Users/spayr/Documents/eclipseworkspace/MAX32660/I2C_Memory/build/main.o
 .debug_macro   0x00003477      0xd18 c:/Users/spayr/Documents/eclipseworkspace/MAX32660/I2C_Memory/build/main.o
 .debug_macro   0x0000418f      0x568 c:/Users/spayr/Documents/eclipseworkspace/MAX32660/I2C_Memory/build/main.o
 .debug_macro   0x000046f7      0xcd3 c:/Users/spayr/Documents/eclipseworkspace/MAX32660/I2C_Memory/build/main.o
 .debug_macro   0x000053ca      0x25c c:/Users/spayr/Documents/eclipseworkspace/MAX32660/I2C_Memory/build/main.o
 .debug_macro   0x00005626       0xb6 c:/Users/spayr/Documents/eclipseworkspace/MAX32660/I2C_Memory/build/main.o
 .debug_macro   0x000056dc      0x9d5 c:/Users/spayr/Documents/eclipseworkspace/MAX32660/I2C_Memory/build/main.o
 .debug_macro   0x000060b1      0x77e c:/Users/spayr/Documents/eclipseworkspace/MAX32660/I2C_Memory/build/main.o
 .debug_macro   0x0000682f      0x240 c:/Users/spayr/Documents/eclipseworkspace/MAX32660/I2C_Memory/build/main.o
 .debug_macro   0x00006a6f      0x91a c:/Users/spayr/Documents/eclipseworkspace/MAX32660/I2C_Memory/build/main.o
 .debug_macro   0x00007389       0x12 c:/Users/spayr/Documents/eclipseworkspace/MAX32660/I2C_Memory/build/main.o
 .debug_macro   0x0000739b      0x2dc c:/Users/spayr/Documents/eclipseworkspace/MAX32660/I2C_Memory/build/main.o
 .debug_macro   0x00007677       0x1c c:/Users/spayr/Documents/eclipseworkspace/MAX32660/I2C_Memory/build/main.o
 .debug_macro   0x00007693       0x1c c:/Users/spayr/Documents/eclipseworkspace/MAX32660/I2C_Memory/build/main.o
 .debug_macro   0x000076af       0x16 c:/Users/spayr/Documents/eclipseworkspace/MAX32660/I2C_Memory/build/main.o
 .debug_macro   0x000076c5       0x22 c:/Users/spayr/Documents/eclipseworkspace/MAX32660/I2C_Memory/build/main.o
 .debug_macro   0x000076e7       0x16 c:/Users/spayr/Documents/eclipseworkspace/MAX32660/I2C_Memory/build/main.o
 .debug_macro   0x000076fd       0x16 c:/Users/spayr/Documents/eclipseworkspace/MAX32660/I2C_Memory/build/main.o
 .debug_macro   0x00007713       0x29 c:/Users/spayr/Documents/eclipseworkspace/MAX32660/I2C_Memory/build/main.o
 .debug_macro   0x0000773c       0x10 c:/Users/spayr/Documents/eclipseworkspace/MAX32660/I2C_Memory/build/main.o
 .debug_macro   0x0000774c      0x300 c:/Users/spayr/Documents/eclipseworkspace/MAX32660/I2C_Memory/build/board.o
 .debug_macro   0x00007a4c       0x10 c:/Users/spayr/Documents/eclipseworkspace/MAX32660/I2C_Memory/build/board.o
 .debug_macro   0x00007a5c       0x40 c:/Users/spayr/Documents/eclipseworkspace/MAX32660/I2C_Memory/build/board.o
 .debug_macro   0x00007a9c      0x30a c:/Users/spayr/Documents/eclipseworkspace/MAX32660/I2C_Memory/build/board.o
 .debug_macro   0x00007da6      0x392 c:/Users/spayr/Documents/eclipseworkspace/MAX32660/I2C_Memory/build/stdio.o
 .debug_macro   0x00008138       0x10 c:/Users/spayr/Documents/eclipseworkspace/MAX32660/I2C_Memory/build/stdio.o
 .debug_macro   0x00008148      0x174 c:/Users/spayr/Documents/eclipseworkspace/MAX32660/I2C_Memory/build/stdio.o
 .debug_macro   0x000082bc      0x23b c:/Users/spayr/Documents/eclipseworkspace/MAX32660/I2C_Memory/build/stdio.o
 .debug_macro   0x000084f7       0x16 c:/Users/spayr/Documents/eclipseworkspace/MAX32660/I2C_Memory/build/stdio.o
 .debug_macro   0x0000850d      0x51a c:/Users/spayr/Documents/eclipseworkspace/MAX32660/I2C_Memory/build/stdio.o
 .debug_macro   0x00008a27       0x16 c:/Users/spayr/Documents/eclipseworkspace/MAX32660/I2C_Memory/build/stdio.o
 .debug_macro   0x00008a3d       0x10 c:/Users/spayr/Documents/eclipseworkspace/MAX32660/I2C_Memory/build/stdio.o
 .debug_macro   0x00008a4d       0x41 c:/Users/spayr/Documents/eclipseworkspace/MAX32660/I2C_Memory/build/stdio.o
 .debug_macro   0x00008a8e      0x122 c:/Users/spayr/Documents/eclipseworkspace/MAX32660/I2C_Memory/build/stdio.o
 .debug_macro   0x00008bb0      0x260 c:/Users/spayr/Documents/eclipseworkspace/MAX32660/I2C_Memory/build/led.o
 .debug_macro   0x00008e10       0x87 c:/Users/spayr/Documents/eclipseworkspace/MAX32660/I2C_Memory/build/led.o
 .debug_macro   0x00008e97       0x51 c:/Users/spayr/Documents/eclipseworkspace/MAX32660/I2C_Memory/build/led.o
 .debug_macro   0x00008ee8       0x58 c:/Users/spayr/Documents/eclipseworkspace/MAX32660/I2C_Memory/build/led.o
 .debug_macro   0x00008f40      0x112 c:/Users/spayr/Documents/eclipseworkspace/MAX32660/I2C_Memory/build/pb.o
 .debug_macro   0x00009052      0x1a5 c:/Users/spayr/Documents/eclipseworkspace/MAX32660/I2C_Memory/build/heap.o
 .debug_macro   0x000091f7      0x30f c:/Users/spayr/Documents/eclipseworkspace/MAX32660/I2C_Memory/build/system_max32660.o
 .debug_macro   0x00009506       0x10 c:/Users/spayr/Documents/eclipseworkspace/MAX32660/I2C_Memory/build/system_max32660.o
 .debug_macro   0x00009516       0x1c c:/Users/spayr/Documents/eclipseworkspace/MAX32660/I2C_Memory/build/system_max32660.o
 .debug_macro   0x00009532      0xcd9 c:/Users/spayr/Documents/eclipseworkspace/MAX32660/I2C_Memory/build/system_max32660.o
 .debug_macro   0x0000a20b      0x4c5 c:/Users/spayr/Documents/eclipseworkspace/MAX32660/I2C_Memory/build/system_max32660.o
 .debug_macro   0x0000a6d0      0x26d c:/Users/spayr/Documents/eclipseworkspace/MAX32660/I2C_Memory/build/PeriphDriver/PeriphDriver.a(uart.o)
 .debug_macro   0x0000a93d      0x108 c:/Users/spayr/Documents/eclipseworkspace/MAX32660/I2C_Memory/build/PeriphDriver/PeriphDriver.a(gpio.o)
 .debug_macro   0x0000aa45      0x316 c:/Users/spayr/Documents/eclipseworkspace/MAX32660/I2C_Memory/build/PeriphDriver/PeriphDriver.a(i2c.o)
 .debug_macro   0x0000ad5b       0xf6 c:/Users/spayr/Documents/eclipseworkspace/MAX32660/I2C_Memory/build/PeriphDriver/PeriphDriver.a(mxc_delay.o)
 .debug_macro   0x0000ae51      0x102 c:/Users/spayr/Documents/eclipseworkspace/MAX32660/I2C_Memory/build/PeriphDriver/PeriphDriver.a(mxc_lock.o)
 .debug_macro   0x0000af53      0x1bf c:/Users/spayr/Documents/eclipseworkspace/MAX32660/I2C_Memory/build/PeriphDriver/PeriphDriver.a(mxc_sys.o)
 .debug_macro   0x0000b112      0x318 c:/Users/spayr/Documents/eclipseworkspace/MAX32660/I2C_Memory/build/PeriphDriver/PeriphDriver.a(mxc_sys.o)
 .debug_macro   0x0000b42a       0xf7 c:/Users/spayr/Documents/eclipseworkspace/MAX32660/I2C_Memory/build/PeriphDriver/PeriphDriver.a(mxc_pins.o)
 .debug_macro   0x0000b521      0x4d7 c:/Users/spayr/Documents/eclipseworkspace/MAX32660/I2C_Memory/build/PeriphDriver/PeriphDriver.a(mxc_pins.o)

.debug_line     0x00000000     0x4a14
 .debug_line    0x00000000      0x6c4 c:/Users/spayr/Documents/eclipseworkspace/MAX32660/I2C_Memory/build/main.o
 .debug_line    0x000006c4      0x5ee c:/Users/spayr/Documents/eclipseworkspace/MAX32660/I2C_Memory/build/board.o
 .debug_line    0x00000cb2      0x662 c:/Users/spayr/Documents/eclipseworkspace/MAX32660/I2C_Memory/build/stdio.o
 .debug_line    0x00001314      0x518 c:/Users/spayr/Documents/eclipseworkspace/MAX32660/I2C_Memory/build/led.o
 .debug_line    0x0000182c      0x412 c:/Users/spayr/Documents/eclipseworkspace/MAX32660/I2C_Memory/build/pb.o
 .debug_line    0x00001c3e      0x2d6 c:/Users/spayr/Documents/eclipseworkspace/MAX32660/I2C_Memory/build/heap.o
 .debug_line    0x00001f14      0x5a6 c:/Users/spayr/Documents/eclipseworkspace/MAX32660/I2C_Memory/build/system_max32660.o
 .debug_line    0x000024ba      0x77e c:/Users/spayr/Documents/eclipseworkspace/MAX32660/I2C_Memory/build/PeriphDriver/PeriphDriver.a(uart.o)
 .debug_line    0x00002c38      0x462 c:/Users/spayr/Documents/eclipseworkspace/MAX32660/I2C_Memory/build/PeriphDriver/PeriphDriver.a(gpio.o)
 .debug_line    0x0000309a      0x8fb c:/Users/spayr/Documents/eclipseworkspace/MAX32660/I2C_Memory/build/PeriphDriver/PeriphDriver.a(i2c.o)
 .debug_line    0x00003995      0x35a c:/Users/spayr/Documents/eclipseworkspace/MAX32660/I2C_Memory/build/PeriphDriver/PeriphDriver.a(mxc_delay.o)
 .debug_line    0x00003cef      0x2fe c:/Users/spayr/Documents/eclipseworkspace/MAX32660/I2C_Memory/build/PeriphDriver/PeriphDriver.a(mxc_lock.o)
 .debug_line    0x00003fed      0x78c c:/Users/spayr/Documents/eclipseworkspace/MAX32660/I2C_Memory/build/PeriphDriver/PeriphDriver.a(mxc_sys.o)
 .debug_line    0x00004779      0x29b c:/Users/spayr/Documents/eclipseworkspace/MAX32660/I2C_Memory/build/PeriphDriver/PeriphDriver.a(mxc_pins.o)
