Archive member included to satisfy reference by file (symbol)

c:/Users/spayr/Documents/eclipseworkspace/MAX32660/I2C_MXC_Accel/build/PeriphDriver/PeriphDriver.a(nvic_table.o)
                              c:/Users/spayr/Documents/eclipseworkspace/MAX32660/I2C_MXC_Accel/build/main.o (NVIC_SetVector)
c:/Users/spayr/Documents/eclipseworkspace/MAX32660/I2C_MXC_Accel/build/PeriphDriver/PeriphDriver.a(uart.o)
                              c:/Users/spayr/Documents/eclipseworkspace/MAX32660/I2C_MXC_Accel/build/board.o (UART_Init)
c:/Users/spayr/Documents/eclipseworkspace/MAX32660/I2C_MXC_Accel/build/PeriphDriver/PeriphDriver.a(gpio.o)
                              c:/Users/spayr/Documents/eclipseworkspace/MAX32660/I2C_MXC_Accel/build/led.o (GPIO_Config)
c:/Users/spayr/Documents/eclipseworkspace/MAX32660/I2C_MXC_Accel/build/PeriphDriver/PeriphDriver.a(i2c.o)
                              c:/Users/spayr/Documents/eclipseworkspace/MAX32660/I2C_MXC_Accel/build/i2c_bus.o (I2C_Init)
c:/Users/spayr/Documents/eclipseworkspace/MAX32660/I2C_MXC_Accel/build/PeriphDriver/PeriphDriver.a(mxc_delay.o)
                              c:/Users/spayr/Documents/eclipseworkspace/MAX32660/I2C_MXC_Accel/build/rom_stub.o (SysTick_Handler)
c:/Users/spayr/Documents/eclipseworkspace/MAX32660/I2C_MXC_Accel/build/PeriphDriver/PeriphDriver.a(mxc_lock.o)
                              c:/Users/spayr/Documents/eclipseworkspace/MAX32660/I2C_MXC_Accel/build/PeriphDriver/PeriphDriver.a(uart.o) (mxc_get_lock)
c:/Users/spayr/Documents/eclipseworkspace/MAX32660/I2C_MXC_Accel/build/PeriphDriver/PeriphDriver.a(mxc_sys.o)
                              c:/Users/spayr/Documents/eclipseworkspace/MAX32660/I2C_MXC_Accel/build/system_max32660.o (SYS_Clock_Select)
c:/Users/spayr/Documents/eclipseworkspace/MAX32660/I2C_MXC_Accel/build/PeriphDriver/PeriphDriver.a(mxc_pins.o)
                              c:/Users/spayr/Documents/eclipseworkspace/MAX32660/I2C_MXC_Accel/build/PeriphDriver/PeriphDriver.a(mxc_sys.o) (gpio_cfg_rtc)
c:/Users/spayr/Documents/eclipseworkspace/MAX32660/I2C_MXC_Accel/build/PeriphDriver/PeriphDriver.a(rtc.o)
                              c:/Users/spayr/Documents/eclipseworkspace/MAX32660/I2C_MXC_Accel/build/PeriphDriver/PeriphDriver.a(mxc_sys.o) (RTC_EnableRTCE)
c:/Users/spayr/Documents/eclipseworkspace/MAX32660/I2C_MXC_Accel/build/PeriphDriver/PeriphDriver.a(tmr.o)
                              c:/Users/spayr/Documents/eclipseworkspace/MAX32660/I2C_MXC_Accel/build/main.o (TMR_Init)
c:/maxim/toolchain/bin/../lib/gcc/arm-none-eabi/6.3.1/../../../../arm-none-eabi/lib/thumb/v7e-m/fpv4-sp/hard\libc.a(lib_a-errno.o)
                              c:/Users/spayr/Documents/eclipseworkspace/MAX32660/I2C_MXC_Accel/build/stdio.o (__errno)
c:/maxim/toolchain/bin/../lib/gcc/arm-none-eabi/6.3.1/../../../../arm-none-eabi/lib/thumb/v7e-m/fpv4-sp/hard\libc.a(lib_a-exit.o)
                              c:/maxim/toolchain/bin/../lib/gcc/arm-none-eabi/6.3.1/../../../../arm-none-eabi/lib/thumb/v7e-m/fpv4-sp/hard/crt0.o (exit)
c:/maxim/toolchain/bin/../lib/gcc/arm-none-eabi/6.3.1/../../../../arm-none-eabi/lib/thumb/v7e-m/fpv4-sp/hard\libc.a(lib_a-impure.o)
                              c:/maxim/toolchain/bin/../lib/gcc/arm-none-eabi/6.3.1/../../../../arm-none-eabi/lib/thumb/v7e-m/fpv4-sp/hard\libc.a(lib_a-exit.o) (_global_impure_ptr)
c:/maxim/toolchain/bin/../lib/gcc/arm-none-eabi/6.3.1/../../../../arm-none-eabi/lib/thumb/v7e-m/fpv4-sp/hard\libc.a(lib_a-init.o)
                              c:/maxim/toolchain/bin/../lib/gcc/arm-none-eabi/6.3.1/../../../../arm-none-eabi/lib/thumb/v7e-m/fpv4-sp/hard/crt0.o (__libc_init_array)
c:/maxim/toolchain/bin/../lib/gcc/arm-none-eabi/6.3.1/../../../../arm-none-eabi/lib/thumb/v7e-m/fpv4-sp/hard\libc.a(lib_a-memcpy.o)
                              c:/Users/spayr/Documents/eclipseworkspace/MAX32660/I2C_MXC_Accel/build/PeriphDriver/PeriphDriver.a(nvic_table.o) (memcpy)
c:/maxim/toolchain/bin/../lib/gcc/arm-none-eabi/6.3.1/../../../../arm-none-eabi/lib/thumb/v7e-m/fpv4-sp/hard\libc.a(lib_a-memset.o)
                              c:/maxim/toolchain/bin/../lib/gcc/arm-none-eabi/6.3.1/../../../../arm-none-eabi/lib/thumb/v7e-m/fpv4-sp/hard/crt0.o (memset)
c:/maxim/toolchain/bin/../lib/gcc/arm-none-eabi/6.3.1/../../../../arm-none-eabi/lib/thumb/v7e-m/fpv4-sp/hard\libc.a(lib_a-printf.o)
                              c:/Users/spayr/Documents/eclipseworkspace/MAX32660/I2C_MXC_Accel/build/main.o (printf)
c:/maxim/toolchain/bin/../lib/gcc/arm-none-eabi/6.3.1/../../../../arm-none-eabi/lib/thumb/v7e-m/fpv4-sp/hard\libc.a(lib_a-putchar.o)
                              c:/Users/spayr/Documents/eclipseworkspace/MAX32660/I2C_MXC_Accel/build/main.o (putchar)
c:/maxim/toolchain/bin/../lib/gcc/arm-none-eabi/6.3.1/../../../../arm-none-eabi/lib/thumb/v7e-m/fpv4-sp/hard\libc.a(lib_a-puts.o)
                              c:/Users/spayr/Documents/eclipseworkspace/MAX32660/I2C_MXC_Accel/build/main.o (puts)
[...]
Memory Configuration

Name             Origin             Length             Attributes
FLASH            0x00000000         0x00040000         xr
SRAM             0x20000000         0x00018000         xrw
*default*        0x00000000         0xffffffff

Linker script and memory map

LOAD c:/maxim/toolchain/bin/../lib/gcc/arm-none-eabi/6.3.1/thumb/v7e-m/fpv4-sp/hard/crti.o
LOAD c:/maxim/toolchain/bin/../lib/gcc/arm-none-eabi/6.3.1/thumb/v7e-m/fpv4-sp/hard/crtbegin.o
LOAD c:/maxim/toolchain/bin/../lib/gcc/arm-none-eabi/6.3.1/../../../../arm-none-eabi/lib/thumb/v7e-m/fpv4-sp/hard/crt0.o
LOAD c:/Users/spayr/Documents/eclipseworkspace/MAX32660/I2C_MXC_Accel/build/main.o
LOAD c:/Users/spayr/Documents/eclipseworkspace/MAX32660/I2C_MXC_Accel/build/lm75a.o
LOAD c:/Users/spayr/Documents/eclipseworkspace/MAX32660/I2C_MXC_Accel/build/i2c_bus.o
LOAD c:/Users/spayr/Documents/eclipseworkspace/MAX32660/I2C_MXC_Accel/build/i2c_check_flags.o
LOAD c:/Users/spayr/Documents/eclipseworkspace/MAX32660/I2C_MXC_Accel/build/board.o
LOAD c:/Users/spayr/Documents/eclipseworkspace/MAX32660/I2C_MXC_Accel/build/stdio.o
LOAD c:/Users/spayr/Documents/eclipseworkspace/MAX32660/I2C_MXC_Accel/build/led.o
LOAD c:/Users/spayr/Documents/eclipseworkspace/MAX32660/I2C_MXC_Accel/build/pb.o
LOAD c:/Users/spayr/Documents/eclipseworkspace/MAX32660/I2C_MXC_Accel/build/rom_stub.o
LOAD c:/Users/spayr/Documents/eclipseworkspace/MAX32660/I2C_MXC_Accel/build/startup_max32660.o
LOAD c:/Users/spayr/Documents/eclipseworkspace/MAX32660/I2C_MXC_Accel/build/heap.o
LOAD c:/Users/spayr/Documents/eclipseworkspace/MAX32660/I2C_MXC_Accel/build/system_max32660.o
START GROUP
LOAD c:/Users/spayr/Documents/eclipseworkspace/MAX32660/I2C_MXC_Accel/build/PeriphDriver/PeriphDriver.a
LOAD c:/maxim/toolchain/bin/../lib/gcc/arm-none-eabi/6.3.1/../../../../arm-none-eabi/lib/thumb/v7e-m/fpv4-sp/hard\libc.a
LOAD c:/maxim/toolchain/bin/../lib/gcc/arm-none-eabi/6.3.1/../../../../arm-none-eabi/lib/thumb/v7e-m/fpv4-sp/hard\libm.a
LOAD c:/maxim/toolchain/bin/../lib/gcc/arm-none-eabi/6.3.1/../../../../arm-none-eabi/lib/thumb/v7e-m/fpv4-sp/hard\libnosys.a
END GROUP
START GROUP
LOAD c:/maxim/toolchain/bin/../lib/gcc/arm-none-eabi/6.3.1/thumb/v7e-m/fpv4-sp/hard\libgcc.a
LOAD c:/maxim/toolchain/bin/../lib/gcc/arm-none-eabi/6.3.1/../../../../arm-none-eabi/lib/thumb/v7e-m/fpv4-sp/hard\libc.a
END GROUP
LOAD c:/maxim/toolchain/bin/../lib/gcc/arm-none-eabi/6.3.1/thumb/v7e-m/fpv4-sp/hard/crtend.o
LOAD c:/maxim/toolchain/bin/../lib/gcc/arm-none-eabi/6.3.1/thumb/v7e-m/fpv4-sp/hard/crtn.o

.text           0x00000000     0x7ea4
                0x00000000                _text = .
 *(.isr_vector)
 .isr_vector    0x00000000      0x11c c:/Users/spayr/Documents/eclipseworkspace/MAX32660/I2C_MXC_Accel/build/startup_max32660.o
                0x00000000                __isr_vector
 *(.text*)
 .text          0x0000011c       0x6c c:/maxim/toolchain/bin/../lib/gcc/arm-none-eabi/6.3.1/thumb/v7e-m/fpv4-sp/hard/crtbegin.o
 .text.i2c_callback
                0x00000188        0xc c:/Users/spayr/Documents/eclipseworkspace/MAX32660/I2C_MXC_Accel/build/main.o
                0x00000188                i2c_callback
 .text.ContinousTimer_Handler
                0x00000194       0x20 c:/Users/spayr/Documents/eclipseworkspace/MAX32660/I2C_MXC_Accel/build/main.o
                0x00000194                ContinousTimer_Handler
 .text.I2C_ByteWrite
                0x000001b4       0x7c c:/Users/spayr/Documents/eclipseworkspace/MAX32660/I2C_MXC_Accel/build/main.o
                0x000001b4                I2C_ByteWrite
 .text.print_buffer
                0x00000230       0x24 c:/Users/spayr/Documents/eclipseworkspace/MAX32660/I2C_MXC_Accel/build/main.o
                0x00000230                print_buffer
 .text.I2C_BufferRead
                0x00000254       0x8c c:/Users/spayr/Documents/eclipseworkspace/MAX32660/I2C_MXC_Accel/build/main.o
                0x00000254                I2C_BufferRead
 .text.print_binary_buffer
                0x000002e0       0xa8 c:/Users/spayr/Documents/eclipseworkspace/MAX32660/I2C_MXC_Accel/build/main.o
                0x000002e0                print_binary_buffer
 .text.acc_convert
                0x00000388      0x2fc c:/Users/spayr/Documents/eclipseworkspace/MAX32660/I2C_MXC_Accel/build/main.o
                0x00000388                acc_convert
 .text.decode_gravity
                0x00000684       0x54 c:/Users/spayr/Documents/eclipseworkspace/MAX32660/I2C_MXC_Accel/build/main.o
                0x00000684                decode_gravity
 .text.measurement_loop
                0x000006d8       0x4c c:/Users/spayr/Documents/eclipseworkspace/MAX32660/I2C_MXC_Accel/build/main.o
                0x000006d8                measurement_loop
 .text.ContinuousTimer
                0x00000724       0x58 c:/Users/spayr/Documents/eclipseworkspace/MAX32660/I2C_MXC_Accel/build/main.o
                0x00000724                ContinuousTimer
 .text.I2C0_IRQHandler
                0x0000077c       0x10 c:/Users/spayr/Documents/eclipseworkspace/MAX32660/I2C_MXC_Accel/build/main.o
                0x0000077c                I2C0_IRQHandler
 .text.main     0x0000078c       0x88 c:/Users/spayr/Documents/eclipseworkspace/MAX32660/I2C_MXC_Accel/build/main.o
                0x0000078c                main
 .text.i2c_init
                0x00000814       0x60 c:/Users/spayr/Documents/eclipseworkspace/MAX32660/I2C_MXC_Accel/build/i2c_bus.o
                0x00000814                i2c_init
 .text.mxc_assert
                0x00000874       0x10 c:/Users/spayr/Documents/eclipseworkspace/MAX32660/I2C_MXC_Accel/build/board.o
                0x00000874                mxc_assert
 .text.Console_Init
                0x00000884       0x1c c:/Users/spayr/Documents/eclipseworkspace/MAX32660/I2C_MXC_Accel/build/board.o
                0x00000884                Console_Init
 .text.Board_Init
                0x000008a0       0x6c c:/Users/spayr/Documents/eclipseworkspace/MAX32660/I2C_MXC_Accel/build/board.o
                0x000008a0                Board_Init
 .text.NMI_Handler
                0x0000090c        0x4 c:/Users/spayr/Documents/eclipseworkspace/MAX32660/I2C_MXC_Accel/build/board.o
                0x0000090c                NMI_Handler
 .text._close   0x00000910        0x6 c:/Users/spayr/Documents/eclipseworkspace/MAX32660/I2C_MXC_Accel/build/stdio.o
                0x00000910                _close
 .text._isatty  0x00000916        0x6 c:/Users/spayr/Documents/eclipseworkspace/MAX32660/I2C_MXC_Accel/build/stdio.o
                0x00000916                _isatty
 .text._lseek   0x0000091c        0x6 c:/Users/spayr/Documents/eclipseworkspace/MAX32660/I2C_MXC_Accel/build/stdio.o
                0x0000091c                _lseek
 .text._fstat   0x00000922        0x6 c:/Users/spayr/Documents/eclipseworkspace/MAX32660/I2C_MXC_Accel/build/stdio.o
                0x00000922                _fstat
 .text._read    0x00000928       0x5c c:/Users/spayr/Documents/eclipseworkspace/MAX32660/I2C_MXC_Accel/build/stdio.o
                0x00000928                _read
 .text._write   0x00000984       0x50 c:/Users/spayr/Documents/eclipseworkspace/MAX32660/I2C_MXC_Accel/build/stdio.o
                0x00000984                _write
 .text.LED_Off  0x000009d4       0x38 c:/Users/spayr/Documents/eclipseworkspace/MAX32660/I2C_MXC_Accel/build/led.o
                0x000009d4                LED_Off
 .text.LED_Init
                0x00000a0c       0x3c c:/Users/spayr/Documents/eclipseworkspace/MAX32660/I2C_MXC_Accel/build/led.o
                0x00000a0c                LED_Init
 .text.LED_Toggle
                0x00000a48       0x38 c:/Users/spayr/Documents/eclipseworkspace/MAX32660/I2C_MXC_Accel/build/led.o
                0x00000a48                LED_Toggle
 .text.PB_Init  0x00000a80       0x34 c:/Users/spayr/Documents/eclipseworkspace/MAX32660/I2C_MXC_Accel/build/pb.o
                0x00000a80                PB_Init
 .text.GPIO0_IRQHandler
                0x00000ab4        0xa c:/Users/spayr/Documents/eclipseworkspace/MAX32660/I2C_MXC_Accel/build/pb.o
                0x00000ab4                GPIO0_IRQHandler
 *fill*         0x00000abe        0x2 
 .text          0x00000ac0       0xe4 c:/Users/spayr/Documents/eclipseworkspace/MAX32660/I2C_MXC_Accel/build/startup_max32660.o
                0x00000ac0                Reset_Handler
                0x00000afe                HardFault_Handler
                0x00000b00                MemManage_Handler
                0x00000b02                BusFault_Handler
                0x00000b04                UsageFault_Handler
                0x00000b06                SVC_Handler
                0x00000b08                DebugMon_Handler
                0x00000b0a                PendSV_Handler
                0x00000b0c                Default_Handler
                0x00000b0e                PF_IRQHandler
                0x00000b10                WDT0_IRQHandler
                0x00000b12                RSV00_IRQHandler
                0x00000b14                RTC_IRQHandler
                0x00000b16                RSV1_IRQHandler
                0x00000b18                TMR0_IRQHandler
                0x00000b1a                TMR1_IRQHandler
                0x00000b1c                TMR2_IRQHandler
                0x00000b1e                RSV02_IRQHandler
                0x00000b20                RSV03_IRQHandler
                0x00000b22                RSV04_IRQHandler
                0x00000b24                RSV05_IRQHandler
                0x00000b26                RSV06_IRQHandler
                0x00000b2a                UART0_IRQHandler
                0x00000b2c                UART1_IRQHandler
                0x00000b2e                SPI0_IRQHandler
                0x00000b30                SPI1_IRQHandler
                0x00000b32                RSV07_IRQHandler
                0x00000b34                RSV08_IRQHandler
                0x00000b36                RSV09_IRQHandler
                0x00000b38                RSV10_IRQHandler
                0x00000b3a                RSV11_IRQHandler
                0x00000b3c                FLC_IRQHandler
                0x00000b40                RSV12_IRQHandler
                0x00000b42                RSV13_IRQHandler
                0x00000b44                RSV14_IRQHandler
                0x00000b46                DMA0_IRQHandler
                0x00000b48                DMA1_IRQHandler
                0x00000b4a                DMA2_IRQHandler
                0x00000b4c                DMA3_IRQHandler
                0x00000b4e                RSV15_IRQHandler
                0x00000b50                RSV16_IRQHandler
                0x00000b52                RSV17_IRQHandler
                0x00000b54                RSV18_IRQHandler
                0x00000b56                I2C1_IRQHandler
                0x00000b58                RSV19_IRQHandler
                0x00000b5a                RSV20_IRQHandler
                0x00000b5c                RSV21_IRQHandler
                0x00000b5e                RSV22_IRQHandler
                0x00000b60                RSV23_IRQHandler
                0x00000b62                RSV24_IRQHandler
                0x00000b64                RSV25_IRQHandler
                0x00000b66                RSV26_IRQHandler
                0x00000b68                RSV27_IRQHandler
                0x00000b6a                RSV28_IRQHandler
                0x00000b6c                RSV29_IRQHandler
                0x00000b6e                RSV30_IRQHandler
                0x00000b70                RSV31_IRQHandler
                0x00000b72                RSV32_IRQHandler
                0x00000b74                RSV33_IRQHandler
                0x00000b76                RSV34_IRQHandler
                0x00000b78                RSV35_IRQHandler
                0x00000b7a                GPIOWAKE_IRQHandler
 .text._sbrk    0x00000ba4       0x40 c:/Users/spayr/Documents/eclipseworkspace/MAX32660/I2C_MXC_Accel/build/heap.o
                0x00000ba4                _sbrk
 .text.SystemCoreClockUpdate
                0x00000be4       0x60 c:/Users/spayr/Documents/eclipseworkspace/MAX32660/I2C_MXC_Accel/build/system_max32660.o
                0x00000be4                SystemCoreClockUpdate
 .text.PreInit  0x00000c44        0x4 c:/Users/spayr/Documents/eclipseworkspace/MAX32660/I2C_MXC_Accel/build/system_max32660.o
                0x00000c44                PreInit
 .text.SystemInit
                0x00000c48       0x8c c:/Users/spayr/Documents/eclipseworkspace/MAX32660/I2C_MXC_Accel/build/system_max32660.o
                0x00000c48                SystemInit
 .text.NVIC_SetRAM
                0x00000cd4       0x24 c:/Users/spayr/Documents/eclipseworkspace/MAX32660/I2C_MXC_Accel/build/PeriphDriver/PeriphDriver.a(nvic_table.o)
                0x00000cd4                NVIC_SetRAM
 .text.NVIC_SetVector
                0x00000cf8       0x40 c:/Users/spayr/Documents/eclipseworkspace/MAX32660/I2C_MXC_Accel/build/PeriphDriver/PeriphDriver.a(nvic_table.o)
                0x00000cf8                NVIC_SetVector
 .text.UART_Init
                0x00000d38       0xac c:/Users/spayr/Documents/eclipseworkspace/MAX32660/I2C_MXC_Accel/build/PeriphDriver/PeriphDriver.a(uart.o)
                0x00000d38                UART_Init
 .text.UART_ReadByte
                0x00000de4        0xe c:/Users/spayr/Documents/eclipseworkspace/MAX32660/I2C_MXC_Accel/build/PeriphDriver/PeriphDriver.a(uart.o)
                0x00000de4                UART_ReadByte
 .text.UART_WriteByte
                0x00000df2        0xc c:/Users/spayr/Documents/eclipseworkspace/MAX32660/I2C_MXC_Accel/build/PeriphDriver/PeriphDriver.a(uart.o)
                0x00000df2                UART_WriteByte
 *fill*         0x00000dfe        0x2 
 .text.GPIO_Config
                0x00000e00       0xfc c:/Users/spayr/Documents/eclipseworkspace/MAX32660/I2C_MXC_Accel/build/PeriphDriver/PeriphDriver.a(gpio.o)
                0x00000e00                GPIO_Config
 .text.GPIO_OutClr
                0x00000efc       0x14 c:/Users/spayr/Documents/eclipseworkspace/MAX32660/I2C_MXC_Accel/build/PeriphDriver/PeriphDriver.a(gpio.o)
                0x00000efc                GPIO_OutClr
 .text.GPIO_OutToggle
                0x00000f10       0x18 c:/Users/spayr/Documents/eclipseworkspace/MAX32660/I2C_MXC_Accel/build/PeriphDriver/PeriphDriver.a(gpio.o)
                0x00000f10                GPIO_OutToggle
 .text.GPIO_Handler
                0x00000f28       0x58 c:/Users/spayr/Documents/eclipseworkspace/MAX32660/I2C_MXC_Accel/build/PeriphDriver/PeriphDriver.a(gpio.o)
                0x00000f28                GPIO_Handler
 .text.I2C_Recover
                0x00000f80       0x16 c:/Users/spayr/Documents/eclipseworkspace/MAX32660/I2C_MXC_Accel/build/PeriphDriver/PeriphDriver.a(i2c.o)
 *fill*         0x00000f96        0x2 
 .text.I2C_FreeCallback
                0x00000f98       0x24 c:/Users/spayr/Documents/eclipseworkspace/MAX32660/I2C_MXC_Accel/build/PeriphDriver/PeriphDriver.a(i2c.o)
 .text.I2C_MasterHandler
                0x00000fbc      0x238 c:/Users/spayr/Documents/eclipseworkspace/MAX32660/I2C_MXC_Accel/build/PeriphDriver/PeriphDriver.a(i2c.o)
 .text.I2C_Init
                0x000011f4      0x24c c:/Users/spayr/Documents/eclipseworkspace/MAX32660/I2C_MXC_Accel/build/PeriphDriver/PeriphDriver.a(i2c.o)
                0x000011f4                I2C_Init
 .text.I2C_Shutdown
                0x00001440       0x7c c:/Users/spayr/Documents/eclipseworkspace/MAX32660/I2C_MXC_Accel/build/PeriphDriver/PeriphDriver.a(i2c.o)
                0x00001440                I2C_Shutdown
 .text.I2C_MasterWrite
                0x000014bc       0xe8 c:/Users/spayr/Documents/eclipseworkspace/MAX32660/I2C_MXC_Accel/build/PeriphDriver/PeriphDriver.a(i2c.o)
                0x000014bc                I2C_MasterWrite
 .text.I2C_MasterRead
                0x000015a4       0xec c:/Users/spayr/Documents/eclipseworkspace/MAX32660/I2C_MXC_Accel/build/PeriphDriver/PeriphDriver.a(i2c.o)
                0x000015a4                I2C_MasterRead
 .text.I2C_Handler
                0x00001690      0x228 c:/Users/spayr/Documents/eclipseworkspace/MAX32660/I2C_MXC_Accel/build/PeriphDriver/PeriphDriver.a(i2c.o)
                0x00001690                I2C_Handler
 .text.mxc_delay_init
                0x000018b8       0x98 c:/Users/spayr/Documents/eclipseworkspace/MAX32660/I2C_MXC_Accel/build/PeriphDriver/PeriphDriver.a(mxc_delay.o)
 .text.mxc_delay_start
                0x00001950       0x40 c:/Users/spayr/Documents/eclipseworkspace/MAX32660/I2C_MXC_Accel/build/PeriphDriver/PeriphDriver.a(mxc_delay.o)
                0x00001950                mxc_delay_start
 .text.mxc_delay_stop
                0x00001990       0x20 c:/Users/spayr/Documents/eclipseworkspace/MAX32660/I2C_MXC_Accel/build/PeriphDriver/PeriphDriver.a(mxc_delay.o)
                0x00001990                mxc_delay_stop
 .text.mxc_delay_handler
                0x000019b0       0x54 c:/Users/spayr/Documents/eclipseworkspace/MAX32660/I2C_MXC_Accel/build/PeriphDriver/PeriphDriver.a(mxc_delay.o)
                0x000019b0                mxc_delay_handler
 .text.SysTick_Handler
                0x00001a04        0x8 c:/Users/spayr/Documents/eclipseworkspace/MAX32660/I2C_MXC_Accel/build/PeriphDriver/PeriphDriver.a(mxc_delay.o)
                0x00001a04                SysTick_Handler
 .text.mxc_delay_check
                0x00001a0c       0x54 c:/Users/spayr/Documents/eclipseworkspace/MAX32660/I2C_MXC_Accel/build/PeriphDriver/PeriphDriver.a(mxc_delay.o)
                0x00001a0c                mxc_delay_check
 .text.mxc_delay
                0x00001a60       0x7c c:/Users/spayr/Documents/eclipseworkspace/MAX32660/I2C_MXC_Accel/build/PeriphDriver/PeriphDriver.a(mxc_delay.o)
                0x00001a60                mxc_delay
 .text.mxc_free_lock
                0x00001adc        0xa c:/Users/spayr/Documents/eclipseworkspace/MAX32660/I2C_MXC_Accel/build/PeriphDriver/PeriphDriver.a(mxc_lock.o)
                0x00001adc                mxc_free_lock
 .text.SYS_Clock_Timeout
                0x00001ae6       0x24 c:/Users/spayr/Documents/eclipseworkspace/MAX32660/I2C_MXC_Accel/build/PeriphDriver/PeriphDriver.a(mxc_sys.o)
 *fill*         0x00001b0a        0x2 
 .text.SYS_Clock_Select
                0x00001b0c      0x208 c:/Users/spayr/Documents/eclipseworkspace/MAX32660/I2C_MXC_Accel/build/PeriphDriver/PeriphDriver.a(mxc_sys.o)
                0x00001b0c                SYS_Clock_Select
 .text.SYS_UART_Init
                0x00001d14       0xa4 c:/Users/spayr/Documents/eclipseworkspace/MAX32660/I2C_MXC_Accel/build/PeriphDriver/PeriphDriver.a(mxc_sys.o)
                0x00001d14                SYS_UART_Init
 .text.SYS_I2C_Init
                0x00001db8       0x48 c:/Users/spayr/Documents/eclipseworkspace/MAX32660/I2C_MXC_Accel/build/PeriphDriver/PeriphDriver.a(mxc_sys.o)
                0x00001db8                SYS_I2C_Init
 .text.SYS_I2C_Shutdown
                0x00001e00       0x78 c:/Users/spayr/Documents/eclipseworkspace/MAX32660/I2C_MXC_Accel/build/PeriphDriver/PeriphDriver.a(mxc_sys.o)
                0x00001e00                SYS_I2C_Shutdown
 .text.SYS_I2C_GetFreq
                0x00001e78        0xc c:/Users/spayr/Documents/eclipseworkspace/MAX32660/I2C_MXC_Accel/build/PeriphDriver/PeriphDriver.a(mxc_sys.o)
                0x00001e78                SYS_I2C_GetFreq
 .text.SYS_ClockDisable
                0x00001e84       0x22 c:/Users/spayr/Documents/eclipseworkspace/MAX32660/I2C_MXC_Accel/build/PeriphDriver/PeriphDriver.a(mxc_sys.o)
                0x00001e84                SYS_ClockDisable
 .text.SYS_ClockEnable
                0x00001ea6       0x26 c:/Users/spayr/Documents/eclipseworkspace/MAX32660/I2C_MXC_Accel/build/PeriphDriver/PeriphDriver.a(mxc_sys.o)
                0x00001ea6                SYS_ClockEnable
 .text.SYS_TMR_Init
                0x00001ecc       0x58 c:/Users/spayr/Documents/eclipseworkspace/MAX32660/I2C_MXC_Accel/build/PeriphDriver/PeriphDriver.a(mxc_sys.o)
                0x00001ecc                SYS_TMR_Init
 .text.TMR_Init
                0x00001f24       0x38 c:/Users/spayr/Documents/eclipseworkspace/MAX32660/I2C_MXC_Accel/build/PeriphDriver/PeriphDriver.a(tmr.o)
                0x00001f24                TMR_Init
 .text.TMR_Enable
                0x00001f5c       0x24 c:/Users/spayr/Documents/eclipseworkspace/MAX32660/I2C_MXC_Accel/build/PeriphDriver/PeriphDriver.a(tmr.o)
                0x00001f5c                TMR_Enable
 .text.TMR_Disable
                0x00001f80       0x24 c:/Users/spayr/Documents/eclipseworkspace/MAX32660/I2C_MXC_Accel/build/PeriphDriver/PeriphDriver.a(tmr.o)
                0x00001f80                TMR_Disable
 .text.TMR_Config
                0x00001fa4       0x44 c:/Users/spayr/Documents/eclipseworkspace/MAX32660/I2C_MXC_Accel/build/PeriphDriver/PeriphDriver.a(tmr.o)
                0x00001fa4                TMR_Config
 .text.TMR_IntClear
                0x00001fe8        0x6 c:/Users/spayr/Documents/eclipseworkspace/MAX32660/I2C_MXC_Accel/build/PeriphDriver/PeriphDriver.a(tmr.o)
                0x00001fe8                TMR_IntClear
 *fill*         0x00001fee        0x2 
 .text.__errno  0x00001ff0        0xc c:/maxim/toolchain/bin/../lib/gcc/arm-none-eabi/6.3.1/../../../../arm-none-eabi/lib/thumb/v7e-m/fpv4-sp/hard\libc.a(lib_a-errno.o)
                0x00001ff0                __errno
 .text.__libc_init_array
                0x00001ffc       0x50 c:/maxim/toolchain/bin/../lib/gcc/arm-none-eabi/6.3.1/../../../../arm-none-eabi/lib/thumb/v7e-m/fpv4-sp/hard\libc.a(lib_a-init.o)
                0x00001ffc                __libc_init_array
 .text          0x0000204c      0x134 c:/maxim/toolchain/bin/../lib/gcc/arm-none-eabi/6.3.1/../../../../arm-none-eabi/lib/thumb/v7e-m/fpv4-sp/hard\libc.a(lib_a-memcpy.o)
                0x0000204c                memcpy
 .text.memset   0x00002180       0x9c c:/maxim/toolchain/bin/../lib/gcc/arm-none-eabi/6.3.1/../../../../arm-none-eabi/lib/thumb/v7e-m/fpv4-sp/hard\libc.a(lib_a-memset.o)
                0x00002180                memset
 .text.printf   0x0000221c       0x28 c:/maxim/toolchain/bin/../lib/gcc/arm-none-eabi/6.3.1/../../../../arm-none-eabi/lib/thumb/v7e-m/fpv4-sp/hard\libc.a(lib_a-printf.o)
                0x0000221c                printf
 .text.putchar  0x00002244       0x14 c:/maxim/toolchain/bin/../lib/gcc/arm-none-eabi/6.3.1/../../../../arm-none-eabi/lib/thumb/v7e-m/fpv4-sp/hard\libc.a(lib_a-putchar.o)
                0x00002244                putchar
 .text._puts_r  0x00002258       0x9c c:/maxim/toolchain/bin/../lib/gcc/arm-none-eabi/6.3.1/../../../../arm-none-eabi/lib/thumb/v7e-m/fpv4-sp/hard\libc.a(lib_a-puts.o)
                0x00002258                _puts_r
 .text.puts     0x000022f4       0x10 c:/maxim/toolchain/bin/../lib/gcc/arm-none-eabi/6.3.1/../../../../arm-none-eabi/lib/thumb/v7e-m/fpv4-sp/hard\libc.a(lib_a-puts.o)
                0x000022f4                puts
 *fill*         0x00002304       0x3c 
 .text          0x00002340       0xdc c:/maxim/toolchain/bin/../lib/gcc/arm-none-eabi/6.3.1/../../../../arm-none-eabi/lib/thumb/v7e-m/fpv4-sp/hard\libc.a(lib_a-strlen.o)
                0x00002340                strlen
 *fill*         0x0000241c        0x4 
 .text._vfprintf_r
                0x00002420     0x157c c:/maxim/toolchain/bin/../lib/gcc/arm-none-eabi/6.3.1/../../../../arm-none-eabi/lib/thumb/v7e-m/fpv4-sp/hard\libc.a(lib_a-vfprintf.o)
                0x00002420                _vfprintf_r
 .text.__sbprintf
                0x0000399c       0x84 c:/maxim/toolchain/bin/../lib/gcc/arm-none-eabi/6.3.1/../../../../arm-none-eabi/lib/thumb/v7e-m/fpv4-sp/hard\libc.a(lib_a-vfprintf.o)
 .text.__swsetup_r
                0x00003a20       0xc8 c:/maxim/toolchain/bin/../lib/gcc/arm-none-eabi/6.3.1/../../../../arm-none-eabi/lib/thumb/v7e-m/fpv4-sp/hard\libc.a(lib_a-wsetup.o)
                0x00003a20                __swsetup_r
 .text.startup.register_fini
                0x00003ae8       0x14 c:/maxim/toolchain/bin/../lib/gcc/arm-none-eabi/6.3.1/../../../../arm-none-eabi/lib/thumb/v7e-m/fpv4-sp/hard\libc.a(lib_a-__call_atexit.o)
 .text.atexit   0x00003afc        0xc c:/maxim/toolchain/bin/../lib/gcc/arm-none-eabi/6.3.1/../../../../arm-none-eabi/lib/thumb/v7e-m/fpv4-sp/hard\libc.a(lib_a-atexit.o)
                0x00003afc                atexit
 .text.quorem   0x00003b08      0x128 c:/maxim/toolchain/bin/../lib/gcc/arm-none-eabi/6.3.1/../../../../arm-none-eabi/lib/thumb/v7e-m/fpv4-sp/hard\libc.a(lib_a-dtoa.o)
 .text._dtoa_r  0x00003c30      0xe4c c:/maxim/toolchain/bin/../lib/gcc/arm-none-eabi/6.3.1/../../../../arm-none-eabi/lib/thumb/v7e-m/fpv4-sp/hard\libc.a(lib_a-dtoa.o)
                0x00003c30                _dtoa_r
 .text.__sflush_r
                0x00004a7c      0x140 c:/maxim/toolchain/bin/../lib/gcc/arm-none-eabi/6.3.1/../../../../arm-none-eabi/lib/thumb/v7e-m/fpv4-sp/hard\libc.a(lib_a-fflush.o)
                0x00004a7c                __sflush_r
 .text._fflush_r
                0x00004bbc       0x54 c:/maxim/toolchain/bin/../lib/gcc/arm-none-eabi/6.3.1/../../../../arm-none-eabi/lib/thumb/v7e-m/fpv4-sp/hard\libc.a(lib_a-fflush.o)
                0x00004bbc                _fflush_r
 .text._cleanup_r
                0x00004c10        0xc c:/maxim/toolchain/bin/../lib/gcc/arm-none-eabi/6.3.1/../../../../arm-none-eabi/lib/thumb/v7e-m/fpv4-sp/hard\libc.a(lib_a-findfp.o)
                0x00004c10                _cleanup_r
 .text.std.isra.0
                0x00004c1c       0x50 c:/maxim/toolchain/bin/../lib/gcc/arm-none-eabi/6.3.1/../../../../arm-none-eabi/lib/thumb/v7e-m/fpv4-sp/hard\libc.a(lib_a-findfp.o)
 .text.__sinit  0x00004c6c       0x58 c:/maxim/toolchain/bin/../lib/gcc/arm-none-eabi/6.3.1/../../../../arm-none-eabi/lib/thumb/v7e-m/fpv4-sp/hard\libc.a(lib_a-findfp.o)
                0x00004c6c                __sinit
 .text.__sfp_lock_acquire
                0x00004cc4        0xc c:/maxim/toolchain/bin/../lib/gcc/arm-none-eabi/6.3.1/../../../../arm-none-eabi/lib/thumb/v7e-m/fpv4-sp/hard\libc.a(lib_a-findfp.o)
                0x00004cc4                __sfp_lock_acquire
 .text.__sfp_lock_release
                0x00004cd0        0xc c:/maxim/toolchain/bin/../lib/gcc/arm-none-eabi/6.3.1/../../../../arm-none-eabi/lib/thumb/v7e-m/fpv4-sp/hard\libc.a(lib_a-findfp.o)
                0x00004cd0                __sfp_lock_release
 .text.__libc_fini_array
                0x00004cdc       0x34 c:/maxim/toolchain/bin/../lib/gcc/arm-none-eabi/6.3.1/../../../../arm-none-eabi/lib/thumb/v7e-m/fpv4-sp/hard\libc.a(lib_a-fini.o)
                0x00004cdc                __libc_fini_array
 .text._malloc_trim_r
                0x00004d10       0xa0 c:/maxim/toolchain/bin/../lib/gcc/arm-none-eabi/6.3.1/../../../../arm-none-eabi/lib/thumb/v7e-m/fpv4-sp/hard\libc.a(lib_a-freer.o)
                0x00004d10                _malloc_trim_r
 .text._free_r  0x00004db0      0x1cc c:/maxim/toolchain/bin/../lib/gcc/arm-none-eabi/6.3.1/../../../../arm-none-eabi/lib/thumb/v7e-m/fpv4-sp/hard\libc.a(lib_a-freer.o)
                0x00004db0                _free_r
 .text.__sfvwrite_r
                0x00004f7c      0x2f0 c:/maxim/toolchain/bin/../lib/gcc/arm-none-eabi/6.3.1/../../../../arm-none-eabi/lib/thumb/v7e-m/fpv4-sp/hard\libc.a(lib_a-fvwrite.o)
                0x00004f7c                __sfvwrite_r
 .text._fwalk_reent
                0x0000526c       0x54 c:/maxim/toolchain/bin/../lib/gcc/arm-none-eabi/6.3.1/../../../../arm-none-eabi/lib/thumb/v7e-m/fpv4-sp/hard\libc.a(lib_a-fwalk.o)
                0x0000526c                _fwalk_reent
 .text._localeconv_r
                0x000052c0       0x1c c:/maxim/toolchain/bin/../lib/gcc/arm-none-eabi/6.3.1/../../../../arm-none-eabi/lib/thumb/v7e-m/fpv4-sp/hard\libc.a(lib_a-localeconv.o)
                0x000052c0                _localeconv_r
 .text.__retarget_lock_init_recursive
                0x000052dc        0x4 c:/maxim/toolchain/bin/../lib/gcc/arm-none-eabi/6.3.1/../../../../arm-none-eabi/lib/thumb/v7e-m/fpv4-sp/hard\libc.a(lib_a-lock.o)
                0x000052dc                __retarget_lock_init_recursive
 .text.__retarget_lock_close_recursive
                0x000052e0        0x4 c:/maxim/toolchain/bin/../lib/gcc/arm-none-eabi/6.3.1/../../../../arm-none-eabi/lib/thumb/v7e-m/fpv4-sp/hard\libc.a(lib_a-lock.o)
                0x000052e0                __retarget_lock_close_recursive
 .text.__retarget_lock_acquire_recursive
                0x000052e4        0x4 c:/maxim/toolchain/bin/../lib/gcc/arm-none-eabi/6.3.1/../../../../arm-none-eabi/lib/thumb/v7e-m/fpv4-sp/hard\libc.a(lib_a-lock.o)
                0x000052e4                __retarget_lock_acquire_recursive
 .text.__retarget_lock_release_recursive
                0x000052e8        0x4 c:/maxim/toolchain/bin/../lib/gcc/arm-none-eabi/6.3.1/../../../../arm-none-eabi/lib/thumb/v7e-m/fpv4-sp/hard\libc.a(lib_a-lock.o)
                0x000052e8                __retarget_lock_release_recursive
 .text.__swhatbuf_r
                0x000052ec       0x5c c:/maxim/toolchain/bin/../lib/gcc/arm-none-eabi/6.3.1/../../../../arm-none-eabi/lib/thumb/v7e-m/fpv4-sp/hard\libc.a(lib_a-makebuf.o)
                0x000052ec                __swhatbuf_r
 .text.__smakebuf_r
                0x00005348       0x94 c:/maxim/toolchain/bin/../lib/gcc/arm-none-eabi/6.3.1/../../../../arm-none-eabi/lib/thumb/v7e-m/fpv4-sp/hard\libc.a(lib_a-makebuf.o)
                0x00005348                __smakebuf_r
 .text._malloc_r
                0x000053dc      0x560 c:/maxim/toolchain/bin/../lib/gcc/arm-none-eabi/6.3.1/../../../../arm-none-eabi/lib/thumb/v7e-m/fpv4-sp/hard\libc.a(lib_a-mallocr.o)
                0x000053dc                _malloc_r
 *fill*         0x0000593c        0x4 
 .text          0x00005940       0xa0 c:/maxim/toolchain/bin/../lib/gcc/arm-none-eabi/6.3.1/../../../../arm-none-eabi/lib/thumb/v7e-m/fpv4-sp/hard\libc.a(lib_a-memchr.o)
                0x00005940                memchr
 .text.memmove  0x000059e0       0xc8 c:/maxim/toolchain/bin/../lib/gcc/arm-none-eabi/6.3.1/../../../../arm-none-eabi/lib/thumb/v7e-m/fpv4-sp/hard\libc.a(lib_a-memmove.o)
                0x000059e0                memmove
 .text.__malloc_lock
                0x00005aa8        0xc c:/maxim/toolchain/bin/../lib/gcc/arm-none-eabi/6.3.1/../../../../arm-none-eabi/lib/thumb/v7e-m/fpv4-sp/hard\libc.a(lib_a-mlock.o)
                0x00005aa8                __malloc_lock
 .text.__malloc_unlock
                0x00005ab4        0xc c:/maxim/toolchain/bin/../lib/gcc/arm-none-eabi/6.3.1/../../../../arm-none-eabi/lib/thumb/v7e-m/fpv4-sp/hard\libc.a(lib_a-mlock.o)
                0x00005ab4                __malloc_unlock
 .text._Balloc  0x00005ac0       0x4c c:/maxim/toolchain/bin/../lib/gcc/arm-none-eabi/6.3.1/../../../../arm-none-eabi/lib/thumb/v7e-m/fpv4-sp/hard\libc.a(lib_a-mprec.o)
                0x00005ac0                _Balloc
 .text._Bfree   0x00005b0c       0x14 c:/maxim/toolchain/bin/../lib/gcc/arm-none-eabi/6.3.1/../../../../arm-none-eabi/lib/thumb/v7e-m/fpv4-sp/hard\libc.a(lib_a-mprec.o)
                0x00005b0c                _Bfree
 .text.__multadd
                0x00005b20       0x80 c:/maxim/toolchain/bin/../lib/gcc/arm-none-eabi/6.3.1/../../../../arm-none-eabi/lib/thumb/v7e-m/fpv4-sp/hard\libc.a(lib_a-mprec.o)
                0x00005b20                __multadd
 .text.__hi0bits
                0x00005ba0       0x40 c:/maxim/toolchain/bin/../lib/gcc/arm-none-eabi/6.3.1/../../../../arm-none-eabi/lib/thumb/v7e-m/fpv4-sp/hard\libc.a(lib_a-mprec.o)
                0x00005ba0                __hi0bits
 .text.__lo0bits
                0x00005be0       0x60 c:/maxim/toolchain/bin/../lib/gcc/arm-none-eabi/6.3.1/../../../../arm-none-eabi/lib/thumb/v7e-m/fpv4-sp/hard\libc.a(lib_a-mprec.o)
                0x00005be0                __lo0bits
 .text.__i2b    0x00005c40       0x14 c:/maxim/toolchain/bin/../lib/gcc/arm-none-eabi/6.3.1/../../../../arm-none-eabi/lib/thumb/v7e-m/fpv4-sp/hard\libc.a(lib_a-mprec.o)
                0x00005c40                __i2b
 .text.__multiply
                0x00005c54      0x124 c:/maxim/toolchain/bin/../lib/gcc/arm-none-eabi/6.3.1/../../../../arm-none-eabi/lib/thumb/v7e-m/fpv4-sp/hard\libc.a(lib_a-mprec.o)
                0x00005c54                __multiply
 .text.__pow5mult
                0x00005d78       0xa0 c:/maxim/toolchain/bin/../lib/gcc/arm-none-eabi/6.3.1/../../../../arm-none-eabi/lib/thumb/v7e-m/fpv4-sp/hard\libc.a(lib_a-mprec.o)
                0x00005d78                __pow5mult
 .text.__lshift
                0x00005e18       0xa4 c:/maxim/toolchain/bin/../lib/gcc/arm-none-eabi/6.3.1/../../../../arm-none-eabi/lib/thumb/v7e-m/fpv4-sp/hard\libc.a(lib_a-mprec.o)
                0x00005e18                __lshift
 .text.__mcmp   0x00005ebc       0x38 c:/maxim/toolchain/bin/../lib/gcc/arm-none-eabi/6.3.1/../../../../arm-none-eabi/lib/thumb/v7e-m/fpv4-sp/hard\libc.a(lib_a-mprec.o)
                0x00005ebc                __mcmp
 .text.__mdiff  0x00005ef4      0x108 c:/maxim/toolchain/bin/../lib/gcc/arm-none-eabi/6.3.1/../../../../arm-none-eabi/lib/thumb/v7e-m/fpv4-sp/hard\libc.a(lib_a-mprec.o)
                0x00005ef4                __mdiff
 .text.__d2b    0x00005ffc       0xbc c:/maxim/toolchain/bin/../lib/gcc/arm-none-eabi/6.3.1/../../../../arm-none-eabi/lib/thumb/v7e-m/fpv4-sp/hard\libc.a(lib_a-mprec.o)
                0x00005ffc                __d2b
 .text._putc_r  0x000060b8       0x70 c:/maxim/toolchain/bin/../lib/gcc/arm-none-eabi/6.3.1/../../../../arm-none-eabi/lib/thumb/v7e-m/fpv4-sp/hard\libc.a(lib_a-putc.o)
                0x000060b8                _putc_r
 .text._realloc_r
                0x00006128      0x34c c:/maxim/toolchain/bin/../lib/gcc/arm-none-eabi/6.3.1/../../../../arm-none-eabi/lib/thumb/v7e-m/fpv4-sp/hard\libc.a(lib_a-reallocr.o)
                0x00006128                _realloc_r
 .text._sbrk_r  0x00006474       0x24 c:/maxim/toolchain/bin/../lib/gcc/arm-none-eabi/6.3.1/../../../../arm-none-eabi/lib/thumb/v7e-m/fpv4-sp/hard\libc.a(lib_a-sbrkr.o)
                0x00006474                _sbrk_r
 .text.__sread  0x00006498       0x24 c:/maxim/toolchain/bin/../lib/gcc/arm-none-eabi/6.3.1/../../../../arm-none-eabi/lib/thumb/v7e-m/fpv4-sp/hard\libc.a(lib_a-stdio.o)
                0x00006498                __sread
 .text.__swrite
                0x000064bc       0x3c c:/maxim/toolchain/bin/../lib/gcc/arm-none-eabi/6.3.1/../../../../arm-none-eabi/lib/thumb/v7e-m/fpv4-sp/hard\libc.a(lib_a-stdio.o)
                0x000064bc                __swrite
 .text.__sseek  0x000064f8       0x20 c:/maxim/toolchain/bin/../lib/gcc/arm-none-eabi/6.3.1/../../../../arm-none-eabi/lib/thumb/v7e-m/fpv4-sp/hard\libc.a(lib_a-stdio.o)
                0x000064f8                __sseek
 .text.__sclose
                0x00006518        0x8 c:/maxim/toolchain/bin/../lib/gcc/arm-none-eabi/6.3.1/../../../../arm-none-eabi/lib/thumb/v7e-m/fpv4-sp/hard\libc.a(lib_a-stdio.o)
                0x00006518                __sclose
 .text.__sprint_r.part.0
                0x00006520       0x80 c:/maxim/toolchain/bin/../lib/gcc/arm-none-eabi/6.3.1/../../../../arm-none-eabi/lib/thumb/v7e-m/fpv4-sp/hard\libc.a(lib_a-vfiprintf.o)
 .text.__sprint_r
                0x000065a0       0x14 c:/maxim/toolchain/bin/../lib/gcc/arm-none-eabi/6.3.1/../../../../arm-none-eabi/lib/thumb/v7e-m/fpv4-sp/hard\libc.a(lib_a-vfiprintf.o)
                0x000065a0                __sprint_r
 .text.__swbuf_r
                0x000065b4       0xb0 c:/maxim/toolchain/bin/../lib/gcc/arm-none-eabi/6.3.1/../../../../arm-none-eabi/lib/thumb/v7e-m/fpv4-sp/hard\libc.a(lib_a-wbuf.o)
                0x000065b4                __swbuf_r
 .text._write_r
                0x00006664       0x2c c:/maxim/toolchain/bin/../lib/gcc/arm-none-eabi/6.3.1/../../../../arm-none-eabi/lib/thumb/v7e-m/fpv4-sp/hard\libc.a(lib_a-writer.o)
                0x00006664                _write_r
 .text.__register_exitproc
                0x00006690       0xc4 c:/maxim/toolchain/bin/../lib/gcc/arm-none-eabi/6.3.1/../../../../arm-none-eabi/lib/thumb/v7e-m/fpv4-sp/hard\libc.a(lib_a-__atexit.o)
                0x00006690                __register_exitproc
 .text._calloc_r
                0x00006754       0x60 c:/maxim/toolchain/bin/../lib/gcc/arm-none-eabi/6.3.1/../../../../arm-none-eabi/lib/thumb/v7e-m/fpv4-sp/hard\libc.a(lib_a-callocr.o)
                0x00006754                _calloc_r
 .text._close_r
                0x000067b4       0x24 c:/maxim/toolchain/bin/../lib/gcc/arm-none-eabi/6.3.1/../../../../arm-none-eabi/lib/thumb/v7e-m/fpv4-sp/hard\libc.a(lib_a-closer.o)
                0x000067b4                _close_r
 .text._fclose_r
                0x000067d8       0xc4 c:/maxim/toolchain/bin/../lib/gcc/arm-none-eabi/6.3.1/../../../../arm-none-eabi/lib/thumb/v7e-m/fpv4-sp/hard\libc.a(lib_a-fclose.o)
                0x000067d8                _fclose_r
 .text.__fputwc
                0x0000689c       0xa0 c:/maxim/toolchain/bin/../lib/gcc/arm-none-eabi/6.3.1/../../../../arm-none-eabi/lib/thumb/v7e-m/fpv4-sp/hard\libc.a(lib_a-fputwc.o)
                0x0000689c                __fputwc
 .text._fputwc_r
                0x0000693c       0x68 c:/maxim/toolchain/bin/../lib/gcc/arm-none-eabi/6.3.1/../../../../arm-none-eabi/lib/thumb/v7e-m/fpv4-sp/hard\libc.a(lib_a-fputwc.o)
                0x0000693c                _fputwc_r
 .text._fstat_r
                0x000069a4       0x28 c:/maxim/toolchain/bin/../lib/gcc/arm-none-eabi/6.3.1/../../../../arm-none-eabi/lib/thumb/v7e-m/fpv4-sp/hard\libc.a(lib_a-fstatr.o)
                0x000069a4                _fstat_r
 .text._isatty_r
                0x000069cc       0x24 c:/maxim/toolchain/bin/../lib/gcc/arm-none-eabi/6.3.1/../../../../arm-none-eabi/lib/thumb/v7e-m/fpv4-sp/hard\libc.a(lib_a-isattyr.o)
                0x000069cc                _isatty_r
 .text.__locale_mb_cur_max
                0x000069f0       0x1c c:/maxim/toolchain/bin/../lib/gcc/arm-none-eabi/6.3.1/../../../../arm-none-eabi/lib/thumb/v7e-m/fpv4-sp/hard\libc.a(lib_a-locale.o)
                0x000069f0                __locale_mb_cur_max
 .text._lseek_r
                0x00006a0c       0x2c c:/maxim/toolchain/bin/../lib/gcc/arm-none-eabi/6.3.1/../../../../arm-none-eabi/lib/thumb/v7e-m/fpv4-sp/hard\libc.a(lib_a-lseekr.o)
                0x00006a0c                _lseek_r
 .text.__ascii_mbtowc
                0x00006a38       0x2c c:/maxim/toolchain/bin/../lib/gcc/arm-none-eabi/6.3.1/../../../../arm-none-eabi/lib/thumb/v7e-m/fpv4-sp/hard\libc.a(lib_a-mbtowc_r.o)
                0x00006a38                __ascii_mbtowc
 .text._read_r  0x00006a64       0x2c c:/maxim/toolchain/bin/../lib/gcc/arm-none-eabi/6.3.1/../../../../arm-none-eabi/lib/thumb/v7e-m/fpv4-sp/hard\libc.a(lib_a-readr.o)
                0x00006a64                _read_r
 .text._wcrtomb_r
                0x00006a90       0x54 c:/maxim/toolchain/bin/../lib/gcc/arm-none-eabi/6.3.1/../../../../arm-none-eabi/lib/thumb/v7e-m/fpv4-sp/hard\libc.a(lib_a-wcrtomb.o)
                0x00006a90                _wcrtomb_r
 .text.__ascii_wctomb
                0x00006ae4       0x1c c:/maxim/toolchain/bin/../lib/gcc/arm-none-eabi/6.3.1/../../../../arm-none-eabi/lib/thumb/v7e-m/fpv4-sp/hard\libc.a(lib_a-wctomb_r.o)
                0x00006ae4                __ascii_wctomb
 .text          0x00006b00      0x370 c:/maxim/toolchain/bin/../lib/gcc/arm-none-eabi/6.3.1/thumb/v7e-m/fpv4-sp/hard\libgcc.a(_arm_addsubdf3.o)
                0x00006b00                __aeabi_drsub
                0x00006b08                __aeabi_dsub
                0x00006b08                __subdf3
                0x00006b0c                __aeabi_dadd
                0x00006b0c                __adddf3
                0x00006d84                __floatunsidf
                0x00006d84                __aeabi_ui2d
                0x00006da4                __floatsidf
                0x00006da4                __aeabi_i2d
                0x00006dc8                __aeabi_f2d
                0x00006dc8                __extendsfdf2
                0x00006e04                __floatundidf
                0x00006e04                __aeabi_ul2d
                0x00006e14                __floatdidf
                0x00006e14                __aeabi_l2d
 .text          0x00006e70      0x424 c:/maxim/toolchain/bin/../lib/gcc/arm-none-eabi/6.3.1/thumb/v7e-m/fpv4-sp/hard\libgcc.a(_arm_muldivdf3.o)
                0x00006e70                __aeabi_dmul
                0x00006e70                __muldf3
                0x000070c4                __divdf3
                0x000070c4                __aeabi_ddiv
 .text          0x00007294      0x110 c:/maxim/toolchain/bin/../lib/gcc/arm-none-eabi/6.3.1/thumb/v7e-m/fpv4-sp/hard\libgcc.a(_arm_cmpdf2.o)
                0x00007294                __gtdf2
                0x00007294                __gedf2
                0x0000729c                __ltdf2
                0x0000729c                __ledf2
                0x000072a4                __nedf2
                0x000072a4                __eqdf2
                0x000072a4                __cmpdf2
                0x00007320                __aeabi_cdrcmple
                0x00007330                __aeabi_cdcmpeq
                0x00007330                __aeabi_cdcmple
                0x00007340                __aeabi_dcmpeq
                0x00007354                __aeabi_dcmplt
                0x00007368                __aeabi_dcmple
                0x0000737c                __aeabi_dcmpge
                0x00007390                __aeabi_dcmpgt
 .text          0x000073a4       0x2c c:/maxim/toolchain/bin/../lib/gcc/arm-none-eabi/6.3.1/thumb/v7e-m/fpv4-sp/hard\libgcc.a(_arm_unorddf2.o)
                0x000073a4                __unorddf2
                0x000073a4                __aeabi_dcmpun
 .text          0x000073d0       0x50 c:/maxim/toolchain/bin/../lib/gcc/arm-none-eabi/6.3.1/thumb/v7e-m/fpv4-sp/hard\libgcc.a(_arm_fixdfsi.o)
                0x000073d0                __aeabi_d2iz
                0x000073d0                __fixdfsi
 .text          0x00007420       0x30 c:/maxim/toolchain/bin/../lib/gcc/arm-none-eabi/6.3.1/thumb/v7e-m/fpv4-sp/hard\libgcc.a(_aeabi_uldivmod.o)
                0x00007420                __aeabi_uldivmod
 .text          0x00007450      0x2dc c:/maxim/toolchain/bin/../lib/gcc/arm-none-eabi/6.3.1/thumb/v7e-m/fpv4-sp/hard\libgcc.a(_udivmoddi4.o)
                0x00007450                __udivmoddi4
 .text          0x0000772c        0x4 c:/maxim/toolchain/bin/../lib/gcc/arm-none-eabi/6.3.1/thumb/v7e-m/fpv4-sp/hard\libgcc.a(_dvmd_tls.o)
                0x0000772c                __aeabi_idiv0
                0x0000772c                __aeabi_ldiv0
 *(.rodata*)
 .rodata.ContinuousTimer.str1.4
                0x00007730       0x42 c:/Users/spayr/Documents/eclipseworkspace/MAX32660/I2C_MXC_Accel/build/main.o
 *fill*         0x00007772        0x2 
 .rodata.I2C_BufferRead.str1.4
                0x00007774       0x2b c:/Users/spayr/Documents/eclipseworkspace/MAX32660/I2C_MXC_Accel/build/main.o
 *fill*         0x0000779f        0x1 
 .rodata.I2C_ByteRead.str1.4
                0x000077a0       0xa2 c:/Users/spayr/Documents/eclipseworkspace/MAX32660/I2C_MXC_Accel/build/main.o
 *fill*         0x00007842        0x2 
 .rodata.I2C_ByteWrite.str1.4
                0x00007844       0x77 c:/Users/spayr/Documents/eclipseworkspace/MAX32660/I2C_MXC_Accel/build/main.o
 *fill*         0x000078bb        0x1 
 .rodata.acc_convert.str1.4
                0x000078bc       0x79 c:/Users/spayr/Documents/eclipseworkspace/MAX32660/I2C_MXC_Accel/build/main.o
 *fill*         0x00007935        0x3 
 .rodata.decode_gravity.str1.4
                0x00007938       0x2d c:/Users/spayr/Documents/eclipseworkspace/MAX32660/I2C_MXC_Accel/build/main.o
 *fill*         0x00007965        0x3 
 .rodata.main.str1.4
                0x00007968       0x58 c:/Users/spayr/Documents/eclipseworkspace/MAX32660/I2C_MXC_Accel/build/main.o
 .rodata.measurement_loop.str1.4
                0x000079c0       0x58 c:/Users/spayr/Documents/eclipseworkspace/MAX32660/I2C_MXC_Accel/build/main.o
                                  0x2 (size before relaxing)
 .rodata.print_binary_buffer.str1.4
                0x000079c0       0x12 c:/Users/spayr/Documents/eclipseworkspace/MAX32660/I2C_MXC_Accel/build/main.o
 *fill*         0x000079d2        0x2 
 .rodata.print_buffer.str1.4
                0x000079d4        0x6 c:/Users/spayr/Documents/eclipseworkspace/MAX32660/I2C_MXC_Accel/build/main.o
 *fill*         0x000079da        0x2 
 .rodata.i2c_init.str1.4
                0x000079dc       0x34 c:/Users/spayr/Documents/eclipseworkspace/MAX32660/I2C_MXC_Accel/build/i2c_bus.o
 .rodata.Board_Init.str1.4
                0x00007a10       0x49 c:/Users/spayr/Documents/eclipseworkspace/MAX32660/I2C_MXC_Accel/build/board.o
 *fill*         0x00007a59        0x3 
 .rodata.console_uart_cfg
                0x00007a5c       0x10 c:/Users/spayr/Documents/eclipseworkspace/MAX32660/I2C_MXC_Accel/build/board.o
                0x00007a5c                console_uart_cfg
 .rodata.console_uart_sys_cfg
                0x00007a6c        0x2 c:/Users/spayr/Documents/eclipseworkspace/MAX32660/I2C_MXC_Accel/build/board.o
                0x00007a6c                console_uart_sys_cfg
 *fill*         0x00007a6e        0x2 
 .rodata.led_pin
                0x00007a70        0xc c:/Users/spayr/Documents/eclipseworkspace/MAX32660/I2C_MXC_Accel/build/board.o
                0x00007a70                led_pin
 .rodata.mxc_assert.str1.4
                0x00007a7c       0x19 c:/Users/spayr/Documents/eclipseworkspace/MAX32660/I2C_MXC_Accel/build/board.o
 *fill*         0x00007a95        0x3 
 .rodata.num_leds
                0x00007a98        0x4 c:/Users/spayr/Documents/eclipseworkspace/MAX32660/I2C_MXC_Accel/build/board.o
                0x00007a98                num_leds
 .rodata.num_pbs
                0x00007a9c        0x4 c:/Users/spayr/Documents/eclipseworkspace/MAX32660/I2C_MXC_Accel/build/board.o
                0x00007a9c                num_pbs
 .rodata.pb_pin
                0x00007aa0        0xc c:/Users/spayr/Documents/eclipseworkspace/MAX32660/I2C_MXC_Accel/build/board.o
                0x00007aa0                pb_pin
 .rodata.LED_On.str1.4
                0x00007aac       0x57 c:/Users/spayr/Documents/eclipseworkspace/MAX32660/I2C_MXC_Accel/build/led.o
 *fill*         0x00007b03        0x1 
 .rodata.GPIO_Handler.str1.4
                0x00007b04       0x2e c:/Users/spayr/Documents/eclipseworkspace/MAX32660/I2C_MXC_Accel/build/PeriphDriver/PeriphDriver.a(gpio.o)
 *fill*         0x00007b32        0x2 
 .rodata.I2C_Init.str1.4
                0x00007b34       0x39 c:/Users/spayr/Documents/eclipseworkspace/MAX32660/I2C_MXC_Accel/build/PeriphDriver/PeriphDriver.a(i2c.o)
 *fill*         0x00007b6d        0x3 
 .rodata.I2C_Shutdown.str1.4
                0x00007b70        0xd c:/Users/spayr/Documents/eclipseworkspace/MAX32660/I2C_MXC_Accel/build/PeriphDriver/PeriphDriver.a(i2c.o)
 *fill*         0x00007b7d        0x3 
 .rodata.gpio_cfg_i2c0
                0x00007b80        0xc c:/Users/spayr/Documents/eclipseworkspace/MAX32660/I2C_MXC_Accel/build/PeriphDriver/PeriphDriver.a(mxc_pins.o)
                0x00007b80                gpio_cfg_i2c0
 .rodata.gpio_cfg_i2c1
                0x00007b8c        0xc c:/Users/spayr/Documents/eclipseworkspace/MAX32660/I2C_MXC_Accel/build/PeriphDriver/PeriphDriver.a(mxc_pins.o)
                0x00007b8c                gpio_cfg_i2c1
 .rodata.gpio_cfg_tmr0
                0x00007b98        0xc c:/Users/spayr/Documents/eclipseworkspace/MAX32660/I2C_MXC_Accel/build/PeriphDriver/PeriphDriver.a(mxc_pins.o)
                0x00007b98                gpio_cfg_tmr0
 .rodata.gpio_cfg_uart0a
                0x00007ba4        0xc c:/Users/spayr/Documents/eclipseworkspace/MAX32660/I2C_MXC_Accel/build/PeriphDriver/PeriphDriver.a(mxc_pins.o)
                0x00007ba4                gpio_cfg_uart0a
 .rodata.gpio_cfg_uart0rtscts
                0x00007bb0        0xc c:/Users/spayr/Documents/eclipseworkspace/MAX32660/I2C_MXC_Accel/build/PeriphDriver/PeriphDriver.a(mxc_pins.o)
                0x00007bb0                gpio_cfg_uart0rtscts
 .rodata.gpio_cfg_uart1a
                0x00007bbc        0xc c:/Users/spayr/Documents/eclipseworkspace/MAX32660/I2C_MXC_Accel/build/PeriphDriver/PeriphDriver.a(mxc_pins.o)
                0x00007bbc                gpio_cfg_uart1a
 .rodata.gpio_cfg_uart1b
                0x00007bc8        0xc c:/Users/spayr/Documents/eclipseworkspace/MAX32660/I2C_MXC_Accel/build/PeriphDriver/PeriphDriver.a(mxc_pins.o)
                0x00007bc8                gpio_cfg_uart1b
 .rodata.gpio_cfg_uart1c
                0x00007bd4        0xc c:/Users/spayr/Documents/eclipseworkspace/MAX32660/I2C_MXC_Accel/build/PeriphDriver/PeriphDriver.a(mxc_pins.o)
                0x00007bd4                gpio_cfg_uart1c
 .rodata.gpio_cfg_uart1rtscts
                0x00007be0        0xc c:/Users/spayr/Documents/eclipseworkspace/MAX32660/I2C_MXC_Accel/build/PeriphDriver/PeriphDriver.a(mxc_pins.o)
                0x00007be0                gpio_cfg_uart1rtscts
 .rodata.TMR_Init.str1.4
                0x00007bec       0x14 c:/Users/spayr/Documents/eclipseworkspace/MAX32660/I2C_MXC_Accel/build/PeriphDriver/PeriphDriver.a(tmr.o)
 .rodata._global_impure_ptr
                0x00007c00        0x4 c:/maxim/toolchain/bin/../lib/gcc/arm-none-eabi/6.3.1/../../../../arm-none-eabi/lib/thumb/v7e-m/fpv4-sp/hard\libc.a(lib_a-impure.o)
                0x00007c00                _global_impure_ptr
 .rodata._puts_r.str1.4
                0x00007c04        0x2 c:/maxim/toolchain/bin/../lib/gcc/arm-none-eabi/6.3.1/../../../../arm-none-eabi/lib/thumb/v7e-m/fpv4-sp/hard\libc.a(lib_a-puts.o)
 .rodata._vfprintf_r.str1.4
                0x00007c04       0x3f c:/maxim/toolchain/bin/../lib/gcc/arm-none-eabi/6.3.1/../../../../arm-none-eabi/lib/thumb/v7e-m/fpv4-sp/hard\libc.a(lib_a-vfprintf.o)
                                 0x42 (size before relaxing)
 *fill*         0x00007c43        0x1 
 .rodata.blanks.8366
                0x00007c44       0x10 c:/maxim/toolchain/bin/../lib/gcc/arm-none-eabi/6.3.1/../../../../arm-none-eabi/lib/thumb/v7e-m/fpv4-sp/hard\libc.a(lib_a-vfprintf.o)
 .rodata.zeroes.8367
                0x00007c54       0x10 c:/maxim/toolchain/bin/../lib/gcc/arm-none-eabi/6.3.1/../../../../arm-none-eabi/lib/thumb/v7e-m/fpv4-sp/hard\libc.a(lib_a-vfprintf.o)
 .rodata._dtoa_r.str1.4
                0x00007c64       0x10 c:/maxim/toolchain/bin/../lib/gcc/arm-none-eabi/6.3.1/../../../../arm-none-eabi/lib/thumb/v7e-m/fpv4-sp/hard\libc.a(lib_a-dtoa.o)
                                 0x12 (size before relaxing)
 *fill*         0x00007c74        0x4 
 .rodata.__mprec_bigtens
                0x00007c78       0x28 c:/maxim/toolchain/bin/../lib/gcc/arm-none-eabi/6.3.1/../../../../arm-none-eabi/lib/thumb/v7e-m/fpv4-sp/hard\libc.a(lib_a-mprec.o)
                0x00007c78                __mprec_bigtens
 .rodata.__mprec_tens
                0x00007ca0       0xc8 c:/maxim/toolchain/bin/../lib/gcc/arm-none-eabi/6.3.1/../../../../arm-none-eabi/lib/thumb/v7e-m/fpv4-sp/hard\libc.a(lib_a-mprec.o)
                0x00007ca0                __mprec_tens
 .rodata.p05.7183
                0x00007d68        0xc c:/maxim/toolchain/bin/../lib/gcc/arm-none-eabi/6.3.1/../../../../arm-none-eabi/lib/thumb/v7e-m/fpv4-sp/hard\libc.a(lib_a-mprec.o)
 .rodata._setlocale_r.str1.4
                0x00007d74        0xa c:/maxim/toolchain/bin/../lib/gcc/arm-none-eabi/6.3.1/../../../../arm-none-eabi/lib/thumb/v7e-m/fpv4-sp/hard\libc.a(lib_a-locale.o)
                                  0xd (size before relaxing)
 *fill*         0x00007d7e        0x2 
 .rodata.str1.4
                0x00007d80        0x4 c:/maxim/toolchain/bin/../lib/gcc/arm-none-eabi/6.3.1/../../../../arm-none-eabi/lib/thumb/v7e-m/fpv4-sp/hard\libc.a(lib_a-locale.o)
                                  0x2 (size before relaxing)
 .rodata._ctype_
                0x00007d84      0x101 c:/maxim/toolchain/bin/../lib/gcc/arm-none-eabi/6.3.1/../../../../arm-none-eabi/lib/thumb/v7e-m/fpv4-sp/hard\libc.a(lib_a-ctype_.o)
                0x00007d84                _ctype_
 *(.init)
 *fill*         0x00007e85        0x3 
 .init          0x00007e88        0x4 c:/maxim/toolchain/bin/../lib/gcc/arm-none-eabi/6.3.1/thumb/v7e-m/fpv4-sp/hard/crti.o
                0x00007e88                _init
 .init          0x00007e8c        0x8 c:/maxim/toolchain/bin/../lib/gcc/arm-none-eabi/6.3.1/thumb/v7e-m/fpv4-sp/hard/crtn.o
 *(.fini)
 .fini          0x00007e94        0x4 c:/maxim/toolchain/bin/../lib/gcc/arm-none-eabi/6.3.1/thumb/v7e-m/fpv4-sp/hard/crti.o
                0x00007e94                _fini
 .fini          0x00007e98        0x8 c:/maxim/toolchain/bin/../lib/gcc/arm-none-eabi/6.3.1/thumb/v7e-m/fpv4-sp/hard/crtn.o
 *(.eh_frame*)
 .eh_frame      0x00007ea0        0x0 c:/maxim/toolchain/bin/../lib/gcc/arm-none-eabi/6.3.1/thumb/v7e-m/fpv4-sp/hard/crtbegin.o
 .eh_frame      0x00007ea0        0x4 c:/maxim/toolchain/bin/../lib/gcc/arm-none-eabi/6.3.1/thumb/v7e-m/fpv4-sp/hard/crtend.o
                0x00007ea4                _etext = .

.glue_7         0x00007ea4        0x0
 .glue_7        0x00007ea4        0x0 linker stubs

.glue_7t        0x00007ea4        0x0
 .glue_7t       0x00007ea4        0x0 linker stubs

.vfp11_veneer   0x00007ea4        0x0
 .vfp11_veneer  0x00007ea4        0x0 linker stubs

.v4_bx          0x00007ea4        0x0
 .v4_bx         0x00007ea4        0x0 linker stubs

.iplt           0x00007ea4        0x0
 .iplt          0x00007ea4        0x0 c:/maxim/toolchain/bin/../lib/gcc/arm-none-eabi/6.3.1/thumb/v7e-m/fpv4-sp/hard/crtbegin.o

.ARM.exidx      0x00007ea4        0x8
                0x00007ea4                __exidx_start = .
 *(.ARM.exidx*)
 .ARM.exidx     0x00007ea4        0x8 c:/maxim/toolchain/bin/../lib/gcc/arm-none-eabi/6.3.1/thumb/v7e-m/fpv4-sp/hard\libgcc.a(_udivmoddi4.o)
                0x00007eac                __exidx_end = .

.rel.dyn        0x00007eac        0x0
 .rel.iplt      0x00007eac        0x0 c:/maxim/toolchain/bin/../lib/gcc/arm-none-eabi/6.3.1/thumb/v7e-m/fpv4-sp/hard/crtbegin.o

.data           0x20000000      0x9c4 load address 0x00007eac
                0x20000000                _data = ALIGN (., 0x4)
 *(.data*)
 .data.ConsoleUART
                0x20000000        0x4 c:/Users/spayr/Documents/eclipseworkspace/MAX32660/I2C_MXC_Accel/build/board.o
                0x20000000                ConsoleUART
 .data.SystemCoreClock
                0x20000004        0x4 c:/Users/spayr/Documents/eclipseworkspace/MAX32660/I2C_MXC_Accel/build/system_max32660.o
                0x20000004                SystemCoreClock
 .data._impure_ptr
                0x20000008        0x4 c:/maxim/toolchain/bin/../lib/gcc/arm-none-eabi/6.3.1/../../../../arm-none-eabi/lib/thumb/v7e-m/fpv4-sp/hard\libc.a(lib_a-impure.o)
                0x20000008                _impure_ptr
 *fill*         0x2000000c        0x4 
 .data.impure_data
                0x20000010      0x428 c:/maxim/toolchain/bin/../lib/gcc/arm-none-eabi/6.3.1/../../../../arm-none-eabi/lib/thumb/v7e-m/fpv4-sp/hard\libc.a(lib_a-impure.o)
 .data.__atexit_recursive_mutex
                0x20000438        0x4 c:/maxim/toolchain/bin/../lib/gcc/arm-none-eabi/6.3.1/../../../../arm-none-eabi/lib/thumb/v7e-m/fpv4-sp/hard\libc.a(lib_a-__call_atexit.o)
                0x20000438                __atexit_recursive_mutex
 .data.__malloc_av_
                0x2000043c      0x408 c:/maxim/toolchain/bin/../lib/gcc/arm-none-eabi/6.3.1/../../../../arm-none-eabi/lib/thumb/v7e-m/fpv4-sp/hard\libc.a(lib_a-mallocr.o)
                0x2000043c                __malloc_av_
 .data.__malloc_sbrk_base
                0x20000844        0x4 c:/maxim/toolchain/bin/../lib/gcc/arm-none-eabi/6.3.1/../../../../arm-none-eabi/lib/thumb/v7e-m/fpv4-sp/hard\libc.a(lib_a-mallocr.o)
                0x20000844                __malloc_sbrk_base
 .data.__malloc_trim_threshold
                0x20000848        0x4 c:/maxim/toolchain/bin/../lib/gcc/arm-none-eabi/6.3.1/../../../../arm-none-eabi/lib/thumb/v7e-m/fpv4-sp/hard\libc.a(lib_a-mallocr.o)
                0x20000848                __malloc_trim_threshold
 .data.__global_locale
                0x2000084c      0x16c c:/maxim/toolchain/bin/../lib/gcc/arm-none-eabi/6.3.1/../../../../arm-none-eabi/lib/thumb/v7e-m/fpv4-sp/hard\libc.a(lib_a-locale.o)
                0x2000084c                __global_locale
 *(.spix_config*)
                0x200009b8                . = ALIGN (0x4)
                0x200009b8                PROVIDE (__preinit_array_start, .)
 *(.preinit_array)
                0x200009b8                PROVIDE (__preinit_array_end, .)
                0x200009b8                . = ALIGN (0x4)
                0x200009b8                PROVIDE (__init_array_start, .)
 *(SORT(.init_array.*))
 .init_array.00000
                0x200009b8        0x4 c:/maxim/toolchain/bin/../lib/gcc/arm-none-eabi/6.3.1/../../../../arm-none-eabi/lib/thumb/v7e-m/fpv4-sp/hard\libc.a(lib_a-__call_atexit.o)
 *(.init_array)
 .init_array    0x200009bc        0x4 c:/maxim/toolchain/bin/../lib/gcc/arm-none-eabi/6.3.1/thumb/v7e-m/fpv4-sp/hard/crtbegin.o
                0x200009c0                PROVIDE (__init_array_end, .)
                0x200009c0                . = ALIGN (0x4)
                0x200009c0                PROVIDE (__fini_array_start, .)
 *(SORT(.fini_array.*))
 *(.fini_array)
 .fini_array    0x200009c0        0x4 c:/maxim/toolchain/bin/../lib/gcc/arm-none-eabi/6.3.1/thumb/v7e-m/fpv4-sp/hard/crtbegin.o
                0x200009c4                PROVIDE (__fini_array_end, .)
                0x200009c4                _edata = ALIGN (., 0x4)
                0x00007eac                __load_data = LOADADDR (.data)

.jcr            0x200009c4        0x0 load address 0x00008870
 .jcr           0x200009c4        0x0 c:/maxim/toolchain/bin/../lib/gcc/arm-none-eabi/6.3.1/thumb/v7e-m/fpv4-sp/hard/crtbegin.o

.igot.plt       0x200009c4        0x0 load address 0x00008870
 .igot.plt      0x200009c4        0x0 c:/maxim/toolchain/bin/../lib/gcc/arm-none-eabi/6.3.1/thumb/v7e-m/fpv4-sp/hard/crtbegin.o

.bss            0x20000a00      0x4cc load address 0x00008870
                0x20000a00                . = ALIGN (0x4)
                0x20000a00                _bss = .
 *(.bss*)
 .bss           0x20000a00       0x1c c:/maxim/toolchain/bin/../lib/gcc/arm-none-eabi/6.3.1/thumb/v7e-m/fpv4-sp/hard/crtbegin.o
 .bss.ACC_register0
                0x20000a1c        0x1 c:/Users/spayr/Documents/eclipseworkspace/MAX32660/I2C_MXC_Accel/build/main.o
                0x20000a1c                ACC_register0
 .bss.timeOut   0x20000a1d        0x1 c:/Users/spayr/Documents/eclipseworkspace/MAX32660/I2C_MXC_Accel/build/main.o
                0x20000a1d                timeOut
 *fill*         0x20000a1e        0x2 
 .bss.heap_end  0x20000a20        0x4 c:/Users/spayr/Documents/eclipseworkspace/MAX32660/I2C_MXC_Accel/build/heap.o
 *fill*         0x20000a24      0x1dc 
 .bss.ramVectorTable
                0x20000c00      0x11c c:/Users/spayr/Documents/eclipseworkspace/MAX32660/I2C_MXC_Accel/build/PeriphDriver/PeriphDriver.a(nvic_table.o)
 .bss.rx_states
                0x20000d1c        0x8 c:/Users/spayr/Documents/eclipseworkspace/MAX32660/I2C_MXC_Accel/build/PeriphDriver/PeriphDriver.a(uart.o)
 .bss.tx_states
                0x20000d24        0x8 c:/Users/spayr/Documents/eclipseworkspace/MAX32660/I2C_MXC_Accel/build/PeriphDriver/PeriphDriver.a(uart.o)
 .bss.callback  0x20000d2c       0x38 c:/Users/spayr/Documents/eclipseworkspace/MAX32660/I2C_MXC_Accel/build/PeriphDriver/PeriphDriver.a(gpio.o)
 .bss.cbparam   0x20000d64       0x38 c:/Users/spayr/Documents/eclipseworkspace/MAX32660/I2C_MXC_Accel/build/PeriphDriver/PeriphDriver.a(gpio.o)
 .bss.states    0x20000d9c       0x10 c:/Users/spayr/Documents/eclipseworkspace/MAX32660/I2C_MXC_Accel/build/PeriphDriver/PeriphDriver.a(i2c.o)
 *fill*         0x20000dac        0x4 
 .bss.compare_value
                0x20000db0        0x8 c:/Users/spayr/Documents/eclipseworkspace/MAX32660/I2C_MXC_Accel/build/PeriphDriver/PeriphDriver.a(mxc_delay.o)
 .bss.ctrl_save
                0x20000db8        0x4 c:/Users/spayr/Documents/eclipseworkspace/MAX32660/I2C_MXC_Accel/build/PeriphDriver/PeriphDriver.a(mxc_delay.o)
 *fill*         0x20000dbc        0x4 
 .bss.curr_value
                0x20000dc0        0x8 c:/Users/spayr/Documents/eclipseworkspace/MAX32660/I2C_MXC_Accel/build/PeriphDriver/PeriphDriver.a(mxc_delay.o)
 .bss.reload    0x20000dc8        0x4 c:/Users/spayr/Documents/eclipseworkspace/MAX32660/I2C_MXC_Accel/build/PeriphDriver/PeriphDriver.a(mxc_delay.o)
 .bss.__malloc_current_mallinfo
                0x20000dcc       0x28 c:/maxim/toolchain/bin/../lib/gcc/arm-none-eabi/6.3.1/../../../../arm-none-eabi/lib/thumb/v7e-m/fpv4-sp/hard\libc.a(lib_a-mallocr.o)
                0x20000dcc                __malloc_current_mallinfo
 .bss.__malloc_max_sbrked_mem
                0x20000df4        0x4 c:/maxim/toolchain/bin/../lib/gcc/arm-none-eabi/6.3.1/../../../../arm-none-eabi/lib/thumb/v7e-m/fpv4-sp/hard\libc.a(lib_a-mallocr.o)
                0x20000df4                __malloc_max_sbrked_mem
 .bss.__malloc_max_total_mem
                0x20000df8        0x4 c:/maxim/toolchain/bin/../lib/gcc/arm-none-eabi/6.3.1/../../../../arm-none-eabi/lib/thumb/v7e-m/fpv4-sp/hard\libc.a(lib_a-mallocr.o)
                0x20000df8                __malloc_max_total_mem
 .bss.__malloc_top_pad
                0x20000dfc        0x4 c:/maxim/toolchain/bin/../lib/gcc/arm-none-eabi/6.3.1/../../../../arm-none-eabi/lib/thumb/v7e-m/fpv4-sp/hard\libc.a(lib_a-mallocr.o)
                0x20000dfc                __malloc_top_pad
 *(COMMON)
 COMMON         0x20000e00       0x9d c:/Users/spayr/Documents/eclipseworkspace/MAX32660/I2C_MXC_Accel/build/main.o
                0x20000e00                rxbuf
                0x20000e20                accBuffer
                0x20000e24                i2c_cfg
                0x20000e34                i2c_flag
                0x20000e38                readBuffer
                0x20000e48                i2c_req
                0x20000e74                timer_flag
                0x20000e78                lm75a_cfg
                0x20000e7c                txbuf
                0x20000e9c                readByte
 *fill*         0x20000e9d        0x3 
 COMMON         0x20000ea0        0x4 c:/Users/spayr/Documents/eclipseworkspace/MAX32660/I2C_MXC_Accel/build/i2c_bus.o
                0x20000ea0                errorno
 COMMON         0x20000ea4       0x21 c:/maxim/toolchain/bin/../lib/gcc/arm-none-eabi/6.3.1/../../../../arm-none-eabi/lib/thumb/v7e-m/fpv4-sp/hard\libc.a(lib_a-lock.o)
                0x20000ea4                __lock___atexit_recursive_mutex
                0x20000ea8                __lock___arc4random_mutex
                0x20000eac                __lock___env_recursive_mutex
                0x20000eb0                __lock___sinit_recursive_mutex
                0x20000eb4                __lock___malloc_recursive_mutex
                0x20000eb8                __lock___at_quick_exit_mutex
                0x20000ebc                __lock___dd_hash_mutex
                0x20000ec0                __lock___tz_mutex
                0x20000ec4                __lock___sfp_recursive_mutex
 *fill*         0x20000ec5        0x3 
 COMMON         0x20000ec8        0x4 c:/maxim/toolchain/bin/../lib/gcc/arm-none-eabi/6.3.1/../../../../arm-none-eabi/lib/thumb/v7e-m/fpv4-sp/hard\libc.a(lib_a-reent.o)
                0x20000ec8                errno
                0x20000ecc                _ebss = ALIGN (., 0x4)
                0x20018000                __StackTop = (ORIGIN (SRAM) + LENGTH (SRAM))
                0x20017000                __StackLimit = (__StackTop - SIZEOF (.stack_dummy))

.stack_dummy    0x20000ed0     0x1000 load address 0x00008870
 *(.stack*)
 .stack         0x20000ed0     0x1000 c:/Users/spayr/Documents/eclipseworkspace/MAX32660/I2C_MXC_Accel/build/startup_max32660.o

.heap           0x20000ed0      0xc00 load address 0x00008870
                0x20000ed0                . = ALIGN (0x4)
 *(.heap*)
 .heap          0x20000ed0      0xc00 c:/Users/spayr/Documents/eclipseworkspace/MAX32660/I2C_MXC_Accel/build/startup_max32660.o
                0x20000ed0                __HeapBase
                0x20017000                __HeapLimit = ABSOLUTE (__StackLimit)
                0x20018000                PROVIDE (__stack, __StackTop)
                0x00000001                ASSERT ((__StackLimit >= _ebss), region RAM overflowed with stack)
OUTPUT(c:/Users/spayr/Documents/eclipseworkspace/MAX32660/I2C_MXC_Accel/build/I2C_MXC_Accel.elf elf32-littlearm)

.ARM.attributes
                0x00000000       0x30
 .ARM.attributes
                0x00000000       0x22 c:/maxim/toolchain/bin/../lib/gcc/arm-none-eabi/6.3.1/thumb/v7e-m/fpv4-sp/hard/crti.o
 .ARM.attributes
                0x00000022       0x34 c:/maxim/toolchain/bin/../lib/gcc/arm-none-eabi/6.3.1/thumb/v7e-m/fpv4-sp/hard/crtbegin.o
 .ARM.attributes
                0x00000056       0x39 c:/Users/spayr/Documents/eclipseworkspace/MAX32660/I2C_MXC_Accel/build/main.o
 .ARM.attributes
                0x0000008f       0x39 c:/Users/spayr/Documents/eclipseworkspace/MAX32660/I2C_MXC_Accel/build/i2c_bus.o
 .ARM.attributes
                0x000000c8       0x39 c:/Users/spayr/Documents/eclipseworkspace/MAX32660/I2C_MXC_Accel/build/board.o
 .ARM.attributes
                0x00000101       0x39 c:/Users/spayr/Documents/eclipseworkspace/MAX32660/I2C_MXC_Accel/build/stdio.o
 .ARM.attributes
                0x0000013a       0x39 c:/Users/spayr/Documents/eclipseworkspace/MAX32660/I2C_MXC_Accel/build/led.o
 .ARM.attributes
                0x00000173       0x39 c:/Users/spayr/Documents/eclipseworkspace/MAX32660/I2C_MXC_Accel/build/pb.o
 .ARM.attributes
                0x000001ac       0x1b c:/Users/spayr/Documents/eclipseworkspace/MAX32660/I2C_MXC_Accel/build/startup_max32660.o
 .ARM.attributes
                0x000001c7       0x39 c:/Users/spayr/Documents/eclipseworkspace/MAX32660/I2C_MXC_Accel/build/heap.o
 .ARM.attributes
                0x00000200       0x39 c:/Users/spayr/Documents/eclipseworkspace/MAX32660/I2C_MXC_Accel/build/system_max32660.o
 .ARM.attributes
                0x00000239       0x39 c:/Users/spayr/Documents/eclipseworkspace/MAX32660/I2C_MXC_Accel/build/PeriphDriver/PeriphDriver.a(nvic_table.o)
 .ARM.attributes
                0x00000272       0x39 c:/Users/spayr/Documents/eclipseworkspace/MAX32660/I2C_MXC_Accel/build/PeriphDriver/PeriphDriver.a(uart.o)
 .ARM.attributes
                0x000002ab       0x39 c:/Users/spayr/Documents/eclipseworkspace/MAX32660/I2C_MXC_Accel/build/PeriphDriver/PeriphDriver.a(gpio.o)
 .ARM.attributes
                0x000002e4       0x39 c:/Users/spayr/Documents/eclipseworkspace/MAX32660/I2C_MXC_Accel/build/PeriphDriver/PeriphDriver.a(i2c.o)
 .ARM.attributes
                0x0000031d       0x39 c:/Users/spayr/Documents/eclipseworkspace/MAX32660/I2C_MXC_Accel/build/PeriphDriver/PeriphDriver.a(mxc_delay.o)
 .ARM.attributes
                0x00000356       0x39 c:/Users/spayr/Documents/eclipseworkspace/MAX32660/I2C_MXC_Accel/build/PeriphDriver/PeriphDriver.a(mxc_lock.o)
 .ARM.attributes
                0x0000038f       0x39 c:/Users/spayr/Documents/eclipseworkspace/MAX32660/I2C_MXC_Accel/build/PeriphDriver/PeriphDriver.a(mxc_sys.o)
 .ARM.attributes
                0x000003c8       0x39 c:/Users/spayr/Documents/eclipseworkspace/MAX32660/I2C_MXC_Accel/build/PeriphDriver/PeriphDriver.a(mxc_pins.o)
 .ARM.attributes
                0x00000401       0x39 c:/Users/spayr/Documents/eclipseworkspace/MAX32660/I2C_MXC_Accel/build/PeriphDriver/PeriphDriver.a(tmr.o)
 .ARM.attributes
                0x0000043a       0x34 c:/maxim/toolchain/bin/../lib/gcc/arm-none-eabi/6.3.1/../../../../arm-none-eabi/lib/thumb/v7e-m/fpv4-sp/hard\libc.a(lib_a-errno.o)
 .ARM.attributes
                0x0000046e       0x34 c:/maxim/toolchain/bin/../lib/gcc/arm-none-eabi/6.3.1/../../../../arm-none-eabi/lib/thumb/v7e-m/fpv4-sp/hard\libc.a(lib_a-impure.o)
 .ARM.attributes
                0x000004a2       0x34 c:/maxim/toolchain/bin/../lib/gcc/arm-none-eabi/6.3.1/../../../../arm-none-eabi/lib/thumb/v7e-m/fpv4-sp/hard\libc.a(lib_a-init.o)
 .ARM.attributes
                0x000004d6       0x20 c:/maxim/toolchain/bin/../lib/gcc/arm-none-eabi/6.3.1/../../../../arm-none-eabi/lib/thumb/v7e-m/fpv4-sp/hard\libc.a(lib_a-memcpy.o)
 .ARM.attributes
                0x000004f6       0x34 c:/maxim/toolchain/bin/../lib/gcc/arm-none-eabi/6.3.1/../../../../arm-none-eabi/lib/thumb/v7e-m/fpv4-sp/hard\libc.a(lib_a-memset.o)
 .ARM.attributes
                0x0000052a       0x34 c:/maxim/toolchain/bin/../lib/gcc/arm-none-eabi/6.3.1/../../../../arm-none-eabi/lib/thumb/v7e-m/fpv4-sp/hard\libc.a(lib_a-printf.o)
 .ARM.attributes
                0x0000055e       0x34 c:/maxim/toolchain/bin/../lib/gcc/arm-none-eabi/6.3.1/../../../../arm-none-eabi/lib/thumb/v7e-m/fpv4-sp/hard\libc.a(lib_a-putchar.o)
 .ARM.attributes
                0x00000592       0x34 c:/maxim/toolchain/bin/../lib/gcc/arm-none-eabi/6.3.1/../../../../arm-none-eabi/lib/thumb/v7e-m/fpv4-sp/hard\libc.a(lib_a-puts.o)
 .ARM.attributes
                0x000005c6       0x20 c:/maxim/toolchain/bin/../lib/gcc/arm-none-eabi/6.3.1/../../../../arm-none-eabi/lib/thumb/v7e-m/fpv4-sp/hard\libc.a(lib_a-strlen.o)
 .ARM.attributes
                0x000005e6       0x34 c:/maxim/toolchain/bin/../lib/gcc/arm-none-eabi/6.3.1/../../../../arm-none-eabi/lib/thumb/v7e-m/fpv4-sp/hard\libc.a(lib_a-vfprintf.o)
 .ARM.attributes
                0x0000061a       0x34 c:/maxim/toolchain/bin/../lib/gcc/arm-none-eabi/6.3.1/../../../../arm-none-eabi/lib/thumb/v7e-m/fpv4-sp/hard\libc.a(lib_a-wsetup.o)
 .ARM.attributes
                0x0000064e       0x34 c:/maxim/toolchain/bin/../lib/gcc/arm-none-eabi/6.3.1/../../../../arm-none-eabi/lib/thumb/v7e-m/fpv4-sp/hard\libc.a(lib_a-__call_atexit.o)
 .ARM.attributes
                0x00000682       0x34 c:/maxim/toolchain/bin/../lib/gcc/arm-none-eabi/6.3.1/../../../../arm-none-eabi/lib/thumb/v7e-m/fpv4-sp/hard\libc.a(lib_a-atexit.o)
 .ARM.attributes
                0x000006b6       0x34 c:/maxim/toolchain/bin/../lib/gcc/arm-none-eabi/6.3.1/../../../../arm-none-eabi/lib/thumb/v7e-m/fpv4-sp/hard\libc.a(lib_a-dtoa.o)
 .ARM.attributes
                0x000006ea       0x34 c:/maxim/toolchain/bin/../lib/gcc/arm-none-eabi/6.3.1/../../../../arm-none-eabi/lib/thumb/v7e-m/fpv4-sp/hard\libc.a(lib_a-fflush.o)
 .ARM.attributes
                0x0000071e       0x34 c:/maxim/toolchain/bin/../lib/gcc/arm-none-eabi/6.3.1/../../../../arm-none-eabi/lib/thumb/v7e-m/fpv4-sp/hard\libc.a(lib_a-findfp.o)
 .ARM.attributes
                0x00000752       0x34 c:/maxim/toolchain/bin/../lib/gcc/arm-none-eabi/6.3.1/../../../../arm-none-eabi/lib/thumb/v7e-m/fpv4-sp/hard\libc.a(lib_a-fini.o)
 .ARM.attributes
                0x00000786       0x34 c:/maxim/toolchain/bin/../lib/gcc/arm-none-eabi/6.3.1/../../../../arm-none-eabi/lib/thumb/v7e-m/fpv4-sp/hard\libc.a(lib_a-freer.o)
 .ARM.attributes
                0x000007ba       0x34 c:/maxim/toolchain/bin/../lib/gcc/arm-none-eabi/6.3.1/../../../../arm-none-eabi/lib/thumb/v7e-m/fpv4-sp/hard\libc.a(lib_a-fvwrite.o)
 .ARM.attributes
                0x000007ee       0x34 c:/maxim/toolchain/bin/../lib/gcc/arm-none-eabi/6.3.1/../../../../arm-none-eabi/lib/thumb/v7e-m/fpv4-sp/hard\libc.a(lib_a-fwalk.o)
 .ARM.attributes
                0x00000822       0x34 c:/maxim/toolchain/bin/../lib/gcc/arm-none-eabi/6.3.1/../../../../arm-none-eabi/lib/thumb/v7e-m/fpv4-sp/hard\libc.a(lib_a-localeconv.o)
 .ARM.attributes
                0x00000856       0x34 c:/maxim/toolchain/bin/../lib/gcc/arm-none-eabi/6.3.1/../../../../arm-none-eabi/lib/thumb/v7e-m/fpv4-sp/hard\libc.a(lib_a-lock.o)
 .ARM.attributes
                0x0000088a       0x34 c:/maxim/toolchain/bin/../lib/gcc/arm-none-eabi/6.3.1/../../../../arm-none-eabi/lib/thumb/v7e-m/fpv4-sp/hard\libc.a(lib_a-makebuf.o)
 .ARM.attributes
                0x000008be       0x34 c:/maxim/toolchain/bin/../lib/gcc/arm-none-eabi/6.3.1/../../../../arm-none-eabi/lib/thumb/v7e-m/fpv4-sp/hard\libc.a(lib_a-mallocr.o)
 .ARM.attributes
                0x000008f2       0x20 c:/maxim/toolchain/bin/../lib/gcc/arm-none-eabi/6.3.1/../../../../arm-none-eabi/lib/thumb/v7e-m/fpv4-sp/hard\libc.a(lib_a-memchr.o)
 .ARM.attributes
                0x00000912       0x34 c:/maxim/toolchain/bin/../lib/gcc/arm-none-eabi/6.3.1/../../../../arm-none-eabi/lib/thumb/v7e-m/fpv4-sp/hard\libc.a(lib_a-memmove.o)
 .ARM.attributes
                0x00000946       0x34 c:/maxim/toolchain/bin/../lib/gcc/arm-none-eabi/6.3.1/../../../../arm-none-eabi/lib/thumb/v7e-m/fpv4-sp/hard\libc.a(lib_a-mlock.o)
 .ARM.attributes
                0x0000097a       0x34 c:/maxim/toolchain/bin/../lib/gcc/arm-none-eabi/6.3.1/../../../../arm-none-eabi/lib/thumb/v7e-m/fpv4-sp/hard\libc.a(lib_a-mprec.o)
 .ARM.attributes
                0x000009ae       0x34 c:/maxim/toolchain/bin/../lib/gcc/arm-none-eabi/6.3.1/../../../../arm-none-eabi/lib/thumb/v7e-m/fpv4-sp/hard\libc.a(lib_a-putc.o)
 .ARM.attributes
                0x000009e2       0x34 c:/maxim/toolchain/bin/../lib/gcc/arm-none-eabi/6.3.1/../../../../arm-none-eabi/lib/thumb/v7e-m/fpv4-sp/hard\libc.a(lib_a-reallocr.o)
 .ARM.attributes
                0x00000a16       0x34 c:/maxim/toolchain/bin/../lib/gcc/arm-none-eabi/6.3.1/../../../../arm-none-eabi/lib/thumb/v7e-m/fpv4-sp/hard\libc.a(lib_a-sbrkr.o)
 .ARM.attributes
                0x00000a4a       0x34 c:/maxim/toolchain/bin/../lib/gcc/arm-none-eabi/6.3.1/../../../../arm-none-eabi/lib/thumb/v7e-m/fpv4-sp/hard\libc.a(lib_a-stdio.o)
 .ARM.attributes
                0x00000a7e       0x34 c:/maxim/toolchain/bin/../lib/gcc/arm-none-eabi/6.3.1/../../../../arm-none-eabi/lib/thumb/v7e-m/fpv4-sp/hard\libc.a(lib_a-vfiprintf.o)
 .ARM.attributes
                0x00000ab2       0x34 c:/maxim/toolchain/bin/../lib/gcc/arm-none-eabi/6.3.1/../../../../arm-none-eabi/lib/thumb/v7e-m/fpv4-sp/hard\libc.a(lib_a-wbuf.o)
 .ARM.attributes
                0x00000ae6       0x34 c:/maxim/toolchain/bin/../lib/gcc/arm-none-eabi/6.3.1/../../../../arm-none-eabi/lib/thumb/v7e-m/fpv4-sp/hard\libc.a(lib_a-writer.o)
 .ARM.attributes
                0x00000b1a       0x34 c:/maxim/toolchain/bin/../lib/gcc/arm-none-eabi/6.3.1/../../../../arm-none-eabi/lib/thumb/v7e-m/fpv4-sp/hard\libc.a(lib_a-__atexit.o)
 .ARM.attributes
                0x00000b4e       0x34 c:/maxim/toolchain/bin/../lib/gcc/arm-none-eabi/6.3.1/../../../../arm-none-eabi/lib/thumb/v7e-m/fpv4-sp/hard\libc.a(lib_a-callocr.o)
 .ARM.attributes
                0x00000b82       0x34 c:/maxim/toolchain/bin/../lib/gcc/arm-none-eabi/6.3.1/../../../../arm-none-eabi/lib/thumb/v7e-m/fpv4-sp/hard\libc.a(lib_a-closer.o)
 .ARM.attributes
                0x00000bb6       0x34 c:/maxim/toolchain/bin/../lib/gcc/arm-none-eabi/6.3.1/../../../../arm-none-eabi/lib/thumb/v7e-m/fpv4-sp/hard\libc.a(lib_a-fclose.o)
 .ARM.attributes
                0x00000bea       0x34 c:/maxim/toolchain/bin/../lib/gcc/arm-none-eabi/6.3.1/../../../../arm-none-eabi/lib/thumb/v7e-m/fpv4-sp/hard\libc.a(lib_a-fputwc.o)
 .ARM.attributes
                0x00000c1e       0x34 c:/maxim/toolchain/bin/../lib/gcc/arm-none-eabi/6.3.1/../../../../arm-none-eabi/lib/thumb/v7e-m/fpv4-sp/hard\libc.a(lib_a-fstatr.o)
 .ARM.attributes
                0x00000c52       0x34 c:/maxim/toolchain/bin/../lib/gcc/arm-none-eabi/6.3.1/../../../../arm-none-eabi/lib/thumb/v7e-m/fpv4-sp/hard\libc.a(lib_a-isattyr.o)
 .ARM.attributes
                0x00000c86       0x34 c:/maxim/toolchain/bin/../lib/gcc/arm-none-eabi/6.3.1/../../../../arm-none-eabi/lib/thumb/v7e-m/fpv4-sp/hard\libc.a(lib_a-locale.o)
 .ARM.attributes
                0x00000cba       0x34 c:/maxim/toolchain/bin/../lib/gcc/arm-none-eabi/6.3.1/../../../../arm-none-eabi/lib/thumb/v7e-m/fpv4-sp/hard\libc.a(lib_a-lseekr.o)
 .ARM.attributes
                0x00000cee       0x34 c:/maxim/toolchain/bin/../lib/gcc/arm-none-eabi/6.3.1/../../../../arm-none-eabi/lib/thumb/v7e-m/fpv4-sp/hard\libc.a(lib_a-mbtowc_r.o)
 .ARM.attributes
                0x00000d22       0x34 c:/maxim/toolchain/bin/../lib/gcc/arm-none-eabi/6.3.1/../../../../arm-none-eabi/lib/thumb/v7e-m/fpv4-sp/hard\libc.a(lib_a-readr.o)
 .ARM.attributes
                0x00000d56       0x34 c:/maxim/toolchain/bin/../lib/gcc/arm-none-eabi/6.3.1/../../../../arm-none-eabi/lib/thumb/v7e-m/fpv4-sp/hard\libc.a(lib_a-reent.o)
 .ARM.attributes
                0x00000d8a       0x34 c:/maxim/toolchain/bin/../lib/gcc/arm-none-eabi/6.3.1/../../../../arm-none-eabi/lib/thumb/v7e-m/fpv4-sp/hard\libc.a(lib_a-wcrtomb.o)
 .ARM.attributes
                0x00000dbe       0x34 c:/maxim/toolchain/bin/../lib/gcc/arm-none-eabi/6.3.1/../../../../arm-none-eabi/lib/thumb/v7e-m/fpv4-sp/hard\libc.a(lib_a-wctomb_r.o)
 .ARM.attributes
                0x00000df2       0x34 c:/maxim/toolchain/bin/../lib/gcc/arm-none-eabi/6.3.1/../../../../arm-none-eabi/lib/thumb/v7e-m/fpv4-sp/hard\libc.a(lib_a-ctype_.o)
 .ARM.attributes
                0x00000e26       0x22 c:/maxim/toolchain/bin/../lib/gcc/arm-none-eabi/6.3.1/thumb/v7e-m/fpv4-sp/hard\libgcc.a(_arm_addsubdf3.o)
 .ARM.attributes
                0x00000e48       0x22 c:/maxim/toolchain/bin/../lib/gcc/arm-none-eabi/6.3.1/thumb/v7e-m/fpv4-sp/hard\libgcc.a(_arm_muldivdf3.o)
 .ARM.attributes
                0x00000e6a       0x22 c:/maxim/toolchain/bin/../lib/gcc/arm-none-eabi/6.3.1/thumb/v7e-m/fpv4-sp/hard\libgcc.a(_arm_cmpdf2.o)
 .ARM.attributes
                0x00000e8c       0x22 c:/maxim/toolchain/bin/../lib/gcc/arm-none-eabi/6.3.1/thumb/v7e-m/fpv4-sp/hard\libgcc.a(_arm_unorddf2.o)
 .ARM.attributes
                0x00000eae       0x22 c:/maxim/toolchain/bin/../lib/gcc/arm-none-eabi/6.3.1/thumb/v7e-m/fpv4-sp/hard\libgcc.a(_arm_fixdfsi.o)
 .ARM.attributes
                0x00000ed0       0x22 c:/maxim/toolchain/bin/../lib/gcc/arm-none-eabi/6.3.1/thumb/v7e-m/fpv4-sp/hard\libgcc.a(_aeabi_uldivmod.o)
 .ARM.attributes
                0x00000ef2       0x34 c:/maxim/toolchain/bin/../lib/gcc/arm-none-eabi/6.3.1/thumb/v7e-m/fpv4-sp/hard\libgcc.a(_udivmoddi4.o)
 .ARM.attributes
                0x00000f26       0x22 c:/maxim/toolchain/bin/../lib/gcc/arm-none-eabi/6.3.1/thumb/v7e-m/fpv4-sp/hard\libgcc.a(_dvmd_tls.o)
 .ARM.attributes
                0x00000f48       0x34 c:/maxim/toolchain/bin/../lib/gcc/arm-none-eabi/6.3.1/thumb/v7e-m/fpv4-sp/hard/crtend.o
 .ARM.attributes
                0x00000f7c       0x22 c:/maxim/toolchain/bin/../lib/gcc/arm-none-eabi/6.3.1/thumb/v7e-m/fpv4-sp/hard/crtn.o

.comment        0x00000000       0x7f
 .comment       0x00000000       0x7f c:/Users/spayr/Documents/eclipseworkspace/MAX32660/I2C_MXC_Accel/build/main.o
                                 0x80 (size before relaxing)
 .comment       0x0000007f       0x80 c:/Users/spayr/Documents/eclipseworkspace/MAX32660/I2C_MXC_Accel/build/i2c_bus.o
 .comment       0x0000007f       0x80 c:/Users/spayr/Documents/eclipseworkspace/MAX32660/I2C_MXC_Accel/build/board.o
 .comment       0x0000007f       0x80 c:/Users/spayr/Documents/eclipseworkspace/MAX32660/I2C_MXC_Accel/build/stdio.o
 .comment       0x0000007f       0x80 c:/Users/spayr/Documents/eclipseworkspace/MAX32660/I2C_MXC_Accel/build/led.o
 .comment       0x0000007f       0x80 c:/Users/spayr/Documents/eclipseworkspace/MAX32660/I2C_MXC_Accel/build/pb.o
 .comment       0x0000007f       0x80 c:/Users/spayr/Documents/eclipseworkspace/MAX32660/I2C_MXC_Accel/build/heap.o
 .comment       0x0000007f       0x80 c:/Users/spayr/Documents/eclipseworkspace/MAX32660/I2C_MXC_Accel/build/system_max32660.o
 .comment       0x0000007f       0x80 c:/Users/spayr/Documents/eclipseworkspace/MAX32660/I2C_MXC_Accel/build/PeriphDriver/PeriphDriver.a(nvic_table.o)
 .comment       0x0000007f       0x80 c:/Users/spayr/Documents/eclipseworkspace/MAX32660/I2C_MXC_Accel/build/PeriphDriver/PeriphDriver.a(uart.o)
 .comment       0x0000007f       0x80 c:/Users/spayr/Documents/eclipseworkspace/MAX32660/I2C_MXC_Accel/build/PeriphDriver/PeriphDriver.a(gpio.o)
 .comment       0x0000007f       0x80 c:/Users/spayr/Documents/eclipseworkspace/MAX32660/I2C_MXC_Accel/build/PeriphDriver/PeriphDriver.a(i2c.o)
 .comment       0x0000007f       0x80 c:/Users/spayr/Documents/eclipseworkspace/MAX32660/I2C_MXC_Accel/build/PeriphDriver/PeriphDriver.a(mxc_delay.o)
 .comment       0x0000007f       0x80 c:/Users/spayr/Documents/eclipseworkspace/MAX32660/I2C_MXC_Accel/build/PeriphDriver/PeriphDriver.a(mxc_lock.o)
 .comment       0x0000007f       0x80 c:/Users/spayr/Documents/eclipseworkspace/MAX32660/I2C_MXC_Accel/build/PeriphDriver/PeriphDriver.a(mxc_sys.o)
 .comment       0x0000007f       0x80 c:/Users/spayr/Documents/eclipseworkspace/MAX32660/I2C_MXC_Accel/build/PeriphDriver/PeriphDriver.a(mxc_pins.o)
 .comment       0x0000007f       0x80 c:/Users/spayr/Documents/eclipseworkspace/MAX32660/I2C_MXC_Accel/build/PeriphDriver/PeriphDriver.a(tmr.o)

.debug_info     0x00000000     0xffae
 .debug_info    0x00000000     0x210b c:/Users/spayr/Documents/eclipseworkspace/MAX32660/I2C_MXC_Accel/build/main.o
 .debug_info    0x0000210b     0x12d0 c:/Users/spayr/Documents/eclipseworkspace/MAX32660/I2C_MXC_Accel/build/i2c_bus.o
 .debug_info    0x000033db     0x11cf c:/Users/spayr/Documents/eclipseworkspace/MAX32660/I2C_MXC_Accel/build/board.o
 .debug_info    0x000045aa      0xfa5 c:/Users/spayr/Documents/eclipseworkspace/MAX32660/I2C_MXC_Accel/build/stdio.o
 .debug_info    0x0000554f      0xbfe c:/Users/spayr/Documents/eclipseworkspace/MAX32660/I2C_MXC_Accel/build/led.o
 .debug_info    0x0000614d      0x8bb c:/Users/spayr/Documents/eclipseworkspace/MAX32660/I2C_MXC_Accel/build/pb.o
 .debug_info    0x00006a08      0x98d c:/Users/spayr/Documents/eclipseworkspace/MAX32660/I2C_MXC_Accel/build/heap.o
 .debug_info    0x00007395     0x1094 c:/Users/spayr/Documents/eclipseworkspace/MAX32660/I2C_MXC_Accel/build/system_max32660.o
 .debug_info    0x00008429     0x1003 c:/Users/spayr/Documents/eclipseworkspace/MAX32660/I2C_MXC_Accel/build/PeriphDriver/PeriphDriver.a(nvic_table.o)
 .debug_info    0x0000942c     0x17be c:/Users/spayr/Documents/eclipseworkspace/MAX32660/I2C_MXC_Accel/build/PeriphDriver/PeriphDriver.a(uart.o)
 .debug_info    0x0000abea      0x8c0 c:/Users/spayr/Documents/eclipseworkspace/MAX32660/I2C_MXC_Accel/build/PeriphDriver/PeriphDriver.a(gpio.o)
 .debug_info    0x0000b4aa     0x1892 c:/Users/spayr/Documents/eclipseworkspace/MAX32660/I2C_MXC_Accel/build/PeriphDriver/PeriphDriver.a(i2c.o)
 .debug_info    0x0000cd3c      0x3f7 c:/Users/spayr/Documents/eclipseworkspace/MAX32660/I2C_MXC_Accel/build/PeriphDriver/PeriphDriver.a(mxc_delay.o)
 .debug_info    0x0000d133      0x37b c:/Users/spayr/Documents/eclipseworkspace/MAX32660/I2C_MXC_Accel/build/PeriphDriver/PeriphDriver.a(mxc_lock.o)
 .debug_info    0x0000d4ae     0x1e8f c:/Users/spayr/Documents/eclipseworkspace/MAX32660/I2C_MXC_Accel/build/PeriphDriver/PeriphDriver.a(mxc_sys.o)
 .debug_info    0x0000f33d      0x2f1 c:/Users/spayr/Documents/eclipseworkspace/MAX32660/I2C_MXC_Accel/build/PeriphDriver/PeriphDriver.a(mxc_pins.o)
 .debug_info    0x0000f62e      0x980 c:/Users/spayr/Documents/eclipseworkspace/MAX32660/I2C_MXC_Accel/build/PeriphDriver/PeriphDriver.a(tmr.o)

.debug_abbrev   0x00000000     0x2af6
 .debug_abbrev  0x00000000      0x3fd c:/Users/spayr/Documents/eclipseworkspace/MAX32660/I2C_MXC_Accel/build/main.o
 .debug_abbrev  0x000003fd      0x2d6 c:/Users/spayr/Documents/eclipseworkspace/MAX32660/I2C_MXC_Accel/build/i2c_bus.o
 .debug_abbrev  0x000006d3      0x2a9 c:/Users/spayr/Documents/eclipseworkspace/MAX32660/I2C_MXC_Accel/build/board.o
 .debug_abbrev  0x0000097c      0x263 c:/Users/spayr/Documents/eclipseworkspace/MAX32660/I2C_MXC_Accel/build/stdio.o
 .debug_abbrev  0x00000bdf      0x259 c:/Users/spayr/Documents/eclipseworkspace/MAX32660/I2C_MXC_Accel/build/led.o
 .debug_abbrev  0x00000e38      0x234 c:/Users/spayr/Documents/eclipseworkspace/MAX32660/I2C_MXC_Accel/build/pb.o
 .debug_abbrev  0x0000106c      0x1fa c:/Users/spayr/Documents/eclipseworkspace/MAX32660/I2C_MXC_Accel/build/heap.o
 .debug_abbrev  0x00001266      0x289 c:/Users/spayr/Documents/eclipseworkspace/MAX32660/I2C_MXC_Accel/build/system_max32660.o
 .debug_abbrev  0x000014ef      0x2b8 c:/Users/spayr/Documents/eclipseworkspace/MAX32660/I2C_MXC_Accel/build/PeriphDriver/PeriphDriver.a(nvic_table.o)
 .debug_abbrev  0x000017a7      0x3d0 c:/Users/spayr/Documents/eclipseworkspace/MAX32660/I2C_MXC_Accel/build/PeriphDriver/PeriphDriver.a(uart.o)
 .debug_abbrev  0x00001b77      0x223 c:/Users/spayr/Documents/eclipseworkspace/MAX32660/I2C_MXC_Accel/build/PeriphDriver/PeriphDriver.a(gpio.o)
 .debug_abbrev  0x00001d9a      0x3d8 c:/Users/spayr/Documents/eclipseworkspace/MAX32660/I2C_MXC_Accel/build/PeriphDriver/PeriphDriver.a(i2c.o)
 .debug_abbrev  0x00002172      0x19b c:/Users/spayr/Documents/eclipseworkspace/MAX32660/I2C_MXC_Accel/build/PeriphDriver/PeriphDriver.a(mxc_delay.o)
 .debug_abbrev  0x0000230d      0x17f c:/Users/spayr/Documents/eclipseworkspace/MAX32660/I2C_MXC_Accel/build/PeriphDriver/PeriphDriver.a(mxc_lock.o)
 .debug_abbrev  0x0000248c      0x3ba c:/Users/spayr/Documents/eclipseworkspace/MAX32660/I2C_MXC_Accel/build/PeriphDriver/PeriphDriver.a(mxc_sys.o)
 .debug_abbrev  0x00002846       0xb6 c:/Users/spayr/Documents/eclipseworkspace/MAX32660/I2C_MXC_Accel/build/PeriphDriver/PeriphDriver.a(mxc_pins.o)
 .debug_abbrev  0x000028fc      0x1fa c:/Users/spayr/Documents/eclipseworkspace/MAX32660/I2C_MXC_Accel/build/PeriphDriver/PeriphDriver.a(tmr.o)

.debug_loc      0x00000000     0x4a27
 .debug_loc     0x00000000      0x7b6 c:/Users/spayr/Documents/eclipseworkspace/MAX32660/I2C_MXC_Accel/build/main.o
 .debug_loc     0x000007b6      0x1d1 c:/Users/spayr/Documents/eclipseworkspace/MAX32660/I2C_MXC_Accel/build/i2c_bus.o
 .debug_loc     0x00000987       0xdb c:/Users/spayr/Documents/eclipseworkspace/MAX32660/I2C_MXC_Accel/build/board.o
 .debug_loc     0x00000a62      0x2e1 c:/Users/spayr/Documents/eclipseworkspace/MAX32660/I2C_MXC_Accel/build/stdio.o
 .debug_loc     0x00000d43      0x11c c:/Users/spayr/Documents/eclipseworkspace/MAX32660/I2C_MXC_Accel/build/led.o
 .debug_loc     0x00000e5f      0x1e2 c:/Users/spayr/Documents/eclipseworkspace/MAX32660/I2C_MXC_Accel/build/pb.o
 .debug_loc     0x00001041       0x63 c:/Users/spayr/Documents/eclipseworkspace/MAX32660/I2C_MXC_Accel/build/heap.o
 .debug_loc     0x000010a4       0x83 c:/Users/spayr/Documents/eclipseworkspace/MAX32660/I2C_MXC_Accel/build/system_max32660.o
 .debug_loc     0x00001127       0x94 c:/Users/spayr/Documents/eclipseworkspace/MAX32660/I2C_MXC_Accel/build/PeriphDriver/PeriphDriver.a(nvic_table.o)
 .debug_loc     0x000011bb      0xcb0 c:/Users/spayr/Documents/eclipseworkspace/MAX32660/I2C_MXC_Accel/build/PeriphDriver/PeriphDriver.a(uart.o)
 .debug_loc     0x00001e6b      0x392 c:/Users/spayr/Documents/eclipseworkspace/MAX32660/I2C_MXC_Accel/build/PeriphDriver/PeriphDriver.a(gpio.o)
 .debug_loc     0x000021fd     0x1400 c:/Users/spayr/Documents/eclipseworkspace/MAX32660/I2C_MXC_Accel/build/PeriphDriver/PeriphDriver.a(i2c.o)
 .debug_loc     0x000035fd      0x182 c:/Users/spayr/Documents/eclipseworkspace/MAX32660/I2C_MXC_Accel/build/PeriphDriver/PeriphDriver.a(mxc_delay.o)
 .debug_loc     0x0000377f       0x73 c:/Users/spayr/Documents/eclipseworkspace/MAX32660/I2C_MXC_Accel/build/PeriphDriver/PeriphDriver.a(mxc_lock.o)
 .debug_loc     0x000037f2      0xc2e c:/Users/spayr/Documents/eclipseworkspace/MAX32660/I2C_MXC_Accel/build/PeriphDriver/PeriphDriver.a(mxc_sys.o)
 .debug_loc     0x00004420      0x607 c:/Users/spayr/Documents/eclipseworkspace/MAX32660/I2C_MXC_Accel/build/PeriphDriver/PeriphDriver.a(tmr.o)

.debug_aranges  0x00000000      0x6b0
 .debug_aranges
                0x00000000       0x88 c:/Users/spayr/Documents/eclipseworkspace/MAX32660/I2C_MXC_Accel/build/main.o
 .debug_aranges
                0x00000088       0x38 c:/Users/spayr/Documents/eclipseworkspace/MAX32660/I2C_MXC_Accel/build/i2c_bus.o
 .debug_aranges
                0x000000c0       0x40 c:/Users/spayr/Documents/eclipseworkspace/MAX32660/I2C_MXC_Accel/build/board.o
 .debug_aranges
                0x00000100       0x50 c:/Users/spayr/Documents/eclipseworkspace/MAX32660/I2C_MXC_Accel/build/stdio.o
 .debug_aranges
                0x00000150       0x38 c:/Users/spayr/Documents/eclipseworkspace/MAX32660/I2C_MXC_Accel/build/led.o
 .debug_aranges
                0x00000188       0x50 c:/Users/spayr/Documents/eclipseworkspace/MAX32660/I2C_MXC_Accel/build/pb.o
 .debug_aranges
                0x000001d8       0x20 c:/Users/spayr/Documents/eclipseworkspace/MAX32660/I2C_MXC_Accel/build/heap.o
 .debug_aranges
                0x000001f8       0x38 c:/Users/spayr/Documents/eclipseworkspace/MAX32660/I2C_MXC_Accel/build/system_max32660.o
 .debug_aranges
                0x00000230       0x30 c:/Users/spayr/Documents/eclipseworkspace/MAX32660/I2C_MXC_Accel/build/PeriphDriver/PeriphDriver.a(nvic_table.o)
 .debug_aranges
                0x00000260       0xc8 c:/Users/spayr/Documents/eclipseworkspace/MAX32660/I2C_MXC_Accel/build/PeriphDriver/PeriphDriver.a(uart.o)
 .debug_aranges
                0x00000328       0x90 c:/Users/spayr/Documents/eclipseworkspace/MAX32660/I2C_MXC_Accel/build/PeriphDriver/PeriphDriver.a(gpio.o)
 .debug_aranges
                0x000003b8       0x98 c:/Users/spayr/Documents/eclipseworkspace/MAX32660/I2C_MXC_Accel/build/PeriphDriver/PeriphDriver.a(i2c.o)
 .debug_aranges
                0x00000450       0x50 c:/Users/spayr/Documents/eclipseworkspace/MAX32660/I2C_MXC_Accel/build/PeriphDriver/PeriphDriver.a(mxc_delay.o)
 .debug_aranges
                0x000004a0       0x28 c:/Users/spayr/Documents/eclipseworkspace/MAX32660/I2C_MXC_Accel/build/PeriphDriver/PeriphDriver.a(mxc_lock.o)
 .debug_aranges
                0x000004c8      0x130 c:/Users/spayr/Documents/eclipseworkspace/MAX32660/I2C_MXC_Accel/build/PeriphDriver/PeriphDriver.a(mxc_sys.o)
 .debug_aranges
                0x000005f8       0x18 c:/Users/spayr/Documents/eclipseworkspace/MAX32660/I2C_MXC_Accel/build/PeriphDriver/PeriphDriver.a(mxc_pins.o)
 .debug_aranges
                0x00000610       0xa0 c:/Users/spayr/Documents/eclipseworkspace/MAX32660/I2C_MXC_Accel/build/PeriphDriver/PeriphDriver.a(tmr.o)

.debug_ranges   0x00000000      0x5e8
 .debug_ranges  0x00000000       0x78 c:/Users/spayr/Documents/eclipseworkspace/MAX32660/I2C_MXC_Accel/build/main.o
 .debug_ranges  0x00000078       0x28 c:/Users/spayr/Documents/eclipseworkspace/MAX32660/I2C_MXC_Accel/build/i2c_bus.o
 .debug_ranges  0x000000a0       0x30 c:/Users/spayr/Documents/eclipseworkspace/MAX32660/I2C_MXC_Accel/build/board.o
 .debug_ranges  0x000000d0       0x40 c:/Users/spayr/Documents/eclipseworkspace/MAX32660/I2C_MXC_Accel/build/stdio.o
 .debug_ranges  0x00000110       0x28 c:/Users/spayr/Documents/eclipseworkspace/MAX32660/I2C_MXC_Accel/build/led.o
 .debug_ranges  0x00000138       0x40 c:/Users/spayr/Documents/eclipseworkspace/MAX32660/I2C_MXC_Accel/build/pb.o
 .debug_ranges  0x00000178       0x10 c:/Users/spayr/Documents/eclipseworkspace/MAX32660/I2C_MXC_Accel/build/heap.o
 .debug_ranges  0x00000188       0x28 c:/Users/spayr/Documents/eclipseworkspace/MAX32660/I2C_MXC_Accel/build/system_max32660.o
 .debug_ranges  0x000001b0       0x20 c:/Users/spayr/Documents/eclipseworkspace/MAX32660/I2C_MXC_Accel/build/PeriphDriver/PeriphDriver.a(nvic_table.o)
 .debug_ranges  0x000001d0       0xb8 c:/Users/spayr/Documents/eclipseworkspace/MAX32660/I2C_MXC_Accel/build/PeriphDriver/PeriphDriver.a(uart.o)
 .debug_ranges  0x00000288       0x80 c:/Users/spayr/Documents/eclipseworkspace/MAX32660/I2C_MXC_Accel/build/PeriphDriver/PeriphDriver.a(gpio.o)
 .debug_ranges  0x00000308       0xd8 c:/Users/spayr/Documents/eclipseworkspace/MAX32660/I2C_MXC_Accel/build/PeriphDriver/PeriphDriver.a(i2c.o)
 .debug_ranges  0x000003e0       0x40 c:/Users/spayr/Documents/eclipseworkspace/MAX32660/I2C_MXC_Accel/build/PeriphDriver/PeriphDriver.a(mxc_delay.o)
 .debug_ranges  0x00000420       0x18 c:/Users/spayr/Documents/eclipseworkspace/MAX32660/I2C_MXC_Accel/build/PeriphDriver/PeriphDriver.a(mxc_lock.o)
 .debug_ranges  0x00000438      0x120 c:/Users/spayr/Documents/eclipseworkspace/MAX32660/I2C_MXC_Accel/build/PeriphDriver/PeriphDriver.a(mxc_sys.o)
 .debug_ranges  0x00000558       0x90 c:/Users/spayr/Documents/eclipseworkspace/MAX32660/I2C_MXC_Accel/build/PeriphDriver/PeriphDriver.a(tmr.o)

.debug_macro    0x00000000     0xbab1
 .debug_macro   0x00000000      0x3d9 c:/Users/spayr/Documents/eclipseworkspace/MAX32660/I2C_MXC_Accel/build/main.o
 .debug_macro   0x000003d9      0x8bc c:/Users/spayr/Documents/eclipseworkspace/MAX32660/I2C_MXC_Accel/build/main.o
 .debug_macro   0x00000c95       0x22 c:/Users/spayr/Documents/eclipseworkspace/MAX32660/I2C_MXC_Accel/build/main.o
 .debug_macro   0x00000cb7       0x52 c:/Users/spayr/Documents/eclipseworkspace/MAX32660/I2C_MXC_Accel/build/main.o
 .debug_macro   0x00000d09       0x8d c:/Users/spayr/Documents/eclipseworkspace/MAX32660/I2C_MXC_Accel/build/main.o
 .debug_macro   0x00000d96       0x35 c:/Users/spayr/Documents/eclipseworkspace/MAX32660/I2C_MXC_Accel/build/main.o
 .debug_macro   0x00000dcb       0x9c c:/Users/spayr/Documents/eclipseworkspace/MAX32660/I2C_MXC_Accel/build/main.o
 .debug_macro   0x00000e67       0x16 c:/Users/spayr/Documents/eclipseworkspace/MAX32660/I2C_MXC_Accel/build/main.o
 .debug_macro   0x00000e7d       0x57 c:/Users/spayr/Documents/eclipseworkspace/MAX32660/I2C_MXC_Accel/build/main.o
 .debug_macro   0x00000ed4       0x97 c:/Users/spayr/Documents/eclipseworkspace/MAX32660/I2C_MXC_Accel/build/main.o
 .debug_macro   0x00000f6b      0x30d c:/Users/spayr/Documents/eclipseworkspace/MAX32660/I2C_MXC_Accel/build/main.o
 .debug_macro   0x00001278       0xfd c:/Users/spayr/Documents/eclipseworkspace/MAX32660/I2C_MXC_Accel/build/main.o
 .debug_macro   0x00001375       0x10 c:/Users/spayr/Documents/eclipseworkspace/MAX32660/I2C_MXC_Accel/build/main.o
 .debug_macro   0x00001385       0x58 c:/Users/spayr/Documents/eclipseworkspace/MAX32660/I2C_MXC_Accel/build/main.o
 .debug_macro   0x000013dd       0x1f c:/Users/spayr/Documents/eclipseworkspace/MAX32660/I2C_MXC_Accel/build/main.o
 .debug_macro   0x000013fc       0x43 c:/Users/spayr/Documents/eclipseworkspace/MAX32660/I2C_MXC_Accel/build/main.o
 .debug_macro   0x0000143f       0x20 c:/Users/spayr/Documents/eclipseworkspace/MAX32660/I2C_MXC_Accel/build/main.o
 .debug_macro   0x0000145f      0x187 c:/Users/spayr/Documents/eclipseworkspace/MAX32660/I2C_MXC_Accel/build/main.o